Archive member included because of file (symbol)

contiki-wismote.a(contiki-wismote)
                              obj_wismote/contiki-wismote-main.o (init_platform)
contiki-wismote.a(button-sensor.o)
                              contiki-wismote.a(contiki-wismote) (button_sensor)
contiki-wismote.a(xmem.o)     obj_wismote/contiki-wismote-main.o (xmem_init)
contiki-wismote.a(sensors.o)  contiki-wismote.a(button-sensor.o) (sensors_changed)
contiki-wismote.a(cc2520.o)   obj_wismote/contiki-wismote-main.o (cc2520_set_channel)
contiki-wismote.a(cc2520-arch.o)
                              contiki-wismote.a(cc2520.o) (cc2520_arch_init)
contiki-wismote.a(uart1.o)    obj_wismote/contiki-wismote-main.o (uart1_active)
contiki-wismote.a(uart1-putchar.o)
                              obj_wismote/contiki-wismote-main.o (putchar)
contiki-wismote.a(msp430.o)   obj_wismote/contiki-wismote-main.o (msp430_cpu_init)
contiki-wismote.a(clock.o)    obj_wismote/contiki-wismote-main.o (clock_init)
contiki-wismote.a(leds.o)     obj_wismote/contiki-wismote-main.o (leds_init)
contiki-wismote.a(leds-arch.o)
                              contiki-wismote.a(leds.o) (leds_arch_init)
contiki-wismote.a(watchdog.o)
                              obj_wismote/contiki-wismote-main.o (watchdog_start)
contiki-wismote.a(rtimer-arch.o)
                              obj_wismote/rpl-tools.o (rtimer_arch_now)
contiki-wismote.a(autostart.o)
                              obj_wismote/contiki-wismote-main.o (autostart_start)
contiki-wismote.a(ctimer.o)   obj_wismote/contiki-wismote-main.o (ctimer_init)
contiki-wismote.a(energest.o)
                              obj_wismote/contiki-wismote-main.o (energest_init)
contiki-wismote.a(etimer.o)   contiki-wismote.a(clock.o) (etimer_request_poll)
contiki-wismote.a(process.o)  contiki-wismote.a(ctimer.o) (process_current)
contiki-wismote.a(rtimer.o)   obj_wismote/contiki-wismote-main.o (rtimer_init)
contiki-wismote.a(timer.o)    contiki-wismote.a(button-sensor.o) (timer_set)
contiki-wismote.a(list.o)     contiki-wismote.a(ctimer.o) (list_init)
contiki-wismote.a(random.o)   obj_wismote/contiki-wismote-main.o (random_init)
contiki-wismote.a(uip-ds6.o)  obj_wismote/rpl-tools.o (uip_ds6_addr_lookup)
contiki-wismote.a(uip-ds6-route.o)
                              contiki-wismote.a(uip-ds6.o) (uip_ds6_route_init)
contiki-wismote.a(uip6.o)     obj_wismote/rpl-tools.o (uip_aligned_buf)
contiki-wismote.a(uip-ds6-nbr.o)
                              contiki-wismote.a(uip-ds6.o) (uip_ds6_neighbors_init)
contiki-wismote.a(uip-nd6.o)  contiki-wismote.a(uip-ds6-nbr.o) (uip_nd6_ns_output)
contiki-wismote.a(sicslowpan.o)
                              obj_wismote/contiki-wismote-main.o (sicslowpan_driver)
contiki-wismote.a(tcpip.o)    contiki-wismote.a(sicslowpan.o) (tcpip_set_outputfunc)
contiki-wismote.a(simple-udp.o)
                              app-any-to-any.co (simple_udp_sendto)
contiki-wismote.a(uip-debug.o)
                              contiki-wismote.a(uip-ds6-route.o) (uip_debug_ipaddr_print)
contiki-wismote.a(rpl-dag.o)  obj_wismote/rpl-tools.o (rpl_set_prefix)
contiki-wismote.a(rpl-timers.o)
                              contiki-wismote.a(rpl-dag.o) (rpl_reset_dio_timer)
contiki-wismote.a(rpl-ext-header.)
                              contiki-wismote.a(uip6.o) (rpl_verify_hbh_header)
contiki-wismote.a(rpl.o)      contiki-wismote.a(rpl-timers.o) (rpl_get_mode)
contiki-wismote.a(rpl-mrhof.o)
                              contiki-wismote.a(rpl-dag.o) (rpl_mrhof)
contiki-wismote.a(rpl-icmp6.o)
                              contiki-wismote.a(rpl-dag.o) (rpl_icmp6_update_nbr_table)
contiki-wismote.a(queuebuf.o)
                              obj_wismote/contiki-wismote-main.o (queuebuf_init)
contiki-wismote.a(nbr-table.o)
                              contiki-wismote.a(uip-ds6-route.o) (nbr_table_register)
contiki-wismote.a(packetbuf.o)
                              contiki-wismote.a(cc2520.o) (packetbuf_set_datalen)
contiki-wismote.a(linkaddr.o)
                              obj_wismote/contiki-wismote-main.o (linkaddr_copy)
contiki-wismote.a(link-stats.o)
                              contiki-wismote.a(rpl-dag.o) (link_stats_from_lladdr)
contiki-wismote.a(framer-802154.o)
                              contiki-wismote.a(sicslowpan.o) (framer_802154)
contiki-wismote.a(frame802154.o)
                              contiki-wismote.a(framer-802154.o) (frame802154_get_pan_id)
contiki-wismote.a(csma.o)     obj_wismote/contiki-wismote-main.o (csma_driver)
contiki-wismote.a(contikimac.o)
                              app-any-to-any.co (contikimac_driver)
contiki-wismote.a(nullsec.o)  contiki-wismote.a(sicslowpan.o) (nullsec_driver)
contiki-wismote.a(spi.o)      contiki-wismote.a(xmem.o) (spi_init)
contiki-wismote.a(stimer.o)   contiki-wismote.a(uip-ds6.o) (stimer_set)
contiki-wismote.a(memb.o)     contiki-wismote.a(uip-ds6-route.o) (memb_init)
contiki-wismote.a(uip-icmp6.o)
[...]
Memory Configuration

Name             Origin             Length             Attributes
sfr              0x0000000000000000 0x0000000000000010
peripheral_8bit  0x0000000000000010 0x00000000000000f0
peripheral_16bit 0x0000000000000100 0x0000000000000100
bsl              0x0000000000001000 0x0000000000000800
infomem          0x0000000000001800 0x0000000000000200
infod            0x0000000000001800 0x0000000000000080
infoc            0x0000000000001880 0x0000000000000080
infob            0x0000000000001900 0x0000000000000080
infoa            0x0000000000001980 0x0000000000000080
ram              0x0000000000001c00 0x0000000000004000 xw
rom              0x0000000000005c00 0x000000000000a380 xr
vectors          0x000000000000ff80 0x0000000000000080
far_rom          0x0000000000010000 0x0000000000035c00
ram2             0x0000000000000000 0x0000000000000000 xw
ram_mirror       0x0000000000000000 0x0000000000000000 xw
usbram           0x0000000000000000 0x0000000000000000 xw
*default*        0x0000000000000000 0xffffffffffffffff

Linker script and memory map

LOAD /opt/compilers/msp430-gcc-4.7.3/bin/../lib/gcc/msp430/4.7.3/mcpu-430x/mmpy-16/msr20/mc20/crt0ivtbl64.o
LOAD app-any-to-any.co
LOAD obj_wismote/simple-energest.o
LOAD obj_wismote/rpl-tools.o
LOAD obj_wismote/node-id.o
LOAD obj_wismote/contiki-wismote-main.o
LOAD contiki-wismote.a
LOAD /opt/compilers/msp430-gcc-4.7.3/bin/../lib/gcc/msp430/4.7.3/mcpu-430x/mmpy-16/msr20/mc20/libgcc.a
LOAD /opt/compilers/msp430-gcc-4.7.3/bin/../lib/gcc/msp430/4.7.3/../../../../msp430/lib/mcpu-430x/mmpy-16/msr20/mc20/libc.a
LOAD /opt/compilers/msp430-gcc-4.7.3/bin/../lib/gcc/msp430/4.7.3/mcpu-430x/mmpy-16/msr20/mc20/libgcc.a
LOAD /opt/compilers/msp430-gcc-4.7.3/bin/../lib/gcc/msp430/4.7.3/mcpu-430x/mmpy-16/msr20/mc20/libcrt0.a
                0x0000000000000080                PROVIDE (__info_segment_size, 0x80)
                0x0000000000001800                PROVIDE (__infod, 0x1800)
                0x0000000000001880                PROVIDE (__infoc, 0x1880)
                0x0000000000001900                PROVIDE (__infob, 0x1900)
                0x0000000000001980                PROVIDE (__infoa, 0x1980)
                0x0000000000000700                __ADC12CTL0_L = 0x700
                0x0000000000000701                __ADC12CTL0_H = 0x701
                0x0000000000000700                __ADC12CTL0 = 0x700
                0x0000000000000702                __ADC12CTL1_L = 0x702
                0x0000000000000703                __ADC12CTL1_H = 0x703
                0x0000000000000702                __ADC12CTL1 = 0x702
                0x0000000000000704                __ADC12CTL2_L = 0x704
                0x0000000000000705                __ADC12CTL2_H = 0x705
                0x0000000000000704                __ADC12CTL2 = 0x704
                0x000000000000070a                __ADC12IFG_L = 0x70a
                0x000000000000070b                __ADC12IFG_H = 0x70b
                0x000000000000070a                __ADC12IFG = 0x70a
                0x000000000000070c                __ADC12IE_L = 0x70c
                0x000000000000070d                __ADC12IE_H = 0x70d
                0x000000000000070c                __ADC12IE = 0x70c
                0x000000000000070e                __ADC12IV_L = 0x70e
                0x000000000000070f                __ADC12IV_H = 0x70f
                0x000000000000070e                __ADC12IV = 0x70e
                0x0000000000000720                __ADC12MEM0_L = 0x720
                0x0000000000000721                __ADC12MEM0_H = 0x721
                0x0000000000000720                __ADC12MEM0 = 0x720
                0x0000000000000722                __ADC12MEM1_L = 0x722
                0x0000000000000723                __ADC12MEM1_H = 0x723
                0x0000000000000722                __ADC12MEM1 = 0x722
                0x0000000000000724                __ADC12MEM2_L = 0x724
                0x0000000000000725                __ADC12MEM2_H = 0x725
                0x0000000000000724                __ADC12MEM2 = 0x724
                0x0000000000000726                __ADC12MEM3_L = 0x726
                0x0000000000000727                __ADC12MEM3_H = 0x727
                0x0000000000000726                __ADC12MEM3 = 0x726
                0x0000000000000728                __ADC12MEM4_L = 0x728
                0x0000000000000729                __ADC12MEM4_H = 0x729
                0x0000000000000728                __ADC12MEM4 = 0x728
                0x000000000000072a                __ADC12MEM5_L = 0x72a
                0x000000000000072b                __ADC12MEM5_H = 0x72b
                0x000000000000072a                __ADC12MEM5 = 0x72a
                0x000000000000072c                __ADC12MEM6_L = 0x72c
                0x000000000000072d                __ADC12MEM6_H = 0x72d
                0x000000000000072c                __ADC12MEM6 = 0x72c
                0x000000000000072e                __ADC12MEM7_L = 0x72e
                0x000000000000072f                __ADC12MEM7_H = 0x72f
                0x000000000000072e                __ADC12MEM7 = 0x72e
                0x0000000000000730                __ADC12MEM8_L = 0x730
                0x0000000000000731                __ADC12MEM8_H = 0x731
                0x0000000000000730                __ADC12MEM8 = 0x730
                0x0000000000000732                __ADC12MEM9_L = 0x732
                0x0000000000000733                __ADC12MEM9_H = 0x733
                0x0000000000000732                __ADC12MEM9 = 0x732
                0x0000000000000734                __ADC12MEM10_L = 0x734
                0x0000000000000735                __ADC12MEM10_H = 0x735
                0x0000000000000734                __ADC12MEM10 = 0x734
                0x0000000000000736                __ADC12MEM11_L = 0x736
                0x0000000000000737                __ADC12MEM11_H = 0x737
                0x0000000000000736                __ADC12MEM11 = 0x736
                0x0000000000000738                __ADC12MEM12_L = 0x738
                0x0000000000000739                __ADC12MEM12_H = 0x739
                0x0000000000000738                __ADC12MEM12 = 0x738
                0x000000000000073a                __ADC12MEM13_L = 0x73a
                0x000000000000073b                __ADC12MEM13_H = 0x73b
                0x000000000000073a                __ADC12MEM13 = 0x73a
                0x000000000000073c                __ADC12MEM14_L = 0x73c
                0x000000000000073d                __ADC12MEM14_H = 0x73d
                0x000000000000073c                __ADC12MEM14 = 0x73c
                0x000000000000073e                __ADC12MEM15_L = 0x73e
                0x000000000000073f                __ADC12MEM15_H = 0x73f
                0x000000000000073e                __ADC12MEM15 = 0x73e
                0x0000000000000710                __ADC12MCTL0 = 0x710
                0x0000000000000711                __ADC12MCTL1 = 0x711
                0x0000000000000712                __ADC12MCTL2 = 0x712
                0x0000000000000713                __ADC12MCTL3 = 0x713
                0x0000000000000714                __ADC12MCTL4 = 0x714
                0x0000000000000715                __ADC12MCTL5 = 0x715
                0x0000000000000716                __ADC12MCTL6 = 0x716
                0x0000000000000717                __ADC12MCTL7 = 0x717
                0x0000000000000718                __ADC12MCTL8 = 0x718
                0x0000000000000719                __ADC12MCTL9 = 0x719
                0x000000000000071a                __ADC12MCTL10 = 0x71a
                0x000000000000071b                __ADC12MCTL11 = 0x71b
                0x000000000000071c                __ADC12MCTL12 = 0x71c
                0x000000000000071d                __ADC12MCTL13 = 0x71d
                0x000000000000071e                __ADC12MCTL14 = 0x71e
                0x000000000000071f                __ADC12MCTL15 = 0x71f
                0x0000000000000150                __CRCDI_L = 0x150
                0x0000000000000151                __CRCDI_H = 0x151
                0x0000000000000150                __CRCDI = 0x150
                0x0000000000000154                __CRCINIRES_L = 0x154
                0x0000000000000155                __CRCINIRES_H = 0x155
                0x0000000000000154                __CRCINIRES = 0x154
                0x0000000000000500                __DMACTL0_L = 0x500
                0x0000000000000501                __DMACTL0_H = 0x501
                0x0000000000000500                __DMACTL0 = 0x500
                0x0000000000000502                __DMACTL1_L = 0x502
                0x0000000000000503                __DMACTL1_H = 0x503
                0x0000000000000502                __DMACTL1 = 0x502
                0x0000000000000504                __DMACTL2_L = 0x504
                0x0000000000000505                __DMACTL2_H = 0x505
                0x0000000000000504                __DMACTL2 = 0x504
                0x0000000000000506                __DMACTL3_L = 0x506
                0x0000000000000507                __DMACTL3_H = 0x507
                0x0000000000000506                __DMACTL3 = 0x506
                0x0000000000000508                __DMACTL4_L = 0x508
                0x0000000000000509                __DMACTL4_H = 0x509
                0x0000000000000508                __DMACTL4 = 0x508
                0x000000000000050e                __DMAIV_L = 0x50e
                0x000000000000050f                __DMAIV_H = 0x50f
                0x000000000000050e                __DMAIV = 0x50e
                0x0000000000000510                __DMA0CTL_L = 0x510
                0x0000000000000511                __DMA0CTL_H = 0x511
                0x0000000000000510                __DMA0CTL = 0x510
                0x0000000000000512                __DMA0SA = 0x512
                0x0000000000000516                __DMA0DA = 0x516
                0x000000000000051a                __DMA0SZ = 0x51a
                0x0000000000000520                __DMA1CTL_L = 0x520
                0x0000000000000521                __DMA1CTL_H = 0x521
                0x0000000000000520                __DMA1CTL = 0x520
                0x0000000000000522                __DMA1SA = 0x522
                0x0000000000000526                __DMA1DA = 0x526
                0x000000000000052a                __DMA1SZ = 0x52a
                0x0000000000000530                __DMA2CTL_L = 0x530
                0x0000000000000531                __DMA2CTL_H = 0x531
                0x0000000000000530                __DMA2CTL = 0x530
                0x0000000000000532                __DMA2SA = 0x532
                0x0000000000000536                __DMA2DA = 0x536
                0x000000000000053a                __DMA2SZ = 0x53a
                0x0000000000000140                __FCTL1_L = 0x140
                0x0000000000000141                __FCTL1_H = 0x141
                0x0000000000000140                __FCTL1 = 0x140
                0x0000000000000144                __FCTL3_L = 0x144
                0x0000000000000145                __FCTL3_H = 0x145
                0x0000000000000144                __FCTL3 = 0x144
                0x0000000000000146                __FCTL4_L = 0x146
                0x0000000000000147                __FCTL4_H = 0x147
                0x0000000000000146                __FCTL4 = 0x146
                0x00000000000004c0                __MPY_L = 0x4c0
                0x00000000000004c1                __MPY_H = 0x4c1
                0x00000000000004c0                __MPY = 0x4c0
                0x00000000000004c2                __MPYS_L = 0x4c2
                0x00000000000004c3                __MPYS_H = 0x4c3
                0x00000000000004c2                __MPYS = 0x4c2
                0x00000000000004c4                __MAC_L = 0x4c4
                0x00000000000004c5                __MAC_H = 0x4c5
                0x00000000000004c4                __MAC = 0x4c4
                0x00000000000004c6                __MACS_L = 0x4c6
                0x00000000000004c7                __MACS_H = 0x4c7
                0x00000000000004c6                __MACS = 0x4c6
                0x00000000000004c8                __OP2_L = 0x4c8
                0x00000000000004c9                __OP2_H = 0x4c9
                0x00000000000004c8                __OP2 = 0x4c8
                0x00000000000004ca                __RESLO_L = 0x4ca
                0x00000000000004cb                __RESLO_H = 0x4cb
                0x00000000000004ca                __RESLO = 0x4ca
                0x00000000000004cc                __RESHI_L = 0x4cc
                0x00000000000004cd                __RESHI_H = 0x4cd
                0x00000000000004cc                __RESHI = 0x4cc
                0x00000000000004ce                __SUMEXT_L = 0x4ce
                0x00000000000004cf                __SUMEXT_H = 0x4cf
                0x00000000000004ce                __SUMEXT = 0x4ce
                0x00000000000004d0                __MPY32L_L = 0x4d0
                0x00000000000004d1                __MPY32L_H = 0x4d1
                0x00000000000004d0                __MPY32L = 0x4d0
                0x00000000000004d2                __MPY32H_L = 0x4d2
                0x00000000000004d3                __MPY32H_H = 0x4d3
                0x00000000000004d2                __MPY32H = 0x4d2
                0x00000000000004d4                __MPYS32L_L = 0x4d4
                0x00000000000004d5                __MPYS32L_H = 0x4d5
                0x00000000000004d4                __MPYS32L = 0x4d4
                0x00000000000004d6                __MPYS32H_L = 0x4d6
                0x00000000000004d7                __MPYS32H_H = 0x4d7
                0x00000000000004d6                __MPYS32H = 0x4d6
                0x00000000000004d8                __MAC32L_L = 0x4d8
                0x00000000000004d9                __MAC32L_H = 0x4d9
                0x00000000000004d8                __MAC32L = 0x4d8
                0x00000000000004da                __MAC32H_L = 0x4da
                0x00000000000004db                __MAC32H_H = 0x4db
                0x00000000000004da                __MAC32H = 0x4da
                0x00000000000004dc                __MACS32L_L = 0x4dc
                0x00000000000004dd                __MACS32L_H = 0x4dd
                0x00000000000004dc                __MACS32L = 0x4dc
                0x00000000000004de                __MACS32H_L = 0x4de
                0x00000000000004df                __MACS32H_H = 0x4df
                0x00000000000004de                __MACS32H = 0x4de
                0x00000000000004e0                __OP2L_L = 0x4e0
                0x00000000000004e1                __OP2L_H = 0x4e1
                0x00000000000004e0                __OP2L = 0x4e0
                0x00000000000004e2                __OP2H_L = 0x4e2
                0x00000000000004e3                __OP2H_H = 0x4e3
                0x00000000000004e2                __OP2H = 0x4e2
                0x00000000000004e4                __RES0_L = 0x4e4
                0x00000000000004e5                __RES0_H = 0x4e5
                0x00000000000004e4                __RES0 = 0x4e4
                0x00000000000004e6                __RES1_L = 0x4e6
                0x00000000000004e7                __RES1_H = 0x4e7
                0x00000000000004e6                __RES1 = 0x4e6
                0x00000000000004e8                __RES2_L = 0x4e8
                0x00000000000004e9                __RES2_H = 0x4e9
                0x00000000000004e8                __RES2 = 0x4e8
                0x00000000000004ea                __RES3_L = 0x4ea
                0x00000000000004eb                __RES3_H = 0x4eb
                0x00000000000004ea                __RES3 = 0x4ea
                0x00000000000004ec                __MPY32CTL0_L = 0x4ec
                0x00000000000004ed                __MPY32CTL0_H = 0x4ed
                0x00000000000004ec                __MPY32CTL0 = 0x4ec
                0x0000000000000200                __PAIN_L = 0x200
                0x0000000000000201                __PAIN_H = 0x201
                0x0000000000000200                __PAIN = 0x200
                0x0000000000000202                __PAOUT_L = 0x202
                0x0000000000000203                __PAOUT_H = 0x203
                0x0000000000000202                __PAOUT = 0x202
                0x0000000000000204                __PADIR_L = 0x204
                0x0000000000000205                __PADIR_H = 0x205
                0x0000000000000204                __PADIR = 0x204
                0x0000000000000206                __PAREN_L = 0x206
                0x0000000000000207                __PAREN_H = 0x207
                0x0000000000000206                __PAREN = 0x206
                0x0000000000000208                __PADS_L = 0x208
                0x0000000000000209                __PADS_H = 0x209
                0x0000000000000208                __PADS = 0x208
                0x000000000000020a                __PASEL_L = 0x20a
                0x000000000000020b                __PASEL_H = 0x20b
                0x000000000000020a                __PASEL = 0x20a
                0x0000000000000218                __PAIES_L = 0x218
                0x0000000000000219                __PAIES_H = 0x219
                0x0000000000000218                __PAIES = 0x218
                0x000000000000021a                __PAIE_L = 0x21a
                0x000000000000021b                __PAIE_H = 0x21b
                0x000000000000021a                __PAIE = 0x21a
                0x000000000000021c                __PAIFG_L = 0x21c
                0x000000000000021d                __PAIFG_H = 0x21d
                0x000000000000021c                __PAIFG = 0x21c
                0x000000000000020e                __P1IV = 0x20e
                0x000000000000021e                __P2IV = 0x21e
                0x0000000000000220                __PBIN_L = 0x220
                0x0000000000000221                __PBIN_H = 0x221
                0x0000000000000220                __PBIN = 0x220
                0x0000000000000222                __PBOUT_L = 0x222
                0x0000000000000223                __PBOUT_H = 0x223
                0x0000000000000222                __PBOUT = 0x222
                0x0000000000000224                __PBDIR_L = 0x224
                0x0000000000000225                __PBDIR_H = 0x225
                0x0000000000000224                __PBDIR = 0x224
                0x0000000000000226                __PBREN_L = 0x226
                0x0000000000000227                __PBREN_H = 0x227
                0x0000000000000226                __PBREN = 0x226
                0x0000000000000228                __PBDS_L = 0x228
                0x0000000000000229                __PBDS_H = 0x229
                0x0000000000000228                __PBDS = 0x228
                0x000000000000022a                __PBSEL_L = 0x22a
                0x000000000000022b                __PBSEL_H = 0x22b
                0x000000000000022a                __PBSEL = 0x22a
                0x0000000000000240                __PCIN_L = 0x240
                0x0000000000000241                __PCIN_H = 0x241
                0x0000000000000240                __PCIN = 0x240
                0x0000000000000242                __PCOUT_L = 0x242
                0x0000000000000243                __PCOUT_H = 0x243
                0x0000000000000242                __PCOUT = 0x242
                0x0000000000000244                __PCDIR_L = 0x244
                0x0000000000000245                __PCDIR_H = 0x245
                0x0000000000000244                __PCDIR = 0x244
                0x0000000000000246                __PCREN_L = 0x246
                0x0000000000000247                __PCREN_H = 0x247
                0x0000000000000246                __PCREN = 0x246
                0x0000000000000248                __PCDS_L = 0x248
                0x0000000000000249                __PCDS_H = 0x249
                0x0000000000000248                __PCDS = 0x248
                0x000000000000024a                __PCSEL_L = 0x24a
                0x000000000000024b                __PCSEL_H = 0x24b
                0x000000000000024a                __PCSEL = 0x24a
                0x0000000000000260                __PDIN_L = 0x260
                0x0000000000000261                __PDIN_H = 0x261
                0x0000000000000260                __PDIN = 0x260
                0x0000000000000262                __PDOUT_L = 0x262
                0x0000000000000263                __PDOUT_H = 0x263
                0x0000000000000262                __PDOUT = 0x262
                0x0000000000000264                __PDDIR_L = 0x264
                0x0000000000000265                __PDDIR_H = 0x265
                0x0000000000000264                __PDDIR = 0x264
                0x0000000000000266                __PDREN_L = 0x266
                0x0000000000000267                __PDREN_H = 0x267
                0x0000000000000266                __PDREN = 0x266
                0x0000000000000268                __PDDS_L = 0x268
                0x0000000000000269                __PDDS_H = 0x269
                0x0000000000000268                __PDDS = 0x268
                0x000000000000026a                __PDSEL_L = 0x26a
                0x000000000000026b                __PDSEL_H = 0x26b
                0x000000000000026a                __PDSEL = 0x26a
                0x0000000000000280                __PEIN_L = 0x280
                0x0000000000000281                __PEIN_H = 0x281
                0x0000000000000280                __PEIN = 0x280
                0x0000000000000282                __PEOUT_L = 0x282
                0x0000000000000283                __PEOUT_H = 0x283
                0x0000000000000282                __PEOUT = 0x282
                0x0000000000000284                __PEDIR_L = 0x284
                0x0000000000000285                __PEDIR_H = 0x285
                0x0000000000000284                __PEDIR = 0x284
                0x0000000000000286                __PEREN_L = 0x286
                0x0000000000000287                __PEREN_H = 0x287
                0x0000000000000286                __PEREN = 0x286
                0x0000000000000288                __PEDS_L = 0x288
                0x0000000000000289                __PEDS_H = 0x289
                0x0000000000000288                __PEDS = 0x288
                0x000000000000028a                __PESEL_L = 0x28a
                0x000000000000028b                __PESEL_H = 0x28b
                0x000000000000028a                __PESEL = 0x28a
                0x00000000000002a0                __PFIN_L = 0x2a0
                0x00000000000002a1                __PFIN_H = 0x2a1
                0x00000000000002a0                __PFIN = 0x2a0
                0x00000000000002a2                __PFOUT_L = 0x2a2
                0x00000000000002a3                __PFOUT_H = 0x2a3
                0x00000000000002a2                __PFOUT = 0x2a2
                0x00000000000002a4                __PFDIR_L = 0x2a4
                0x00000000000002a5                __PFDIR_H = 0x2a5
                0x00000000000002a4                __PFDIR = 0x2a4
                0x00000000000002a6                __PFREN_L = 0x2a6
                0x00000000000002a7                __PFREN_H = 0x2a7
                0x00000000000002a6                __PFREN = 0x2a6
                0x00000000000002a8                __PFDS_L = 0x2a8
                0x00000000000002a9                __PFDS_H = 0x2a9
                0x00000000000002a8                __PFDS = 0x2a8
                0x00000000000002aa                __PFSEL_L = 0x2aa
                0x00000000000002ab                __PFSEL_H = 0x2ab
                0x00000000000002aa                __PFSEL = 0x2aa
                0x0000000000000320                __PJIN_L = 0x320
                0x0000000000000321                __PJIN_H = 0x321
                0x0000000000000320                __PJIN = 0x320
                0x0000000000000322                __PJOUT_L = 0x322
                0x0000000000000323                __PJOUT_H = 0x323
                0x0000000000000322                __PJOUT = 0x322
                0x0000000000000324                __PJDIR_L = 0x324
                0x0000000000000325                __PJDIR_H = 0x325
                0x0000000000000324                __PJDIR = 0x324
                0x0000000000000326                __PJREN_L = 0x326
                0x0000000000000327                __PJREN_H = 0x327
                0x0000000000000326                __PJREN = 0x326
                0x0000000000000328                __PJDS_L = 0x328
                0x0000000000000329                __PJDS_H = 0x329
                0x0000000000000328                __PJDS = 0x328
                0x0000000000000120                __PMMCTL0_L = 0x120
                0x0000000000000121                __PMMCTL0_H = 0x121
                0x0000000000000120                __PMMCTL0 = 0x120
                0x0000000000000122                __PMMCTL1_L = 0x122
                0x0000000000000123                __PMMCTL1_H = 0x123
                0x0000000000000122                __PMMCTL1 = 0x122
                0x0000000000000124                __SVSMHCTL_L = 0x124
                0x0000000000000125                __SVSMHCTL_H = 0x125
                0x0000000000000124                __SVSMHCTL = 0x124
                0x0000000000000126                __SVSMLCTL_L = 0x126
                0x0000000000000127                __SVSMLCTL_H = 0x127
                0x0000000000000126                __SVSMLCTL = 0x126
                0x0000000000000128                __SVSMIO_L = 0x128
                0x0000000000000129                __SVSMIO_H = 0x129
                0x0000000000000128                __SVSMIO = 0x128
                0x000000000000012c                __PMMIFG_L = 0x12c
                0x000000000000012d                __PMMIFG_H = 0x12d
                0x000000000000012c                __PMMIFG = 0x12c
                0x000000000000012e                __PMMRIE_L = 0x12e
                0x000000000000012f                __PMMRIE_H = 0x12f
                0x000000000000012e                __PMMRIE = 0x12e
                0x0000000000000158                __RCCTL0_L = 0x158
                0x0000000000000159                __RCCTL0_H = 0x159
                0x0000000000000158                __RCCTL0 = 0x158
                0x00000000000004a0                __RTCCTL01_L = 0x4a0
                0x00000000000004a1                __RTCCTL01_H = 0x4a1
                0x00000000000004a0                __RTCCTL01 = 0x4a0
                0x00000000000004a2                __RTCCTL23_L = 0x4a2
                0x00000000000004a3                __RTCCTL23_H = 0x4a3
                0x00000000000004a2                __RTCCTL23 = 0x4a2
                0x00000000000004a8                __RTCPS0CTL_L = 0x4a8
                0x00000000000004a9                __RTCPS0CTL_H = 0x4a9
                0x00000000000004a8                __RTCPS0CTL = 0x4a8
                0x00000000000004aa                __RTCPS1CTL_L = 0x4aa
                0x00000000000004ab                __RTCPS1CTL_H = 0x4ab
                0x00000000000004aa                __RTCPS1CTL = 0x4aa
                0x00000000000004ac                __RTCPS_L = 0x4ac
                0x00000000000004ad                __RTCPS_H = 0x4ad
                0x00000000000004ac                __RTCPS = 0x4ac
                0x00000000000004ae                __RTCIV = 0x4ae
                0x00000000000004b0                __RTCTIM0_L = 0x4b0
                0x00000000000004b1                __RTCTIM0_H = 0x4b1
                0x00000000000004b0                __RTCTIM0 = 0x4b0
                0x00000000000004b2                __RTCTIM1_L = 0x4b2
                0x00000000000004b3                __RTCTIM1_H = 0x4b3
                0x00000000000004b2                __RTCTIM1 = 0x4b2
                0x00000000000004b4                __RTCDATE_L = 0x4b4
                0x00000000000004b5                __RTCDATE_H = 0x4b5
                0x00000000000004b4                __RTCDATE = 0x4b4
                0x00000000000004b6                __RTCYEAR_L = 0x4b6
                0x00000000000004b7                __RTCYEAR_H = 0x4b7
                0x00000000000004b6                __RTCYEAR = 0x4b6
                0x00000000000004b8                __RTCAMINHR_L = 0x4b8
                0x00000000000004b9                __RTCAMINHR_H = 0x4b9
                0x00000000000004b8                __RTCAMINHR = 0x4b8
                0x00000000000004ba                __RTCADOWDAY_L = 0x4ba
                0x00000000000004bb                __RTCADOWDAY_H = 0x4bb
                0x00000000000004ba                __RTCADOWDAY = 0x4ba
                0x0000000000000100                __SFRIE1_L = 0x100
                0x0000000000000101                __SFRIE1_H = 0x101
                0x0000000000000100                __SFRIE1 = 0x100
                0x0000000000000102                __SFRIFG1_L = 0x102
                0x0000000000000103                __SFRIFG1_H = 0x103
                0x0000000000000102                __SFRIFG1 = 0x102
                0x0000000000000104                __SFRRPCR_L = 0x104
                0x0000000000000105                __SFRRPCR_H = 0x105
                0x0000000000000104                __SFRRPCR = 0x104
                0x0000000000000180                __SYSCTL_L = 0x180
                0x0000000000000181                __SYSCTL_H = 0x181
                0x0000000000000180                __SYSCTL = 0x180
                0x0000000000000182                __SYSBSLC_L = 0x182
                0x0000000000000183                __SYSBSLC_H = 0x183
                0x0000000000000182                __SYSBSLC = 0x182
                0x0000000000000186                __SYSJMBC_L = 0x186
                0x0000000000000187                __SYSJMBC_H = 0x187
                0x0000000000000186                __SYSJMBC = 0x186
                0x0000000000000188                __SYSJMBI0_L = 0x188
                0x0000000000000189                __SYSJMBI0_H = 0x189
                0x0000000000000188                __SYSJMBI0 = 0x188
                0x000000000000018a                __SYSJMBI1_L = 0x18a
                0x000000000000018b                __SYSJMBI1_H = 0x18b
                0x000000000000018a                __SYSJMBI1 = 0x18a
                0x000000000000018c                __SYSJMBO0_L = 0x18c
                0x000000000000018d                __SYSJMBO0_H = 0x18d
                0x000000000000018c                __SYSJMBO0 = 0x18c
                0x000000000000018e                __SYSJMBO1_L = 0x18e
                0x000000000000018f                __SYSJMBO1_H = 0x18f
                0x000000000000018e                __SYSJMBO1 = 0x18e
                0x000000000000019a                __SYSUNIV_L = 0x19a
                0x000000000000019b                __SYSUNIV_H = 0x19b
                0x000000000000019a                __SYSUNIV = 0x19a
                0x000000000000019c                __SYSSNIV_L = 0x19c
                0x000000000000019d                __SYSSNIV_H = 0x19d
                0x000000000000019c                __SYSSNIV = 0x19c
                0x000000000000019e                __SYSRSTIV_L = 0x19e
                0x000000000000019f                __SYSRSTIV_H = 0x19f
                0x000000000000019e                __SYSRSTIV = 0x19e
                0x0000000000000340                __TA0CTL = 0x340
                0x0000000000000342                __TA0CCTL0 = 0x342
                0x0000000000000344                __TA0CCTL1 = 0x344
                0x0000000000000346                __TA0CCTL2 = 0x346
                0x0000000000000348                __TA0CCTL3 = 0x348
                0x000000000000034a                __TA0CCTL4 = 0x34a
                0x0000000000000350                __TA0R = 0x350
                0x0000000000000352                __TA0CCR0 = 0x352
                0x0000000000000354                __TA0CCR1 = 0x354
                0x0000000000000356                __TA0CCR2 = 0x356
                0x0000000000000358                __TA0CCR3 = 0x358
                0x000000000000035a                __TA0CCR4 = 0x35a
                0x000000000000036e                __TA0IV = 0x36e
                0x0000000000000360                __TA0EX0 = 0x360
                0x0000000000000380                __TA1CTL = 0x380
                0x0000000000000382                __TA1CCTL0 = 0x382
                0x0000000000000384                __TA1CCTL1 = 0x384
                0x0000000000000386                __TA1CCTL2 = 0x386
                0x0000000000000390                __TA1R = 0x390
                0x0000000000000392                __TA1CCR0 = 0x392
                0x0000000000000394                __TA1CCR1 = 0x394
                0x0000000000000396                __TA1CCR2 = 0x396
                0x00000000000003ae                __TA1IV = 0x3ae
                0x00000000000003a0                __TA1EX0 = 0x3a0
                0x00000000000003c0                __TB0CTL = 0x3c0
                0x00000000000003c2                __TB0CCTL0 = 0x3c2
                0x00000000000003c4                __TB0CCTL1 = 0x3c4
                0x00000000000003c6                __TB0CCTL2 = 0x3c6
                0x00000000000003c8                __TB0CCTL3 = 0x3c8
                0x00000000000003ca                __TB0CCTL4 = 0x3ca
                0x00000000000003cc                __TB0CCTL5 = 0x3cc
                0x00000000000003ce                __TB0CCTL6 = 0x3ce
                0x00000000000003d0                __TB0R = 0x3d0
                0x00000000000003d2                __TB0CCR0 = 0x3d2
                0x00000000000003d4                __TB0CCR1 = 0x3d4
                0x00000000000003d6                __TB0CCR2 = 0x3d6
                0x00000000000003d8                __TB0CCR3 = 0x3d8
                0x00000000000003da                __TB0CCR4 = 0x3da
                0x00000000000003dc                __TB0CCR5 = 0x3dc
                0x00000000000003de                __TB0CCR6 = 0x3de
                0x00000000000003e0                __TB0EX0 = 0x3e0
                0x00000000000003ee                __TB0IV = 0x3ee
                0x0000000000000160                __UCSCTL0_L = 0x160
                0x0000000000000161                __UCSCTL0_H = 0x161
                0x0000000000000160                __UCSCTL0 = 0x160
                0x0000000000000162                __UCSCTL1_L = 0x162
                0x0000000000000163                __UCSCTL1_H = 0x163
                0x0000000000000162                __UCSCTL1 = 0x162
                0x0000000000000164                __UCSCTL2_L = 0x164
                0x0000000000000165                __UCSCTL2_H = 0x165
                0x0000000000000164                __UCSCTL2 = 0x164
                0x0000000000000166                __UCSCTL3_L = 0x166
                0x0000000000000167                __UCSCTL3_H = 0x167
                0x0000000000000166                __UCSCTL3 = 0x166
                0x0000000000000168                __UCSCTL4_L = 0x168
                0x0000000000000169                __UCSCTL4_H = 0x169
                0x0000000000000168                __UCSCTL4 = 0x168
                0x000000000000016a                __UCSCTL5_L = 0x16a
                0x000000000000016b                __UCSCTL5_H = 0x16b
                0x000000000000016a                __UCSCTL5 = 0x16a
                0x000000000000016c                __UCSCTL6_L = 0x16c
                0x000000000000016d                __UCSCTL6_H = 0x16d
                0x000000000000016c                __UCSCTL6 = 0x16c
                0x000000000000016e                __UCSCTL7_L = 0x16e
                0x000000000000016f                __UCSCTL7_H = 0x16f
                0x000000000000016e                __UCSCTL7 = 0x16e
                0x0000000000000170                __UCSCTL8_L = 0x170
                0x0000000000000171                __UCSCTL8_H = 0x171
                0x0000000000000170                __UCSCTL8 = 0x170
                0x00000000000005c0                __UCA0CTLW0_L = 0x5c0
                0x00000000000005c1                __UCA0CTLW0_H = 0x5c1
                0x00000000000005c0                __UCA0CTLW0 = 0x5c0
                0x00000000000005c6                __UCA0BRW_L = 0x5c6
                0x00000000000005c7                __UCA0BRW_H = 0x5c7
                0x00000000000005c6                __UCA0BRW = 0x5c6
                0x00000000000005c8                __UCA0MCTL = 0x5c8
                0x00000000000005ca                __UCA0STAT = 0x5ca
                0x00000000000005cc                __UCA0RXBUF = 0x5cc
                0x00000000000005ce                __UCA0TXBUF = 0x5ce
                0x00000000000005d0                __UCA0ABCTL = 0x5d0
                0x00000000000005d2                __UCA0IRCTL_L = 0x5d2
                0x00000000000005d3                __UCA0IRCTL_H = 0x5d3
                0x00000000000005d2                __UCA0IRCTL = 0x5d2
                0x00000000000005dc                __UCA0ICTL_L = 0x5dc
                0x00000000000005dd                __UCA0ICTL_H = 0x5dd
                0x00000000000005dc                __UCA0ICTL = 0x5dc
                0x00000000000005de                __UCA0IV = 0x5de
                0x00000000000005e0                __UCB0CTLW0_L = 0x5e0
                0x00000000000005e1                __UCB0CTLW0_H = 0x5e1
                0x00000000000005e0                __UCB0CTLW0 = 0x5e0
                0x00000000000005e6                __UCB0BRW_L = 0x5e6
                0x00000000000005e7                __UCB0BRW_H = 0x5e7
                0x00000000000005e6                __UCB0BRW = 0x5e6
                0x00000000000005ea                __UCB0STAT = 0x5ea
                0x00000000000005ec                __UCB0RXBUF = 0x5ec
                0x00000000000005ee                __UCB0TXBUF = 0x5ee
                0x00000000000005f0                __UCB0I2COA_L = 0x5f0
                0x00000000000005f1                __UCB0I2COA_H = 0x5f1
                0x00000000000005f0                __UCB0I2COA = 0x5f0
                0x00000000000005f2                __UCB0I2CSA_L = 0x5f2
                0x00000000000005f3                __UCB0I2CSA_H = 0x5f3
                0x00000000000005f2                __UCB0I2CSA = 0x5f2
                0x00000000000005fc                __UCB0ICTL_L = 0x5fc
                0x00000000000005fd                __UCB0ICTL_H = 0x5fd
                0x00000000000005fc                __UCB0ICTL = 0x5fc
                0x00000000000005fe                __UCB0IV = 0x5fe
                0x0000000000000600                __UCA1CTLW0_L = 0x600
                0x0000000000000601                __UCA1CTLW0_H = 0x601
                0x0000000000000600                __UCA1CTLW0 = 0x600
                0x0000000000000606                __UCA1BRW_L = 0x606
                0x0000000000000607                __UCA1BRW_H = 0x607
                0x0000000000000606                __UCA1BRW = 0x606
                0x0000000000000608                __UCA1MCTL = 0x608
                0x000000000000060a                __UCA1STAT = 0x60a
                0x000000000000060c                __UCA1RXBUF = 0x60c
                0x000000000000060e                __UCA1TXBUF = 0x60e
                0x0000000000000610                __UCA1ABCTL = 0x610
                0x0000000000000612                __UCA1IRCTL_L = 0x612
                0x0000000000000613                __UCA1IRCTL_H = 0x613
                0x0000000000000612                __UCA1IRCTL = 0x612
                0x000000000000061c                __UCA1ICTL_L = 0x61c
                0x000000000000061d                __UCA1ICTL_H = 0x61d
                0x000000000000061c                __UCA1ICTL = 0x61c
                0x000000000000061e                __UCA1IV = 0x61e
                0x0000000000000620                __UCB1CTLW0_L = 0x620
                0x0000000000000621                __UCB1CTLW0_H = 0x621
                0x0000000000000620                __UCB1CTLW0 = 0x620
                0x0000000000000626                __UCB1BRW_L = 0x626
                0x0000000000000627                __UCB1BRW_H = 0x627
                0x0000000000000626                __UCB1BRW = 0x626
                0x000000000000062a                __UCB1STAT = 0x62a
                0x000000000000062c                __UCB1RXBUF = 0x62c
                0x000000000000062e                __UCB1TXBUF = 0x62e
                0x0000000000000630                __UCB1I2COA_L = 0x630
                0x0000000000000631                __UCB1I2COA_H = 0x631
                0x0000000000000630                __UCB1I2COA = 0x630
                0x0000000000000632                __UCB1I2CSA_L = 0x632
                0x0000000000000633                __UCB1I2CSA_H = 0x633
                0x0000000000000632                __UCB1I2CSA = 0x632
                0x000000000000063c                __UCB1ICTL_L = 0x63c
                0x000000000000063d                __UCB1ICTL_H = 0x63d
                0x000000000000063c                __UCB1ICTL = 0x63c
                0x000000000000063e                __UCB1IV = 0x63e
                0x000000000000015c                __WDTCTL_L = 0x15c
                0x000000000000015d                __WDTCTL_H = 0x15d
                0x000000000000015c                __WDTCTL = 0x15c

.hash
 *(.hash)

.dynsym
 *(.dynsym)

.dynstr
 *(.dynstr)

.gnu.version
 *(.gnu.version)

.gnu.version_d
 *(.gnu.version_d)

.gnu.version_r
 *(.gnu.version_r)

.rel.init
 *(.rel.init)

.rela.init
 *(.rela.init)

.rel.fini
 *(.rel.fini)

.rela.fini
 *(.rela.fini)

.rel.text
 *(.rel.text .rel.text.* .rel.gnu.linkonce.t.*)

.rela.text
 *(.rela.text .rela.text.* .rela.gnu.linkonce.t.*)

.rel.rodata
 *(.rel.rodata .rel.rodata.* .rel.gnu.linkonce.r.*)

.rela.rodata
 *(.rela.rodata .rela.rodata.* .rela.gnu.linkonce.r.*)

.rel.data
 *(.rel.data .rel.data.* .rel.gnu.linkonce.d.*)

.rela.data
 *(.rela.data .rela.data.* .rela.gnu.linkonce.d.*)

.rel.bss
 *(.rel.bss .rel.bss.* .rel.gnu.linkonce.b.*)

.rela.bss
 *(.rela.bss .rela.bss.* .rela.gnu.linkonce.b.*)

.rel.ctors
 *(.rel.ctors)

.rela.ctors
 *(.rela.ctors)

.rel.dtors
 *(.rel.dtors)

.rela.dtors
 *(.rela.dtors)

.rel.got
 *(.rel.got)

.rela.got
 *(.rela.got)

.rel.plt
 *(.rel.plt)

.rela.plt
 *(.rela.plt)

.text           0x0000000000005c00     0x9c08
                0x0000000000005c00                . = ALIGN (0x2)
 *(.init .init.*)
 *(.init0)
 .init0         0x0000000000005c00        0x0 /opt/compilers/msp430-gcc-4.7.3/bin/../lib/gcc/msp430/4.7.3/mcpu-430x/mmpy-16/msr20/mc20/libcrt0.a(_reset_vector__.o)
                0x0000000000005c00                _reset_vector__
 *(.init1)
 .init1         0x0000000000005c00        0xc /opt/compilers/msp430-gcc-4.7.3/bin/../lib/gcc/msp430/4.7.3/mcpu-430x/mmpy-16/msr20/mc20/libcrt0.a(__watchdog_support.o)
                0x0000000000005c00                __watchdog_support
 *(.init2)
 .init2         0x0000000000005c0c        0x4 /opt/compilers/msp430-gcc-4.7.3/bin/../lib/gcc/msp430/4.7.3/mcpu-430x/mmpy-16/msr20/mc20/libcrt0.a(__init_stack.o)
                0x0000000000005c0c                __init_stack
 *(.init3)
 .init3         0x0000000000005c10        0x0 /opt/compilers/msp430-gcc-4.7.3/bin/../lib/gcc/msp430/4.7.3/mcpu-430x/mmpy-16/msr20/mc20/libcrt0.a(__low_level_init.o)
                0x0000000000005c10                __low_level_init
 *(.init4)
 .init4         0x0000000000005c10       0x18 /opt/compilers/msp430-gcc-4.7.3/bin/../lib/gcc/msp430/4.7.3/mcpu-430x/mmpy-16/msr20/mc20/libcrt0.a(_copy_data.o)
                0x0000000000005c10                __do_copy_data
 .init4         0x0000000000005c28       0x16 /opt/compilers/msp430-gcc-4.7.3/bin/../lib/gcc/msp430/4.7.3/mcpu-430x/mmpy-16/msr20/mc20/libcrt0.a(_clear_bss.o)
                0x0000000000005c28                __do_clear_bss
 *(.init5)
 *(.init6)
 *(.init7)
 *(.init8)
 *(.init9)
 .init9         0x0000000000005c3e      0x31e obj_wismote/contiki-wismote-main.o
                0x0000000000005c3e                main
 *(.fini9)
 .fini9         0x0000000000005f5c        0x0 /opt/compilers/msp430-gcc-4.7.3/bin/../lib/gcc/msp430/4.7.3/mcpu-430x/mmpy-16/msr20/mc20/libcrt0.a(__stop_progExec__.o)
                0x0000000000005f5c                __stop_progExec__
 *(.fini8)
 *(.fini7)
 *(.fini6)
 *(.fini5)
 *(.fini4)
 *(.fini3)
 *(.fini2)
 *(.fini1)
 *(.fini0)
 .fini0         0x0000000000005f5c        0x6 /opt/compilers/msp430-gcc-4.7.3/bin/../lib/gcc/msp430/4.7.3/mcpu-430x/mmpy-16/msr20/mc20/libcrt0.a(_endless_loop__.o)
                0x0000000000005f5c                _endless_loop__
 *(.fini .fini.*)
                0x0000000000005f62                . = ALIGN (0x2)
                0x0000000000005f62                __ctors_start = .
 *(.ctors)
                0x0000000000005f62                __ctors_end = .
                0x0000000000005f62                __dtors_start = .
 *(.dtors)
                0x0000000000005f62                __dtors_end = .
                0x0000000000005f62                . = ALIGN (0x2)
 *(.text .text.* .gnu.linkonce.t.*)
 .text          0x0000000000005f62        0x4 /opt/compilers/msp430-gcc-4.7.3/bin/../lib/gcc/msp430/4.7.3/mcpu-430x/mmpy-16/msr20/mc20/crt0ivtbl64.o
                0x0000000000005f62                __isr_37
                0x0000000000005f62                __isr_51
                0x0000000000005f62                __isr_57
                0x0000000000005f62                __isr_33
                0x0000000000005f62                __isr_32
                0x0000000000005f62                __isr_54
                0x0000000000005f62                __isr_59
                0x0000000000005f62                __isr_39
                0x0000000000005f62                __isr_53
                0x0000000000005f62                __isr_41
                0x0000000000005f62                __isr_60
                0x0000000000005f62                __isr_36
                0x0000000000005f62                __isr_34
                0x0000000000005f62                __isr_44
                0x0000000000005f62                __isr_61
                0x0000000000005f62                __isr_55
                0x0000000000005f62                __isr_43
                0x0000000000005f62                __isr_50
                0x0000000000005f62                __isr_56
                0x0000000000005f62                __isr_38
                0x0000000000005f62                __isr_35
                0x0000000000005f62                __isr_45
                0x0000000000005f62                __isr_62
                0x0000000000005f62                __isr_52
                0x0000000000005f62                __isr_40
 .text.libgcc   0x0000000000005f66       0x22 /opt/compilers/msp430-gcc-4.7.3/bin/../lib/gcc/msp430/4.7.3/mcpu-430x/mmpy-16/msr20/mc20/libgcc.a(_udivmod16.o)
                0x0000000000005f66                __udivhi3
                0x0000000000005f66                __ext_udivmod16
                0x0000000000005f80                __umodhi3
 .text.libgcc   0x0000000000005f88       0x3a /opt/compilers/msp430-gcc-4.7.3/bin/../lib/gcc/msp430/4.7.3/mcpu-430x/mmpy-16/msr20/mc20/libgcc.a(_divmod16.o)
                0x0000000000005f88                __ext_divmod16
                0x0000000000005f88                __divhi3
                0x0000000000005fba                __modhi3
 .text.libgcc   0x0000000000005fc2       0x38 /opt/compilers/msp430-gcc-4.7.3/bin/../lib/gcc/msp430/4.7.3/mcpu-430x/mmpy-16/msr20/mc20/libgcc.a(_udivmod32.o)
                0x0000000000005fc2                __udivsi3
                0x0000000000005fc2                __ext_udivmod32
                0x0000000000005ff0                __umodsi3
 .text.libgcc   0x0000000000005ffa       0x4c /opt/compilers/msp430-gcc-4.7.3/bin/../lib/gcc/msp430/4.7.3/mcpu-430x/mmpy-16/msr20/mc20/libgcc.a(_divmod32.o)
                0x0000000000005ffa                __ext_divmod32
                0x0000000000005ffa                __divsi3
                0x000000000000603c                __modsi3
 .text.libgcc   0x0000000000006046       0x26 /opt/compilers/msp430-gcc-4.7.3/bin/../lib/gcc/msp430/4.7.3/mcpu-430x/mmpy-16/msr20/mc20/libgcc.a(_mulsi3.o)
                0x0000000000006046                __mulsi3
 .text.libgcc   0x000000000000606c       0xbc /opt/compilers/msp430-gcc-4.7.3/bin/../lib/gcc/msp430/4.7.3/mcpu-430x/mmpy-16/msr20/mc20/libgcc.a(_udivmod64.o)
                0x000000000000606c                __xabi_udivmod64
                0x00000000000060be                __udivdi3
                0x00000000000060d8                __umoddi3
                0x00000000000060fa                __udivmoddi4
 .text.crt0     0x0000000000006128        0x2 /opt/compilers/msp430-gcc-4.7.3/bin/../lib/gcc/msp430/4.7.3/mcpu-430x/mmpy-16/msr20/mc20/libcrt0.a(_unexpected_.o)
                0x0000000000006128                _unexpected_
 *(.near.text .near.text.*)
 .near.text.irq_p2
                0x000000000000612a       0x74 contiki-wismote.a(button-sensor.o)
                0x000000000000612a                irq_p2
                0x000000000000612a                __isr_42
 .near.text.cc2520_port1_interrupt
                0x000000000000619e       0x4e contiki-wismote.a(cc2520-arch.o)
                0x000000000000619e                __isr_47
                0x000000000000619e                cc2520_port1_interrupt
 .near.text.uart1_rx_interrupt
                0x00000000000061ec       0x6c contiki-wismote.a(uart1.o)
                0x00000000000061ec                __isr_46
                0x00000000000061ec                uart1_rx_interrupt
 .near.text.timera1
                0x0000000000006258       0xfa contiki-wismote.a(clock.o)
                0x0000000000006258                __isr_48
                0x0000000000006258                timera1
 .near.text.watchdog_interrupt
                0x0000000000006352        0x6 contiki-wismote.a(watchdog.o)
                0x0000000000006352                watchdog_interrupt
                0x0000000000006352                __isr_58
 .near.text.timera0
                0x0000000000006358       0x5c contiki-wismote.a(rtimer-arch.o)
                0x0000000000006358                __isr_49
                0x0000000000006358                timera0
 .any.text.app_send_to
                0x00000000000063b4       0x80 app-any-to-any.co
                0x00000000000063b4                app_send_to
 .any.text.process_thread_unicast_sender_process
                0x0000000000006434      0x1c8 app-any-to-any.co
 .any.text.receiver
                0x00000000000065fc       0x4e app-any-to-any.co
 .any.text.app_data_init
                0x000000000000664a       0x1c obj_wismote/rpl-tools.o
                0x000000000000664a                app_data_init
 .any.text.rpl_trace
                0x0000000000006666       0x56 obj_wismote/rpl-tools.o
                0x0000000000006666                rpl_trace
 .any.text.create_rpl_dag
                0x00000000000066bc       0x2a obj_wismote/rpl-tools.o
                0x00000000000066bc                create_rpl_dag
 .any.text.set_addr_iid
                0x00000000000066e6       0x28 obj_wismote/rpl-tools.o
                0x00000000000066e6                set_addr_iid
 .any.text.node_ip6addr
                0x000000000000670e       0x1c obj_wismote/rpl-tools.o
                0x000000000000670e                node_ip6addr
 .any.text.rpl_setup
                0x000000000000672a       0x6a obj_wismote/rpl-tools.o
                0x000000000000672a                rpl_setup
 .any.text.node_id_restore
                0x0000000000006794       0x26 obj_wismote/node-id.o
                0x0000000000006794                node_id_restore
 .any.text.get_node_id
                0x00000000000067ba       0x28 obj_wismote/node-id.o
                0x00000000000067ba                get_node_id
 .any.text.is_id_in_any_to_any
                0x00000000000067e2       0x1a obj_wismote/node-id.o
                0x00000000000067e2                is_id_in_any_to_any
 .any.text.is_in_any_to_any
                0x00000000000067fc        0xa obj_wismote/node-id.o
                0x00000000000067fc                is_in_any_to_any
 .any.text.init_platform
                0x0000000000006806        0xc contiki-wismote.a(contiki-wismote)
                0x0000000000006806                init_platform
 .any.text.status
                0x0000000000006812       0x18 contiki-wismote.a(button-sensor.o)
 .any.text.value
                0x000000000000682a       0x20 contiki-wismote.a(button-sensor.o)
 .any.text.configure
                0x000000000000684a       0x4c contiki-wismote.a(button-sensor.o)
 .any.text.xmem_init
                0x0000000000006896       0x5e contiki-wismote.a(xmem.o)
                0x0000000000006896                xmem_init
 .any.text.process_thread_sensors_process
                0x00000000000068f4       0xc2 contiki-wismote.a(sensors.o)
 .any.text.sensors_changed
                0x00000000000069b6       0x2a contiki-wismote.a(sensors.o)
                0x00000000000069b6                sensors_changed
 .any.text.get_value
                0x00000000000069e0       0x4a contiki-wismote.a(cc2520.o)
 .any.text.get_object
                0x0000000000006a2a        0x4 contiki-wismote.a(cc2520.o)
 .any.text.set_object
                0x0000000000006a2e        0x4 contiki-wismote.a(cc2520.o)
 .any.text.cc2520_receiving_packet
                0x0000000000006a32        0x8 contiki-wismote.a(cc2520.o)
 .any.text.pending_packet
                0x0000000000006a3a        0xe contiki-wismote.a(cc2520.o)
 .any.text.status
                0x0000000000006a48       0x52 contiki-wismote.a(cc2520.o)
 .any.text.strobe
                0x0000000000006a9a       0x4e contiki-wismote.a(cc2520.o)
 .any.text.on   0x0000000000006ae8       0x46 contiki-wismote.a(cc2520.o)
 .any.text.flushrx
                0x0000000000006b2e       0xf2 contiki-wismote.a(cc2520.o)
 .any.text.off  0x0000000000006c20       0x72 contiki-wismote.a(cc2520.o)
 .any.text.RELEASE_LOCK
                0x0000000000006c92       0x28 contiki-wismote.a(cc2520.o)
 .any.text.getrxdata
                0x0000000000006cba       0x7e contiki-wismote.a(cc2520.o)
 .any.text.setreg
                0x0000000000006d38       0x6e contiki-wismote.a(cc2520.o)
 .any.text.cc2520_prepare
                0x0000000000006da6       0xde contiki-wismote.a(cc2520.o)
 .any.text.getreg
                0x0000000000006e84       0x7c contiki-wismote.a(cc2520.o)
 .any.text.cc2520_on
                0x0000000000006f00       0x22 contiki-wismote.a(cc2520.o)
                0x0000000000006f00                cc2520_on
 .any.text.cc2520_off
                0x0000000000006f22       0x30 contiki-wismote.a(cc2520.o)
                0x0000000000006f22                cc2520_off
 .any.text.cc2520_cca
                0x0000000000006f52       0x76 contiki-wismote.a(cc2520.o)
 .any.text.cc2520_read
                0x0000000000006fc8      0x102 contiki-wismote.a(cc2520.o)
 .any.text.process_thread_cc2520_process
                0x00000000000070ca       0x54 contiki-wismote.a(cc2520.o)
 .any.text.cc2520_set_channel
                0x000000000000711e       0x78 contiki-wismote.a(cc2520.o)
                0x000000000000711e                cc2520_set_channel
 .any.text.set_value
                0x0000000000007196       0x3c contiki-wismote.a(cc2520.o)
 .any.text.cc2520_set_pan_addr
                0x00000000000071d2      0x1aa contiki-wismote.a(cc2520.o)
                0x00000000000071d2                cc2520_set_pan_addr
 .any.text.cc2520_init
                0x000000000000737c      0x17a contiki-wismote.a(cc2520.o)
                0x000000000000737c                cc2520_init
 .any.text.cc2520_interrupt
                0x00000000000074f6       0x1c contiki-wismote.a(cc2520.o)
                0x00000000000074f6                cc2520_interrupt
 .any.text.cc2520_get_txpower
                0x0000000000007512       0x1a contiki-wismote.a(cc2520.o)
                0x0000000000007512                cc2520_get_txpower
 .any.text.cc2520_transmit
                0x000000000000752c      0x148 contiki-wismote.a(cc2520.o)
 .any.text.cc2520_send
                0x0000000000007674       0x12 contiki-wismote.a(cc2520.o)
 .any.text.cc2520_arch_init
                0x0000000000007686       0x48 contiki-wismote.a(cc2520-arch.o)
                0x0000000000007686                cc2520_arch_init
 .any.text.uart1_active
                0x00000000000076ce        0xe contiki-wismote.a(uart1.o)
                0x00000000000076ce                uart1_active
 .any.text.uart1_writeb
                0x00000000000076dc       0x16 contiki-wismote.a(uart1.o)
                0x00000000000076dc                uart1_writeb
 .any.text.uart1_init
                0x00000000000076f2       0x64 contiki-wismote.a(uart1.o)
                0x00000000000076f2                uart1_init
 .any.text.putchar
                0x0000000000007756       0x10 contiki-wismote.a(uart1-putchar.o)
                0x0000000000007756                putchar
 .any.text.msp430_init_dco
                0x0000000000007766       0x20 contiki-wismote.a(msp430.o)
                0x0000000000007766                msp430_init_dco
 .any.text.msp430_cpu_init
                0x0000000000007786       0x82 contiki-wismote.a(msp430.o)
                0x0000000000007786                msp430_cpu_init
 .any.text.splhigh_
                0x0000000000007808        0x8 contiki-wismote.a(msp430.o)
                0x0000000000007808                splhigh_
 .any.text.clock_time
                0x0000000000007810       0x1a contiki-wismote.a(clock.o)
                0x0000000000007810                clock_time
 .any.text.clock_init
                0x000000000000782a       0x28 contiki-wismote.a(clock.o)
                0x000000000000782a                clock_init
 .any.text.clock_delay
                0x0000000000007852        0xc contiki-wismote.a(clock.o)
                0x0000000000007852                clock_delay
 .any.text.clock_wait
                0x000000000000785e       0x24 contiki-wismote.a(clock.o)
                0x000000000000785e                clock_wait
 .any.text.clock_seconds
                0x0000000000007882       0x1a contiki-wismote.a(clock.o)
                0x0000000000007882                clock_seconds
 .any.text.show_leds
                0x000000000000789c       0xe8 contiki-wismote.a(leds.o)
 .any.text.leds_init
                0x0000000000007984        0xa contiki-wismote.a(leds.o)
                0x0000000000007984                leds_init
 .any.text.leds_on
                0x000000000000798e        0xa contiki-wismote.a(leds.o)
                0x000000000000798e                leds_on
 .any.text.leds_off
                0x0000000000007998        0xe contiki-wismote.a(leds.o)
                0x0000000000007998                leds_off
 .any.text.leds_arch_init
                0x00000000000079a6       0x22 contiki-wismote.a(leds-arch.o)
                0x00000000000079a6                leds_arch_init
 .any.text.leds_arch_set
                0x00000000000079c8       0x4c contiki-wismote.a(leds-arch.o)
                0x00000000000079c8                leds_arch_set
 .any.text.watchdog_start
                0x0000000000007a14       0x14 contiki-wismote.a(watchdog.o)
                0x0000000000007a14                watchdog_start
 .any.text.watchdog_periodic
                0x0000000000007a28       0x12 contiki-wismote.a(watchdog.o)
                0x0000000000007a28                watchdog_periodic
 .any.text.watchdog_stop
                0x0000000000007a3a       0x16 contiki-wismote.a(watchdog.o)
                0x0000000000007a3a                watchdog_stop
 .any.text.watchdog_init
                0x0000000000007a50       0x12 contiki-wismote.a(watchdog.o)
                0x0000000000007a50                watchdog_init
 .any.text.rtimer_arch_init
                0x0000000000007a62        0xe contiki-wismote.a(rtimer-arch.o)
                0x0000000000007a62                rtimer_arch_init
 .any.text.rtimer_arch_now
                0x0000000000007a70        0xe contiki-wismote.a(rtimer-arch.o)
                0x0000000000007a70                rtimer_arch_now
 .any.text.rtimer_arch_schedule
                0x0000000000007a7e        0x6 contiki-wismote.a(rtimer-arch.o)
                0x0000000000007a7e                rtimer_arch_schedule
 .any.text.autostart_start
                0x0000000000007a84       0x16 contiki-wismote.a(autostart.o)
                0x0000000000007a84                autostart_start
 .any.text.process_thread_ctimer_process
                0x0000000000007a9a       0xa0 contiki-wismote.a(ctimer.o)
 .any.text.ctimer_init
                0x0000000000007b3a       0x18 contiki-wismote.a(ctimer.o)
                0x0000000000007b3a                ctimer_init
 .any.text.ctimer_set_with_process
                0x0000000000007b52       0x4a contiki-wismote.a(ctimer.o)
                0x0000000000007b52                ctimer_set_with_process
 .any.text.ctimer_set
                0x0000000000007b9c       0x10 contiki-wismote.a(ctimer.o)
                0x0000000000007b9c                ctimer_set
 .any.text.ctimer_reset
                0x0000000000007bac       0x2c contiki-wismote.a(ctimer.o)
                0x0000000000007bac                ctimer_reset
 .any.text.ctimer_restart
                0x0000000000007bd8       0x2c contiki-wismote.a(ctimer.o)
                0x0000000000007bd8                ctimer_restart
 .any.text.ctimer_stop
                0x0000000000007c04       0x28 contiki-wismote.a(ctimer.o)
                0x0000000000007c04                ctimer_stop
 .any.text.energest_init
                0x0000000000007c2c       0x24 contiki-wismote.a(energest.o)
                0x0000000000007c2c                energest_init
 .any.text.energest_type_time
                0x0000000000007c50       0x3c contiki-wismote.a(energest.o)
                0x0000000000007c50                energest_type_time
 .any.text.energest_type_set
                0x0000000000007c8c        0xc contiki-wismote.a(energest.o)
                0x0000000000007c8c                energest_type_set
 .any.text.energest_flush
                0x0000000000007c98       0x38 contiki-wismote.a(energest.o)
                0x0000000000007c98                energest_flush
 .any.text.update_time
                0x0000000000007cd0       0x70 contiki-wismote.a(etimer.o)
 .any.text.etimer_request_poll
                0x0000000000007d40        0xa contiki-wismote.a(etimer.o)
                0x0000000000007d40                etimer_request_poll
 .any.text.process_thread_etimer_process
                0x0000000000007d4a       0xc4 contiki-wismote.a(etimer.o)
 .any.text.add_timer
                0x0000000000007e0e       0x40 contiki-wismote.a(etimer.o)
 .any.text.etimer_set
                0x0000000000007e4e       0x12 contiki-wismote.a(etimer.o)
                0x0000000000007e4e                etimer_set
 .any.text.etimer_reset
                0x0000000000007e60       0x12 contiki-wismote.a(etimer.o)
                0x0000000000007e60                etimer_reset
 .any.text.etimer_restart
                0x0000000000007e72       0x12 contiki-wismote.a(etimer.o)
                0x0000000000007e72                etimer_restart
 .any.text.etimer_expired
                0x0000000000007e84        0xe contiki-wismote.a(etimer.o)
                0x0000000000007e84                etimer_expired
 .any.text.etimer_expiration_time
                0x0000000000007e92       0x14 contiki-wismote.a(etimer.o)
                0x0000000000007e92                etimer_expiration_time
 .any.text.etimer_pending
                0x0000000000007ea6        0xc contiki-wismote.a(etimer.o)
                0x0000000000007ea6                etimer_pending
 .any.text.etimer_next_expiration_time
                0x0000000000007eb2       0x16 contiki-wismote.a(etimer.o)
                0x0000000000007eb2                etimer_next_expiration_time
 .any.text.etimer_stop
                0x0000000000007ec8       0x3e contiki-wismote.a(etimer.o)
                0x0000000000007ec8                etimer_stop
 .any.text.call_process
                0x0000000000007f06       0x40 contiki-wismote.a(process.o)
 .any.text.exit_process
                0x0000000000007f46       0x88 contiki-wismote.a(process.o)
 .any.text.do_poll
                0x0000000000007fce       0x30 contiki-wismote.a(process.o)
 .any.text.process_alloc_event
                0x0000000000007ffe        0xe contiki-wismote.a(process.o)
                0x0000000000007ffe                process_alloc_event
 .any.text.process_init
                0x000000000000800c       0x1c contiki-wismote.a(process.o)
                0x000000000000800c                process_init
 .any.text.process_run
                0x0000000000008028       0x8c contiki-wismote.a(process.o)
                0x0000000000008028                process_run
 .any.text.process_nevents
                0x00000000000080b4        0xe contiki-wismote.a(process.o)
                0x00000000000080b4                process_nevents
 .any.text.process_post
                0x00000000000080c2       0x4a contiki-wismote.a(process.o)
                0x00000000000080c2                process_post
 .any.text.process_post_synch
                0x000000000000810c       0x12 contiki-wismote.a(process.o)
                0x000000000000810c                process_post_synch
 .any.text.process_start
                0x000000000000811e       0x36 contiki-wismote.a(process.o)
                0x000000000000811e                process_start
 .any.text.process_poll
                0x0000000000008154       0x18 contiki-wismote.a(process.o)
                0x0000000000008154                process_poll
 .any.text.rtimer_init
                0x000000000000816c        0x6 contiki-wismote.a(rtimer.o)
                0x000000000000816c                rtimer_init
 .any.text.rtimer_set
                0x0000000000008172       0x24 contiki-wismote.a(rtimer.o)
                0x0000000000008172                rtimer_set
 .any.text.rtimer_run_next
                0x0000000000008196       0x26 contiki-wismote.a(rtimer.o)
                0x0000000000008196                rtimer_run_next
 .any.text.timer_set
                0x00000000000081bc       0x1c contiki-wismote.a(timer.o)
                0x00000000000081bc                timer_set
 .any.text.timer_reset
                0x00000000000081d8        0xe contiki-wismote.a(timer.o)
                0x00000000000081d8                timer_reset
 .any.text.timer_restart
                0x00000000000081e6       0x14 contiki-wismote.a(timer.o)
                0x00000000000081e6                timer_restart
 .any.text.timer_expired
                0x00000000000081fa       0x2a contiki-wismote.a(timer.o)
                0x00000000000081fa                timer_expired
 .any.text.list_init
                0x0000000000008224        0x6 contiki-wismote.a(list.o)
                0x0000000000008224                list_init
 .any.text.list_head
                0x000000000000822a        0x4 contiki-wismote.a(list.o)
                0x000000000000822a                list_head
 .any.text.list_tail
                0x000000000000822e       0x12 contiki-wismote.a(list.o)
                0x000000000000822e                list_tail
 .any.text.list_remove
                0x0000000000008240       0x34 contiki-wismote.a(list.o)
                0x0000000000008240                list_remove
 .any.text.list_push
                0x0000000000008274       0x16 contiki-wismote.a(list.o)
                0x0000000000008274                list_push
 .any.text.list_add
                0x000000000000828a       0x26 contiki-wismote.a(list.o)
                0x000000000000828a                list_add
 .any.text.list_length
                0x00000000000082b0       0x10 contiki-wismote.a(list.o)
                0x00000000000082b0                list_length
 .any.text.list_item_next
                0x00000000000082c0        0xc contiki-wismote.a(list.o)
                0x00000000000082c0                list_item_next
 .any.text.random_init
                0x00000000000082cc        0x6 contiki-wismote.a(random.o)
                0x00000000000082cc                random_init
 .any.text.random_rand
                0x00000000000082d2        0x6 contiki-wismote.a(random.o)
                0x00000000000082d2                random_rand
 .any.text.uip_ds6_list_loop
                0x00000000000082d8       0x66 contiki-wismote.a(uip-ds6.o)
                0x00000000000082d8                uip_ds6_list_loop
 .any.text.uip_ds6_prefix_add
                0x000000000000833e       0x70 contiki-wismote.a(uip-ds6.o)
                0x000000000000833e                uip_ds6_prefix_add
 .any.text.uip_ds6_is_addr_onlink
                0x00000000000083ae       0x42 contiki-wismote.a(uip-ds6.o)
                0x00000000000083ae                uip_ds6_is_addr_onlink
 .any.text.uip_ds6_addr_lookup
                0x00000000000083f0       0x2a contiki-wismote.a(uip-ds6.o)
                0x00000000000083f0                uip_ds6_addr_lookup
 .any.text.uip_ds6_get_link_local
                0x000000000000841a       0x3e contiki-wismote.a(uip-ds6.o)
                0x000000000000841a                uip_ds6_get_link_local
 .any.text.uip_ds6_maddr_add
                0x0000000000008458       0x48 contiki-wismote.a(uip-ds6.o)
                0x0000000000008458                uip_ds6_maddr_add
 .any.text.uip_ds6_addr_add
                0x00000000000084a0       0xb4 contiki-wismote.a(uip-ds6.o)
                0x00000000000084a0                uip_ds6_addr_add
 .any.text.uip_ds6_maddr_rm
                0x0000000000008554        0xa contiki-wismote.a(uip-ds6.o)
                0x0000000000008554                uip_ds6_maddr_rm
 .any.text.uip_ds6_maddr_lookup
                0x000000000000855e       0x2a contiki-wismote.a(uip-ds6.o)
                0x000000000000855e                uip_ds6_maddr_lookup
 .any.text.uip_ds6_addr_rm
                0x0000000000008588       0x54 contiki-wismote.a(uip-ds6.o)
                0x0000000000008588                uip_ds6_addr_rm
 .any.text.uip_ds6_periodic
                0x00000000000085dc       0x4a contiki-wismote.a(uip-ds6.o)
                0x00000000000085dc                uip_ds6_periodic
 .any.text.uip_ds6_set_addr_iid
                0x0000000000008626       0x14 contiki-wismote.a(uip-ds6.o)
                0x0000000000008626                uip_ds6_set_addr_iid
 .any.text.get_match_length
                0x000000000000863a       0x3c contiki-wismote.a(uip-ds6.o)
                0x000000000000863a                get_match_length
 .any.text.uip_ds6_select_src
                0x0000000000008676       0x9a contiki-wismote.a(uip-ds6.o)
                0x0000000000008676                uip_ds6_select_src
 .any.text.uip_ds6_compute_reachable_time
                0x0000000000008710       0x36 contiki-wismote.a(uip-ds6.o)
                0x0000000000008710                uip_ds6_compute_reachable_time
 .any.text.uip_ds6_init
                0x0000000000008746      0x138 contiki-wismote.a(uip-ds6.o)
                0x0000000000008746                uip_ds6_init
 .any.text.call_route_callback
                0x000000000000887e       0x40 contiki-wismote.a(uip-ds6-route.o)
 .any.text.uip_ds6_route_init
                0x00000000000088be       0x36 contiki-wismote.a(uip-ds6-route.o)
                0x00000000000088be                uip_ds6_route_init
 .any.text.uip_ds6_route_nexthop
                0x00000000000088f4       0x1a contiki-wismote.a(uip-ds6-route.o)
                0x00000000000088f4                uip_ds6_route_nexthop
 .any.text.uip_ds6_route_head
                0x000000000000890e        0xa contiki-wismote.a(uip-ds6-route.o)
                0x000000000000890e                uip_ds6_route_head
 .any.text.uip_ds6_route_next
                0x0000000000008918        0xe contiki-wismote.a(uip-ds6-route.o)
                0x0000000000008918                uip_ds6_route_next
 .any.text.uip_ds6_route_is_nexthop
                0x0000000000008926       0x22 contiki-wismote.a(uip-ds6-route.o)
                0x0000000000008926                uip_ds6_route_is_nexthop
 .any.text.uip_ds6_route_lookup
                0x0000000000008948       0x6e contiki-wismote.a(uip-ds6-route.o)
                0x0000000000008948                uip_ds6_route_lookup
 .any.text.uip_ds6_route_rm
                0x00000000000089b6       0xa2 contiki-wismote.a(uip-ds6-route.o)
                0x00000000000089b6                uip_ds6_route_rm
 .any.text.rm_routelist
                0x0000000000008a58       0x34 contiki-wismote.a(uip-ds6-route.o)
 .any.text.rm_routelist_callback
                0x0000000000008a8c        0x6 contiki-wismote.a(uip-ds6-route.o)
 .any.text.uip_ds6_route_add
                0x0000000000008a92       0xfc contiki-wismote.a(uip-ds6-route.o)
                0x0000000000008a92                uip_ds6_route_add
 .any.text.uip_ds6_defrt_rm
                0x0000000000008b8e       0x44 contiki-wismote.a(uip-ds6-route.o)
                0x0000000000008b8e                uip_ds6_defrt_rm
 .any.text.uip_ds6_defrt_lookup
                0x0000000000008bd2       0x32 contiki-wismote.a(uip-ds6-route.o)
                0x0000000000008bd2                uip_ds6_defrt_lookup
 .any.text.uip_ds6_defrt_add
                0x0000000000008c04       0x68 contiki-wismote.a(uip-ds6-route.o)
                0x0000000000008c04                uip_ds6_defrt_add
 .any.text.uip_ds6_defrt_choose
                0x0000000000008c6c       0x36 contiki-wismote.a(uip-ds6-route.o)
                0x0000000000008c6c                uip_ds6_defrt_choose
 .any.text.uip_ds6_defrt_periodic
                0x0000000000008ca2       0x38 contiki-wismote.a(uip-ds6-route.o)
                0x0000000000008ca2                uip_ds6_defrt_periodic
 .any.text.chksum
                0x0000000000008cda       0x32 contiki-wismote.a(uip6.o)
 .any.text.upper_layer_chksum
                0x0000000000008d0c       0x56 contiki-wismote.a(uip6.o)
 .any.text.ext_hdr_options_process
                0x0000000000008d62       0xc2 contiki-wismote.a(uip6.o)
 .any.text.uip_add32
                0x0000000000008e24       0x60 contiki-wismote.a(uip6.o)
                0x0000000000008e24                uip_add32
 .any.text.uip_add_rcv_nxt
                0x0000000000008e84       0x2e contiki-wismote.a(uip6.o)
 .any.text.uip_icmp6chksum
                0x0000000000008eb2        0xa contiki-wismote.a(uip6.o)
                0x0000000000008eb2                uip_icmp6chksum
 .any.text.uip_tcpchksum
                0x0000000000008ebc        0xa contiki-wismote.a(uip6.o)
                0x0000000000008ebc                uip_tcpchksum
 .any.text.uip_udpchksum
                0x0000000000008ec6        0xa contiki-wismote.a(uip6.o)
                0x0000000000008ec6                uip_udpchksum
 .any.text.uip_init
                0x0000000000008ed0       0x56 contiki-wismote.a(uip6.o)
                0x0000000000008ed0                uip_init
 .any.text.remove_ext_hdr
                0x0000000000008f26       0x50 contiki-wismote.a(uip6.o)
                0x0000000000008f26                remove_ext_hdr
 .any.text.uip_udp_new
                0x0000000000008f76       0xa2 contiki-wismote.a(uip6.o)
                0x0000000000008f76                uip_udp_new
 .any.text.uip_unlisten
                0x0000000000009018       0x1a contiki-wismote.a(uip6.o)
                0x0000000000009018                uip_unlisten
 .any.text.uip_process
                0x0000000000009032      0xda2 contiki-wismote.a(uip6.o)
                0x0000000000009032                uip_process
 .any.text.uip_htonl
                0x0000000000009dd4       0x2a contiki-wismote.a(uip6.o)
                0x0000000000009dd4                uip_htonl
 .any.text.uip_ds6_nbr_rm
                0x0000000000009dfe       0x1e contiki-wismote.a(uip-ds6-nbr.o)
                0x0000000000009dfe                uip_ds6_nbr_rm
 .any.text.uip_ds6_neighbors_init
                0x0000000000009e1c       0x12 contiki-wismote.a(uip-ds6-nbr.o)
                0x0000000000009e1c                uip_ds6_neighbors_init
 .any.text.uip_ds6_nbr_add
                0x0000000000009e2e       0x62 contiki-wismote.a(uip-ds6-nbr.o)
                0x0000000000009e2e                uip_ds6_nbr_add
 .any.text.uip_ds6_nbr_get_ll
                0x0000000000009e90        0xc contiki-wismote.a(uip-ds6-nbr.o)
                0x0000000000009e90                uip_ds6_nbr_get_ll
 .any.text.uip_ds6_nbr_lookup
                0x0000000000009e9c       0x3e contiki-wismote.a(uip-ds6-nbr.o)
                0x0000000000009e9c                uip_ds6_nbr_lookup
 .any.text.uip_ds6_nbr_ll_lookup
                0x0000000000009eda        0xc contiki-wismote.a(uip-ds6-nbr.o)
                0x0000000000009eda                uip_ds6_nbr_ll_lookup
 .any.text.uip_ds6_nbr_ipaddr_from_lladdr
                0x0000000000009ee6        0x6 contiki-wismote.a(uip-ds6-nbr.o)
                0x0000000000009ee6                uip_ds6_nbr_ipaddr_from_lladdr
 .any.text.uip_ds6_nbr_lladdr_from_ipaddr
                0x0000000000009eec       0x12 contiki-wismote.a(uip-ds6-nbr.o)
                0x0000000000009eec                uip_ds6_nbr_lladdr_from_ipaddr
 .any.text.uip_ds6_link_neighbor_callback
                0x0000000000009efe       0x5a contiki-wismote.a(uip-ds6-nbr.o)
                0x0000000000009efe                uip_ds6_link_neighbor_callback
 .any.text.uip_ds6_neighbor_periodic
                0x0000000000009f58      0x11e contiki-wismote.a(uip-ds6-nbr.o)
                0x0000000000009f58                uip_ds6_neighbor_periodic
 .any.text.uip_ds6_nbr_refresh_reachable_state
                0x000000000000a076       0x20 contiki-wismote.a(uip-ds6-nbr.o)
                0x000000000000a076                uip_ds6_nbr_refresh_reachable_state
 .any.text.extract_lladdr_from_llao_aligned
                0x000000000000a096       0x1c contiki-wismote.a(uip-nd6.o)
 .any.text.na_input
                0x000000000000a0b2      0x166 contiki-wismote.a(uip-nd6.o)
 .any.text.ns_input
                0x000000000000a218      0x260 contiki-wismote.a(uip-nd6.o)
 .any.text.uip_nd6_ns_output
                0x000000000000a478      0x17a contiki-wismote.a(uip-nd6.o)
                0x000000000000a478                uip_nd6_ns_output
 .any.text.uip_nd6_init
                0x000000000000a5f2       0x12 contiki-wismote.a(uip-nd6.o)
                0x000000000000a5f2                uip_nd6_init
 .any.text.clear_fragments
                0x000000000000a604       0x38 contiki-wismote.a(sicslowpan.o)
 .any.text.set_packet_attrs
                0x000000000000a63c       0x46 contiki-wismote.a(sicslowpan.o)
 .any.text.addr_context_lookup_by_number
                0x000000000000a682       0x30 contiki-wismote.a(sicslowpan.o)
 .any.text.compress_addr_64
                0x000000000000a6b2       0x9a contiki-wismote.a(sicslowpan.o)
 .any.text.store_fragment
                0x000000000000a74c       0x6e contiki-wismote.a(sicslowpan.o)
 .any.text.uncompress_addr
                0x000000000000a7ba       0x96 contiki-wismote.a(sicslowpan.o)
 .any.text.sicslowpan_init
                0x000000000000a850       0x24 contiki-wismote.a(sicslowpan.o)
                0x000000000000a850                sicslowpan_init
 .any.text.addr_context_lookup_by_prefix
                0x000000000000a874       0x4a contiki-wismote.a(sicslowpan.o)
 .any.text.packet_sent
                0x000000000000a8be       0x22 contiki-wismote.a(sicslowpan.o)
 .any.text.add_fragment
                0x000000000000a8e0      0x160 contiki-wismote.a(sicslowpan.o)
 .any.text.input
                0x000000000000aa40      0x60e contiki-wismote.a(sicslowpan.o)
 .any.text.send_packet
                0x000000000000b04e       0x1a contiki-wismote.a(sicslowpan.o)
 .any.text.output
                0x000000000000b068      0x67c contiki-wismote.a(sicslowpan.o)
 .any.text.start_periodic_tcp_timer
                0x000000000000b6e4       0x16 contiki-wismote.a(tcpip.o)
 .any.text.tcpip_output
                0x000000000000b6fa       0x10 contiki-wismote.a(tcpip.o)
                0x000000000000b6fa                tcpip_output
 .any.text.tcpip_set_outputfunc
                0x000000000000b70a        0x6 contiki-wismote.a(tcpip.o)
                0x000000000000b70a                tcpip_set_outputfunc
 .any.text.udp_new
                0x000000000000b710       0x1a contiki-wismote.a(tcpip.o)
                0x000000000000b710                udp_new
 .any.text.tcpip_input
                0x000000000000b72a       0x16 contiki-wismote.a(tcpip.o)
                0x000000000000b72a                tcpip_input
 .any.text.tcpip_ipv6_output
                0x000000000000b740      0x182 contiki-wismote.a(tcpip.o)
                0x000000000000b740                tcpip_ipv6_output
 .any.text.process_thread_tcpip_process
                0x000000000000b8c2      0x1a8 contiki-wismote.a(tcpip.o)
 .any.text.tcpip_uipcall
                0x000000000000ba6a       0x62 contiki-wismote.a(tcpip.o)
                0x000000000000ba6a                tcpip_uipcall
 .any.text.process_thread_simple_udp_process
                0x000000000000bacc       0x9e contiki-wismote.a(simple-udp.o)
 .any.text.simple_udp_sendto
                0x000000000000bb6a       0x28 contiki-wismote.a(simple-udp.o)
                0x000000000000bb6a                simple_udp_sendto
 .any.text.simple_udp_register
                0x000000000000bb92       0x88 contiki-wismote.a(simple-udp.o)
                0x000000000000bb92                simple_udp_register
 .any.text.uip_debug_ipaddr_print
                0x000000000000bc1a       0xbc contiki-wismote.a(uip-debug.o)
                0x000000000000bc1a                uip_debug_ipaddr_print
 .any.text.lollipop_greater_than
                0x000000000000bcd6       0x3c contiki-wismote.a(rpl-dag.o)
 .any.text.find_parent_any_dag_any_instance
                0x000000000000bd12       0x14 contiki-wismote.a(rpl-dag.o)
 .any.text.set_ip_from_prefix
                0x000000000000bd26       0x30 contiki-wismote.a(rpl-dag.o)
 .any.text.check_prefix
                0x000000000000bd56       0x70 contiki-wismote.a(rpl-dag.o)
 .any.text.rpl_set_preferred_parent
                0x000000000000bdc6       0x2c contiki-wismote.a(rpl-dag.o)
 .any.text.rpl_dag_init
                0x000000000000bdf2        0xe contiki-wismote.a(rpl-dag.o)
                0x000000000000bdf2                rpl_dag_init
 .any.text.rpl_get_parent
                0x000000000000be00        0xc contiki-wismote.a(rpl-dag.o)
                0x000000000000be00                rpl_get_parent
 .any.text.rpl_rank_via_parent
                0x000000000000be0c       0x2a contiki-wismote.a(rpl-dag.o)
                0x000000000000be0c                rpl_rank_via_parent
 .any.text.rpl_get_parent_lladdr
                0x000000000000be36        0xc contiki-wismote.a(rpl-dag.o)
                0x000000000000be36                rpl_get_parent_lladdr
 .any.text.rpl_get_nbr
                0x000000000000be42       0x18 contiki-wismote.a(rpl-dag.o)
                0x000000000000be42                rpl_get_nbr
 .any.text.rpl_get_parent_ipaddr
                0x000000000000be5a        0xa contiki-wismote.a(rpl-dag.o)
                0x000000000000be5a                rpl_get_parent_ipaddr
 .any.text.rpl_get_parent_link_stats
                0x000000000000be64        0xa contiki-wismote.a(rpl-dag.o)
                0x000000000000be64                rpl_get_parent_link_stats
 .any.text.rpl_parent_is_fresh
                0x000000000000be6e        0xa contiki-wismote.a(rpl-dag.o)
                0x000000000000be6e                rpl_parent_is_fresh
 .any.text.best_parent
                0x000000000000be78       0x84 contiki-wismote.a(rpl-dag.o)
 .any.text.rpl_parent_is_reachable
                0x000000000000befc       0x5a contiki-wismote.a(rpl-dag.o)
                0x000000000000befc                rpl_parent_is_reachable
 .any.text.rpl_set_prefix
                0x000000000000bf56       0x74 contiki-wismote.a(rpl-dag.o)
                0x000000000000bf56                rpl_set_prefix
 .any.text.rpl_set_default_route
                0x000000000000bfca       0x3a contiki-wismote.a(rpl-dag.o)
                0x000000000000bfca                rpl_set_default_route
 .any.text.rpl_alloc_instance
                0x000000000000c004       0x34 contiki-wismote.a(rpl-dag.o)
                0x000000000000c004                rpl_alloc_instance
 .any.text.rpl_add_parent
                0x000000000000c038       0x3a contiki-wismote.a(rpl-dag.o)
                0x000000000000c038                rpl_add_parent
 .any.text.rpl_find_parent
                0x000000000000c072       0x1a contiki-wismote.a(rpl-dag.o)
                0x000000000000c072                rpl_find_parent
 .any.text.rpl_find_parent_any_dag
                0x000000000000c08c       0x22 contiki-wismote.a(rpl-dag.o)
                0x000000000000c08c                rpl_find_parent_any_dag
 .any.text.rpl_select_parent
                0x000000000000c0ae       0x62 contiki-wismote.a(rpl-dag.o)
                0x000000000000c0ae                rpl_select_parent
 .any.text.rpl_select_dag
                0x000000000000c110      0x192 contiki-wismote.a(rpl-dag.o)
                0x000000000000c110                rpl_select_dag
 .any.text.rpl_nullify_parent
                0x000000000000c2a2       0x5c contiki-wismote.a(rpl-dag.o)
                0x000000000000c2a2                rpl_nullify_parent
 .any.text.rpl_remove_parent
                0x000000000000c2fe       0x16 contiki-wismote.a(rpl-dag.o)
                0x000000000000c2fe                rpl_remove_parent
 .any.text.nbr_callback
                0x000000000000c314        0x6 contiki-wismote.a(rpl-dag.o)
 .any.text.remove_parents.constprop.4
                0x000000000000c31a       0x2c contiki-wismote.a(rpl-dag.o)
 .any.text.rpl_free_dag
                0x000000000000c346       0x42 contiki-wismote.a(rpl-dag.o)
                0x000000000000c346                rpl_free_dag
 .any.text.rpl_move_parent
                0x000000000000c388       0x60 contiki-wismote.a(rpl-dag.o)
                0x000000000000c388                rpl_move_parent
 .any.text.rpl_get_dag
                0x000000000000c3e8       0x2a contiki-wismote.a(rpl-dag.o)
                0x000000000000c3e8                rpl_get_dag
 .any.text.rpl_get_any_dag
                0x000000000000c412       0x16 contiki-wismote.a(rpl-dag.o)
                0x000000000000c412                rpl_get_any_dag
 .any.text.rpl_get_instance
                0x000000000000c428       0x16 contiki-wismote.a(rpl-dag.o)
                0x000000000000c428                rpl_get_instance
 .any.text.rpl_alloc_dag
                0x000000000000c43e       0x60 contiki-wismote.a(rpl-dag.o)
                0x000000000000c43e                rpl_alloc_dag
 .any.text.rpl_repair_root
                0x000000000000c49e       0x4c contiki-wismote.a(rpl-dag.o)
                0x000000000000c49e                rpl_repair_root
 .any.text.rpl_find_of
                0x000000000000c4ea       0x10 contiki-wismote.a(rpl-dag.o)
                0x000000000000c4ea                rpl_find_of
 .any.text.rpl_set_root
                0x000000000000c4fa      0x120 contiki-wismote.a(rpl-dag.o)
                0x000000000000c4fa                rpl_set_root
 .any.text.rpl_join_instance
                0x000000000000c61a      0x142 contiki-wismote.a(rpl-dag.o)
                0x000000000000c61a                rpl_join_instance
 .any.text.rpl_local_repair
                0x000000000000c75c       0x6a contiki-wismote.a(rpl-dag.o)
                0x000000000000c75c                rpl_local_repair
 .any.text.rpl_process_parent_event
                0x000000000000c7c6       0xa8 contiki-wismote.a(rpl-dag.o)
                0x000000000000c7c6                rpl_process_parent_event
 .any.text.rpl_recalculate_ranks
                0x000000000000c86e       0x44 contiki-wismote.a(rpl-dag.o)
                0x000000000000c86e                rpl_recalculate_ranks
 .any.text.rpl_process_dio
                0x000000000000c8b2      0x2f4 contiki-wismote.a(rpl-dag.o)
                0x000000000000c8b2                rpl_process_dio
 .any.text.handle_unicast_dio_timer
                0x000000000000cba6       0x1c contiki-wismote.a(rpl-timers.o)
 .any.text.new_dio_interval
                0x000000000000cbc2       0x9e contiki-wismote.a(rpl-timers.o)
 .any.text.set_dao_lifetime_timer
                0x000000000000cc60       0x7e contiki-wismote.a(rpl-timers.o)
 .any.text.handle_periodic_timer
                0x000000000000ccde       0x50 contiki-wismote.a(rpl-timers.o)
 .any.text.schedule_dao
                0x000000000000cd2e       0x72 contiki-wismote.a(rpl-timers.o)
 .any.text.handle_dio_timer
                0x000000000000cda0       0x88 contiki-wismote.a(rpl-timers.o)
 .any.text.handle_dao_timer
                0x000000000000ce28       0x64 contiki-wismote.a(rpl-timers.o)
 .any.text.rpl_reset_periodic_timer
                0x000000000000ce8c       0x46 contiki-wismote.a(rpl-timers.o)
                0x000000000000ce8c                rpl_reset_periodic_timer
 .any.text.rpl_reset_dio_timer
                0x000000000000ced2       0x18 contiki-wismote.a(rpl-timers.o)
                0x000000000000ced2                rpl_reset_dio_timer
 .any.text.rpl_schedule_dao
                0x000000000000ceea        0xc contiki-wismote.a(rpl-timers.o)
                0x000000000000ceea                rpl_schedule_dao
 .any.text.rpl_schedule_unicast_dio_immediately
                0x000000000000cef6       0x16 contiki-wismote.a(rpl-timers.o)
                0x000000000000cef6                rpl_schedule_unicast_dio_immediately
 .any.text.get_probing_delay
                0x000000000000cf0c       0x92 contiki-wismote.a(rpl-timers.o)
                0x000000000000cf0c                get_probing_delay
 .any.text.get_probing_target
                0x000000000000cf9e       0xe2 contiki-wismote.a(rpl-timers.o)
                0x000000000000cf9e                get_probing_target
 .any.text.rpl_schedule_probing
                0x000000000000d080       0x26 contiki-wismote.a(rpl-timers.o)
                0x000000000000d080                rpl_schedule_probing
 .any.text.handle_probing_timer
                0x000000000000d0a6       0x34 contiki-wismote.a(rpl-timers.o)
 .any.text.update_hbh_header
                0x000000000000d0da       0xcc contiki-wismote.a(rpl-ext-header.)
 .any.text.insert_hbh_header
                0x000000000000d1a6       0x94 contiki-wismote.a(rpl-ext-header.)
 .any.text.rpl_verify_hbh_header
                0x000000000000d23a       0xf4 contiki-wismote.a(rpl-ext-header.)
                0x000000000000d23a                rpl_verify_hbh_header
 .any.text.rpl_remove_header
                0x000000000000d32e       0x76 contiki-wismote.a(rpl-ext-header.)
                0x000000000000d32e                rpl_remove_header
 .any.text.rpl_update_header
                0x000000000000d3a4       0x60 contiki-wismote.a(rpl-ext-header.)
                0x000000000000d3a4                rpl_update_header
 .any.text.rpl_get_mode
                0x000000000000d404        0x6 contiki-wismote.a(rpl.o)
                0x000000000000d404                rpl_get_mode
 .any.text.rpl_purge_routes
                0x000000000000d40a       0x94 contiki-wismote.a(rpl.o)
                0x000000000000d40a                rpl_purge_routes
 .any.text.rpl_remove_routes
                0x000000000000d49e       0x22 contiki-wismote.a(rpl.o)
                0x000000000000d49e                rpl_remove_routes
 .any.text.rpl_remove_routes_by_nexthop
                0x000000000000d4c0       0x3e contiki-wismote.a(rpl.o)
                0x000000000000d4c0                rpl_remove_routes_by_nexthop
 .any.text.rpl_add_route
                0x000000000000d4fe       0x5c contiki-wismote.a(rpl.o)
                0x000000000000d4fe                rpl_add_route
 .any.text.rpl_link_neighbor_callback
                0x000000000000d55a       0x4c contiki-wismote.a(rpl.o)
                0x000000000000d55a                rpl_link_neighbor_callback
 .any.text.rpl_ipv6_neighbor_callback
                0x000000000000d5a6       0x1e contiki-wismote.a(rpl.o)
                0x000000000000d5a6                rpl_ipv6_neighbor_callback
 .any.text.rpl_purge_dags
                0x000000000000d5c4       0x3e contiki-wismote.a(rpl.o)
                0x000000000000d5c4                rpl_purge_dags
 .any.text.rpl_init
                0x000000000000d602       0x62 contiki-wismote.a(rpl.o)
                0x000000000000d602                rpl_init
 .any.text.reset
                0x000000000000d664        0x2 contiki-wismote.a(rpl-mrhof.o)
 .any.text.update_metric_container
                0x000000000000d666        0x6 contiki-wismote.a(rpl-mrhof.o)
 .any.text.parent_link_metric
                0x000000000000d66c       0x10 contiki-wismote.a(rpl-mrhof.o)
 .any.text.parent_has_usable_link
                0x000000000000d67c       0x14 contiki-wismote.a(rpl-mrhof.o)
 .any.text.best_dag
                0x000000000000d690       0x2e contiki-wismote.a(rpl-mrhof.o)
 .any.text.parent_path_cost
                0x000000000000d6be       0x40 contiki-wismote.a(rpl-mrhof.o)
 .any.text.parent_is_acceptable
                0x000000000000d6fe       0x2a contiki-wismote.a(rpl-mrhof.o)
 .any.text.rank_via_parent
                0x000000000000d728       0x4e contiki-wismote.a(rpl-mrhof.o)
 .any.text.best_parent
                0x000000000000d776       0x76 contiki-wismote.a(rpl-mrhof.o)
 .any.text.dao_ack_callback
                0x000000000000d7ec       0x22 contiki-wismote.a(rpl-mrhof.o)
 .any.text.get32
                0x000000000000d80e       0x3e contiki-wismote.a(rpl-icmp6.o)
 .any.text.set32
                0x000000000000d84c       0x2a contiki-wismote.a(rpl-icmp6.o)
 .any.text.get16
                0x000000000000d876        0xe contiki-wismote.a(rpl-icmp6.o)