Archive member included because of file (symbol)

contiki-sky.a(contiki-sky-pla)
                              obj_sky/contiki-sky-main.o (init_platform)
contiki-sky.a(button-sensor.o)
                              contiki-sky.a(contiki-sky-pla) (button_sensor)
contiki-sky.a(ds2411.o)       obj_sky/contiki-sky-main.o (ds2411_init)
contiki-sky.a(xmem.o)         obj_sky/contiki-sky-main.o (xmem_init)
contiki-sky.a(sensors.o)      contiki-sky.a(button-sensor.o) (sensors_changed)
contiki-sky.a(cc2420.o)       obj_sky/contiki-sky-main.o (cc2420_set_pan_addr)
contiki-sky.a(cc2420-arch.o)  contiki-sky.a(cc2420.o) (cc2420_arch_init)
contiki-sky.a(uart1.o)        obj_sky/contiki-sky-main.o (uart1_active)
contiki-sky.a(uart1-putchar.o)
                              obj_sky/contiki-sky-main.o (putchar)
contiki-sky.a(msp430.o)       contiki-sky.a(uart1.o) (msp430_add_lpm_req)
contiki-sky.a(clock.o)        obj_sky/contiki-sky-main.o (clock_init)
contiki-sky.a(leds.o)         obj_sky/contiki-sky-main.o (leds_init)
contiki-sky.a(leds-arch.o)    contiki-sky.a(leds.o) (leds_arch_init)
contiki-sky.a(watchdog.o)     obj_sky/contiki-sky-main.o (watchdog_start)
contiki-sky.a(rtimer-arch.o)  obj_sky/rpl-tools.o (rtimer_arch_now)
contiki-sky.a(autostart.o)    obj_sky/contiki-sky-main.o (autostart_start)
contiki-sky.a(ctimer.o)       obj_sky/contiki-sky-main.o (ctimer_init)
contiki-sky.a(energest.o)     obj_sky/contiki-sky-main.o (energest_init)
contiki-sky.a(etimer.o)       contiki-sky.a(clock.o) (etimer_request_poll)
contiki-sky.a(process.o)      contiki-sky.a(ctimer.o) (process_current)
contiki-sky.a(rtimer.o)       obj_sky/contiki-sky-main.o (rtimer_init)
contiki-sky.a(timer.o)        contiki-sky.a(button-sensor.o) (timer_set)
contiki-sky.a(list.o)         contiki-sky.a(ctimer.o) (list_init)
contiki-sky.a(random.o)       obj_sky/contiki-sky-main.o (random_init)
contiki-sky.a(uip-ds6.o)      obj_sky/rpl-tools.o (uip_ds6_addr_lookup)
contiki-sky.a(uip-ds6-route.o)
                              contiki-sky.a(uip-ds6.o) (uip_ds6_route_init)
contiki-sky.a(uip6.o)         obj_sky/rpl-tools.o (uip_aligned_buf)
contiki-sky.a(uip-ds6-nbr.o)  contiki-sky.a(uip-ds6.o) (uip_ds6_neighbors_init)
contiki-sky.a(uip-nd6.o)      contiki-sky.a(uip6.o) (uip_nd6_init)
contiki-sky.a(sicslowpan.o)   obj_sky/contiki-sky-main.o (sicslowpan_driver)
contiki-sky.a(tcpip.o)        contiki-sky.a(sicslowpan.o) (tcpip_set_outputfunc)
contiki-sky.a(simple-udp.o)   app-any-to-any.co (simple_udp_sendto)
contiki-sky.a(uip-debug.o)    contiki-sky.a(uip-ds6-route.o) (uip_debug_ipaddr_print)
contiki-sky.a(rpl-dag.o)      obj_sky/rpl-tools.o (rpl_set_prefix)
contiki-sky.a(rpl-timers.o)   contiki-sky.a(rpl-dag.o) (rpl_reset_dio_timer)
contiki-sky.a(rpl-ext-header.)
                              contiki-sky.a(uip6.o) (rpl_verify_hbh_header)
contiki-sky.a(rpl.o)          contiki-sky.a(rpl-timers.o) (rpl_get_mode)
contiki-sky.a(rpl-mrhof.o)    contiki-sky.a(rpl-dag.o) (rpl_mrhof)
contiki-sky.a(rpl-icmp6.o)    contiki-sky.a(rpl-dag.o) (rpl_icmp6_update_nbr_table)
contiki-sky.a(framer-802154.o)
                              contiki-sky.a(sicslowpan.o) (framer_802154)
contiki-sky.a(frame802154.o)  contiki-sky.a(framer-802154.o) (frame802154_get_pan_id)
contiki-sky.a(csma.o)         obj_sky/contiki-sky-main.o (csma_driver)
contiki-sky.a(queuebuf.o)     obj_sky/contiki-sky-main.o (queuebuf_init)
contiki-sky.a(nbr-table.o)    contiki-sky.a(uip-ds6-route.o) (nbr_table_register)
contiki-sky.a(packetbuf.o)    contiki-sky.a(framer-802154.o) (packetbuf_hdrreduce)
contiki-sky.a(linkaddr.o)     obj_sky/contiki-sky-main.o (linkaddr_copy)
contiki-sky.a(link-stats.o)   contiki-sky.a(rpl-dag.o) (link_stats_from_lladdr)
contiki-sky.a(contikimac.o)   app-any-to-any.co (contikimac_driver)
contiki-sky.a(nullsec.o)      obj_sky/contiki-sky-main.o (nullsec_driver)
contiki-sky.a(spi.o)          contiki-sky.a(xmem.o) (spi_init)
contiki-sky.a(stimer.o)       contiki-sky.a(uip-ds6.o) (stimer_set)
contiki-sky.a(compower.o)     contiki-sky.a(contikimac.o) (compower_idle_activity)
contiki-sky.a(memb.o)         contiki-sky.a(uip-ds6-route.o) (memb_init)
contiki-sky.a(uip-icmp6.o)    contiki-sky.a(uip6.o) (uip_icmp6_input)
contiki-sky.a(uip-udp-packet.)
                              contiki-sky.a(simple-udp.o) (uip_udp_packet_sendto)
contiki-sky.a(rpl-nbr-policy.)
                              contiki-sky.a(nbr-table.o) (rpl_nbr_policy_find_removable)
contiki-sky.a(mac-sequence.o)
                              contiki-sky.a(contikimac.o) (mac_sequence_is_duplicate)
contiki-sky.a(mac.o)          contiki-sky.a(csma.o) (mac_call_sent_callback)
/usr/local/bin/../lib/gcc/msp430/4.7.2/mmpy-16/libgcc.a(_mulsi3.o)
                              contiki-sky.a(rpl-timers.o) (__mulsi3)
/usr/local/bin/../lib/gcc/msp430/4.7.2/mmpy-16/libgcc.a(_udivmod16.o)
                              obj_sky/rpl-tools.o (__udivhi3)
/usr/local/bin/../lib/gcc/msp430/4.7.2/mmpy-16/libgcc.a(_divmod16.o)
[...]
Memory Configuration

Name             Origin             Length             Attributes
sfr              0x00000000         0x00000010
peripheral_8bit  0x00000010         0x000000f0
peripheral_16bit 0x00000100         0x00000100
ram_mirror       0x00000200         0x00000800         xw
infomem          0x00001000         0x00000100
infob            0x00001000         0x00000080
infoa            0x00001080         0x00000080
ram              0x00001100         0x00002800         xw
rom              0x00004000         0x0000bfe0         xr
vectors          0x0000ffe0         0x00000020
bsl              0x00000000         0x00000000
infoc            0x00000000         0x00000000
infod            0x00000000         0x00000000
ram2             0x00000000         0x00000000         xw
usbram           0x00000000         0x00000000         xw
far_rom          0x00000000         0x00000000
*default*        0x00000000         0xffffffff

Linker script and memory map

LOAD /usr/local/bin/../lib/gcc/msp430/4.7.2/mmpy-16/crt0ivtbl16.o
LOAD app-any-to-any.co
LOAD obj_sky/rpl-tools.o
LOAD obj_sky/node-id.o
LOAD obj_sky/contiki-sky-main.o
LOAD contiki-sky.a
LOAD /usr/local/bin/../lib/gcc/msp430/4.7.2/mmpy-16/libgcc.a
LOAD /usr/local/bin/../lib/gcc/msp430/4.7.2/../../../../msp430/lib/mmpy-16/libc.a
LOAD /usr/local/bin/../lib/gcc/msp430/4.7.2/mmpy-16/libgcc.a
LOAD /usr/local/bin/../lib/gcc/msp430/4.7.2/mmpy-16/libcrt0.a
                0x00000080                PROVIDE (__info_segment_size, 0x80)
                0x00001000                PROVIDE (__infob, 0x1000)
                0x00001080                PROVIDE (__infoa, 0x1080)
                0x00000000                __IE1 = 0x0
                0x00000002                __IFG1 = 0x2
                0x00000004                __ME1 = 0x4
                0x00000001                __IE2 = 0x1
                0x00000003                __IFG2 = 0x3
                0x00000005                __ME2 = 0x5
                0x00000120                __WDTCTL = 0x120
                0x00000130                __MPY = 0x130
                0x00000132                __MPYS = 0x132
                0x00000134                __MAC = 0x134
                0x00000136                __MACS = 0x136
                0x00000138                __OP2 = 0x138
                0x0000013a                __RESLO = 0x13a
                0x0000013c                __RESHI = 0x13c
                0x0000013e                __SUMEXT = 0x13e
                0x00000020                __P1IN = 0x20
                0x00000021                __P1OUT = 0x21
                0x00000022                __P1DIR = 0x22
                0x00000023                __P1IFG = 0x23
                0x00000024                __P1IES = 0x24
                0x00000025                __P1IE = 0x25
                0x00000026                __P1SEL = 0x26
                0x00000028                __P2IN = 0x28
                0x00000029                __P2OUT = 0x29
                0x0000002a                __P2DIR = 0x2a
                0x0000002b                __P2IFG = 0x2b
                0x0000002c                __P2IES = 0x2c
                0x0000002d                __P2IE = 0x2d
                0x0000002e                __P2SEL = 0x2e
                0x00000018                __P3IN = 0x18
                0x00000019                __P3OUT = 0x19
                0x0000001a                __P3DIR = 0x1a
                0x0000001b                __P3SEL = 0x1b
                0x0000001c                __P4IN = 0x1c
                0x0000001d                __P4OUT = 0x1d
                0x0000001e                __P4DIR = 0x1e
                0x0000001f                __P4SEL = 0x1f
                0x00000030                __P5IN = 0x30
                0x00000031                __P5OUT = 0x31
                0x00000032                __P5DIR = 0x32
                0x00000033                __P5SEL = 0x33
                0x00000034                __P6IN = 0x34
                0x00000035                __P6OUT = 0x35
                0x00000036                __P6DIR = 0x36
                0x00000037                __P6SEL = 0x37
                0x00000070                __U0CTL = 0x70
                0x00000071                __U0TCTL = 0x71
                0x00000072                __U0RCTL = 0x72
                0x00000073                __U0MCTL = 0x73
                0x00000074                __U0BR0 = 0x74
                0x00000075                __U0BR1 = 0x75
                0x00000076                __U0RXBUF = 0x76
                0x00000077                __U0TXBUF = 0x77
                0x00000078                __U1CTL = 0x78
                0x00000079                __U1TCTL = 0x79
                0x0000007a                __U1RCTL = 0x7a
                0x0000007b                __U1MCTL = 0x7b
                0x0000007c                __U1BR0 = 0x7c
                0x0000007d                __U1BR1 = 0x7d
                0x0000007e                __U1RXBUF = 0x7e
                0x0000007f                __U1TXBUF = 0x7f
                0x00000050                __I2CIE = 0x50
                0x00000051                __I2CIFG = 0x51
                0x00000052                __I2CNDAT = 0x52
                0x00000071                __I2CTCTL = 0x71
                0x00000072                __I2CDCTL = 0x72
                0x00000073                __I2CPSC = 0x73
                0x00000074                __I2CSCLH = 0x74
                0x00000075                __I2CSCLL = 0x75
                0x00000076                __I2CDRB = 0x76
                0x00000076                __I2CDRW = 0x76
                0x00000118                __I2COA = 0x118
                0x0000011a                __I2CSA = 0x11a
                0x0000011c                __I2CIV = 0x11c
                0x0000012e                __TAIV = 0x12e
                0x00000160                __TACTL = 0x160
                0x00000162                __TACCTL0 = 0x162
                0x00000164                __TACCTL1 = 0x164
                0x00000166                __TACCTL2 = 0x166
                0x00000170                __TAR = 0x170
                0x00000172                __TACCR0 = 0x172
                0x00000174                __TACCR1 = 0x174
                0x00000176                __TACCR2 = 0x176
                0x0000011e                __TBIV = 0x11e
                0x00000180                __TBCTL = 0x180
                0x00000182                __TBCCTL0 = 0x182
                0x00000184                __TBCCTL1 = 0x184
                0x00000186                __TBCCTL2 = 0x186
                0x00000188                __TBCCTL3 = 0x188
                0x0000018a                __TBCCTL4 = 0x18a
                0x0000018c                __TBCCTL5 = 0x18c
                0x0000018e                __TBCCTL6 = 0x18e
                0x00000190                __TBR = 0x190
                0x00000192                __TBCCR0 = 0x192
                0x00000194                __TBCCR1 = 0x194
                0x00000196                __TBCCR2 = 0x196
                0x00000198                __TBCCR3 = 0x198
                0x0000019a                __TBCCR4 = 0x19a
                0x0000019c                __TBCCR5 = 0x19c
                0x0000019e                __TBCCR6 = 0x19e
                0x00000056                __DCOCTL = 0x56
                0x00000057                __BCSCTL1 = 0x57
                0x00000058                __BCSCTL2 = 0x58
                0x00000055                __SVSCTL = 0x55
                0x00000128                __FCTL1 = 0x128
                0x0000012a                __FCTL2 = 0x12a
                0x0000012c                __FCTL3 = 0x12c
                0x00000059                __CACTL1 = 0x59
                0x0000005a                __CACTL2 = 0x5a
                0x0000005b                __CAPD = 0x5b
                0x000001a0                __ADC12CTL0 = 0x1a0
                0x000001a2                __ADC12CTL1 = 0x1a2
                0x000001a4                __ADC12IFG = 0x1a4
                0x000001a6                __ADC12IE = 0x1a6
                0x000001a8                __ADC12IV = 0x1a8
                0x00000140                __ADC12MEM0 = 0x140
                0x00000142                __ADC12MEM1 = 0x142
                0x00000144                __ADC12MEM2 = 0x144
                0x00000146                __ADC12MEM3 = 0x146
                0x00000148                __ADC12MEM4 = 0x148
                0x0000014a                __ADC12MEM5 = 0x14a
                0x0000014c                __ADC12MEM6 = 0x14c
                0x0000014e                __ADC12MEM7 = 0x14e
                0x00000150                __ADC12MEM8 = 0x150
                0x00000152                __ADC12MEM9 = 0x152
                0x00000154                __ADC12MEM10 = 0x154
                0x00000156                __ADC12MEM11 = 0x156
                0x00000158                __ADC12MEM12 = 0x158
                0x0000015a                __ADC12MEM13 = 0x15a
                0x0000015c                __ADC12MEM14 = 0x15c
                0x0000015e                __ADC12MEM15 = 0x15e
                0x00000080                __ADC12MCTL0 = 0x80
                0x00000081                __ADC12MCTL1 = 0x81
                0x00000082                __ADC12MCTL2 = 0x82
                0x00000083                __ADC12MCTL3 = 0x83
                0x00000084                __ADC12MCTL4 = 0x84
                0x00000085                __ADC12MCTL5 = 0x85
                0x00000086                __ADC12MCTL6 = 0x86
                0x00000087                __ADC12MCTL7 = 0x87
                0x00000088                __ADC12MCTL8 = 0x88
                0x00000089                __ADC12MCTL9 = 0x89
                0x0000008a                __ADC12MCTL10 = 0x8a
                0x0000008b                __ADC12MCTL11 = 0x8b
                0x0000008c                __ADC12MCTL12 = 0x8c
                0x0000008d                __ADC12MCTL13 = 0x8d
                0x0000008e                __ADC12MCTL14 = 0x8e
                0x0000008f                __ADC12MCTL15 = 0x8f
                0x000001c0                __DAC12_0CTL = 0x1c0
                0x000001c2                __DAC12_1CTL = 0x1c2
                0x000001c8                __DAC12_0DAT = 0x1c8
                0x000001ca                __DAC12_1DAT = 0x1ca
                0x00000122                __DMACTL0 = 0x122
                0x00000124                __DMACTL1 = 0x124
                0x000001e0                __DMA0CTL = 0x1e0
                0x000001e8                __DMA1CTL = 0x1e8
                0x000001f0                __DMA2CTL = 0x1f0
                0x000001e2                __DMA0SA = 0x1e2
                0x000001e4                __DMA0DA = 0x1e4
                0x000001e6                __DMA0SZ = 0x1e6
                0x000001ea                __DMA1SA = 0x1ea
                0x000001ec                __DMA1DA = 0x1ec
                0x000001ee                __DMA1SZ = 0x1ee
                0x000001f2                __DMA2SA = 0x1f2
                0x000001f4                __DMA2DA = 0x1f4
                0x000001f6                __DMA2SZ = 0x1f6

.hash
 *(.hash)

.dynsym
 *(.dynsym)

.dynstr
 *(.dynstr)

.gnu.version
 *(.gnu.version)

.gnu.version_d
 *(.gnu.version_d)

.gnu.version_r
 *(.gnu.version_r)

.rel.init
 *(.rel.init)

.rela.init
 *(.rela.init)

.rel.fini
 *(.rel.fini)

.rela.fini
 *(.rela.fini)

.rel.text
 *(.rel.text .rel.text.* .rel.gnu.linkonce.t.*)

.rela.text
 *(.rela.text .rela.text.* .rela.gnu.linkonce.t.*)

.rel.rodata
 *(.rel.rodata .rel.rodata.* .rel.gnu.linkonce.r.*)

.rela.rodata
 *(.rela.rodata .rela.rodata.* .rela.gnu.linkonce.r.*)

.rel.data
 *(.rel.data .rel.data.* .rel.gnu.linkonce.d.*)

.rela.data
 *(.rela.data .rela.data.* .rela.gnu.linkonce.d.*)

.rel.bss
 *(.rel.bss .rel.bss.* .rel.gnu.linkonce.b.*)

.rela.bss
 *(.rela.bss .rela.bss.* .rela.gnu.linkonce.b.*)

.rel.ctors
 *(.rel.ctors)

.rela.ctors
 *(.rela.ctors)

.rel.dtors
 *(.rel.dtors)

.rela.dtors
 *(.rela.dtors)

.rel.got
 *(.rel.got)

.rela.got
 *(.rela.got)

.rel.plt
 *(.rel.plt)

.rela.plt
 *(.rela.plt)

.text           0x00004000     0xa33c
                0x00004000                . = ALIGN (0x2)
 *(.init .init.*)
 *(.init0)
 .init0         0x00004000        0x0 /usr/local/bin/../lib/gcc/msp430/4.7.2/mmpy-16/libcrt0.a(_reset_vector__.o)
                0x00004000                _reset_vector__
 *(.init1)
 .init1         0x00004000        0xc /usr/local/bin/../lib/gcc/msp430/4.7.2/mmpy-16/libcrt0.a(__watchdog_support.o)
                0x00004000                __watchdog_support
 *(.init2)
 .init2         0x0000400c        0x4 /usr/local/bin/../lib/gcc/msp430/4.7.2/mmpy-16/libcrt0.a(__init_stack.o)
                0x0000400c                __init_stack
 *(.init3)
 .init3         0x00004010        0x0 /usr/local/bin/../lib/gcc/msp430/4.7.2/mmpy-16/libcrt0.a(__low_level_init.o)
                0x00004010                __low_level_init
 *(.init4)
 .init4         0x00004010       0x18 /usr/local/bin/../lib/gcc/msp430/4.7.2/mmpy-16/libcrt0.a(_copy_data.o)
                0x00004010                __do_copy_data
 .init4         0x00004028       0x16 /usr/local/bin/../lib/gcc/msp430/4.7.2/mmpy-16/libcrt0.a(_clear_bss.o)
                0x00004028                __do_clear_bss
 *(.init5)
 *(.init6)
 *(.init7)
 *(.init8)
 *(.init9)
 .init9         0x0000403e      0x314 obj_sky/contiki-sky-main.o
                0x0000403e                main
 *(.fini9)
 .fini9         0x00004352        0x0 /usr/local/bin/../lib/gcc/msp430/4.7.2/mmpy-16/libcrt0.a(__stop_progExec__.o)
                0x00004352                __stop_progExec__
 *(.fini8)
 *(.fini7)
 *(.fini6)
 *(.fini5)
 *(.fini4)
 *(.fini3)
 *(.fini2)
 *(.fini1)
 *(.fini0)
 .fini0         0x00004352        0x6 /usr/local/bin/../lib/gcc/msp430/4.7.2/mmpy-16/libcrt0.a(_endless_loop__.o)
                0x00004352                _endless_loop__
 *(.fini .fini.*)
                0x00004358                . = ALIGN (0x2)
                0x00004358                __ctors_start = .
 *(.ctors)
                0x00004358                __ctors_end = .
                0x00004358                __dtors_start = .
 *(.dtors)
                0x00004358                __dtors_end = .
                0x00004358                . = ALIGN (0x2)
 *(.text .text.* .gnu.linkonce.t.*)
 .text          0x00004358        0x4 /usr/local/bin/../lib/gcc/msp430/4.7.2/mmpy-16/crt0ivtbl16.o
                0x00004358                __isr_14
                0x00004358                __isr_11
                0x00004358                __isr_2
                0x00004358                __isr_7
                0x00004358                __isr_0
                0x00004358                __isr_8
                0x00004358                __isr_3
                0x00004358                __isr_12
                0x00004358                __isr_13
                0x00004358                __isr_9
 .text.app_send_to
                0x0000435c       0x76 app-any-to-any.co
                0x0000435c                app_send_to
 .text.process_thread_unicast_sender_process
                0x000043d2      0x1a2 app-any-to-any.co
 .text.receiver
                0x00004574       0x4c app-any-to-any.co
 .text.app_data_init
                0x000045c0       0x1c obj_sky/rpl-tools.o
                0x000045c0                app_data_init
 .text.rpl_trace
                0x000045dc       0x16 obj_sky/rpl-tools.o
                0x000045dc                rpl_trace
 .text.create_rpl_dag
                0x000045f2       0x2a obj_sky/rpl-tools.o
                0x000045f2                create_rpl_dag
 .text.set_addr_iid
                0x0000461c       0x28 obj_sky/rpl-tools.o
                0x0000461c                set_addr_iid
 .text.node_ip6addr
                0x00004644       0x20 obj_sky/rpl-tools.o
                0x00004644                node_ip6addr
 .text.rpl_setup
                0x00004664       0x5e obj_sky/rpl-tools.o
                0x00004664                rpl_setup
 .text.node_id_restore
                0x000046c2       0x26 obj_sky/node-id.o
                0x000046c2                node_id_restore
 .text.get_node_id
                0x000046e8        0x8 obj_sky/node-id.o
                0x000046e8                get_node_id
 .text.is_id_in_any_to_any
                0x000046f0       0x1a obj_sky/node-id.o
                0x000046f0                is_id_in_any_to_any
 .text.is_in_any_to_any
                0x0000470a        0xa obj_sky/node-id.o
                0x0000470a                is_in_any_to_any
 .text.init_platform
                0x00004714        0xc contiki-sky.a(contiki-sky-pla)
                0x00004714                init_platform
 .text.status   0x00004720       0x18 contiki-sky.a(button-sensor.o)
 .text.value    0x00004738       0x20 contiki-sky.a(button-sensor.o)
 .text.configure
                0x00004758       0x4c contiki-sky.a(button-sensor.o)
 .text.irq_p2   0x000047a4       0x88 contiki-sky.a(button-sensor.o)
                0x000047a4                irq_p2
                0x000047a4                __isr_1
 .text.owreadb  0x0000482c       0x50 contiki-sky.a(ds2411.o)
 .text.ds2411_init
                0x0000487c      0x120 contiki-sky.a(ds2411.o)
                0x0000487c                ds2411_init
 .text.xmem_init
                0x0000499c       0x3c contiki-sky.a(xmem.o)
                0x0000499c                xmem_init
 .text.process_thread_sensors_process
                0x000049d8       0xc2 contiki-sky.a(sensors.o)
 .text.sensors_changed
                0x00004a9a       0x2a contiki-sky.a(sensors.o)
                0x00004a9a                sensors_changed
 .text.get_object
                0x00004ac4        0x4 contiki-sky.a(cc2420.o)
 .text.set_object
                0x00004ac8        0x4 contiki-sky.a(cc2420.o)
 .text.strobe   0x00004acc       0x1c contiki-sky.a(cc2420.o)
 .text.getreg   0x00004ae8       0x4c contiki-sky.a(cc2420.o)
 .text.setreg   0x00004b34       0x4c contiki-sky.a(cc2420.o)
 .text.write_ram
                0x00004b80       0x7c contiki-sky.a(cc2420.o)
 .text.write_fifo_buf
                0x00004bfc       0x3c contiki-sky.a(cc2420.o)
 .text.get_status
                0x00004c38       0x20 contiki-sky.a(cc2420.o)
 .text.set_txpower
                0x00004c58       0x24 contiki-sky.a(cc2420.o)
 .text.cc2420_receiving_packet
                0x00004c7c        0xc contiki-sky.a(cc2420.o)
 .text.pending_packet
                0x00004c88        0x8 contiki-sky.a(cc2420.o)
 .text.on       0x00004c90       0x26 contiki-sky.a(cc2420.o)
 .text.wait_for_transmission
                0x00004cb6       0x22 contiki-sky.a(cc2420.o)
 .text.wait_for_status
                0x00004cd8       0x28 contiki-sky.a(cc2420.o)
 .text.getrxdata
                0x00004d00       0x50 contiki-sky.a(cc2420.o)
 .text.flushrx  0x00004d50       0x1a contiki-sky.a(cc2420.o)
 .text.off      0x00004d6a       0x5e contiki-sky.a(cc2420.o)
 .text.RELEASE_LOCK
                0x00004dc8       0x28 contiki-sky.a(cc2420.o)
 .text.set_key  0x00004df0       0x18 contiki-sky.a(cc2420.o)
 .text.set_frame_filtering
                0x00004e08       0x30 contiki-sky.a(cc2420.o)
 .text.set_auto_ack
                0x00004e38       0x30 contiki-sky.a(cc2420.o)
 .text.set_poll_mode
                0x00004e68       0x2c contiki-sky.a(cc2420.o)
 .text.cc2420_prepare
                0x00004e94       0x3c contiki-sky.a(cc2420.o)
 .text.cc2420_on
                0x00004ed0       0x22 contiki-sky.a(cc2420.o)
                0x00004ed0                cc2420_on
 .text.cc2420_off
                0x00004ef2       0x30 contiki-sky.a(cc2420.o)
                0x00004ef2                cc2420_off
 .text.cc2420_cca
                0x00004f22       0x68 contiki-sky.a(cc2420.o)
 .text.cc2420_read
                0x00004f8a       0xbc contiki-sky.a(cc2420.o)
 .text.process_thread_cc2420_process
                0x00005046       0x5c contiki-sky.a(cc2420.o)
 .text.encrypt  0x000050a2       0x88 contiki-sky.a(cc2420.o)
 .text.cc2420_set_channel
                0x0000512a       0x3c contiki-sky.a(cc2420.o)
                0x0000512a                cc2420_set_channel
 .text.cc2420_set_pan_addr
                0x00005166       0x4c contiki-sky.a(cc2420.o)
                0x00005166                cc2420_set_pan_addr
 .text.cc2420_interrupt
                0x000051b2       0x16 contiki-sky.a(cc2420.o)
                0x000051b2                cc2420_interrupt
 .text.cc2420_set_txpower
                0x000051c8        0xe contiki-sky.a(cc2420.o)
                0x000051c8                cc2420_set_txpower
 .text.cc2420_get_txpower
                0x000051d6       0x1e contiki-sky.a(cc2420.o)
                0x000051d6                cc2420_get_txpower
 .text.cc2420_transmit
                0x000051f4      0x116 contiki-sky.a(cc2420.o)
 .text.cc2420_send
                0x0000530a       0x12 contiki-sky.a(cc2420.o)
 .text.cc2420_rssi
                0x0000531c       0x4c contiki-sky.a(cc2420.o)
                0x0000531c                cc2420_rssi
 .text.get_value
                0x00005368      0x104 contiki-sky.a(cc2420.o)
 .text.cc2420_set_cca_threshold
                0x0000546c       0x16 contiki-sky.a(cc2420.o)
                0x0000546c                cc2420_set_cca_threshold
 .text.set_value
                0x00005482       0xb8 contiki-sky.a(cc2420.o)
 .text.cc2420_init
                0x0000553a       0xea contiki-sky.a(cc2420.o)
                0x0000553a                cc2420_init
 .text.cc2420_port1_interrupt
                0x00005624       0x62 contiki-sky.a(cc2420-arch.o)
                0x00005624                __isr_4
                0x00005624                cc2420_port1_interrupt
 .text.cc2420_arch_init
                0x00005686       0x1a contiki-sky.a(cc2420-arch.o)
                0x00005686                cc2420_arch_init
 .text.uart1_active
                0x000056a0       0x18 contiki-sky.a(uart1.o)
                0x000056a0                uart1_active
 .text.uart1_writeb
                0x000056b8       0x18 contiki-sky.a(uart1.o)
                0x000056b8                uart1_writeb
 .text.uart1_init
                0x000056d0       0xf4 contiki-sky.a(uart1.o)
                0x000056d0                uart1_init
 .text.putchar  0x000057c4       0x10 contiki-sky.a(uart1-putchar.o)
                0x000057c4                putchar
 .text.msp430_init_dco
                0x000057d4       0x82 contiki-sky.a(msp430.o)
                0x000057d4                msp430_init_dco
 .text.msp430_add_lpm_req
                0x00005856        0xc contiki-sky.a(msp430.o)
                0x00005856                msp430_add_lpm_req
 .text.msp430_cpu_init
                0x00005862       0x2a contiki-sky.a(msp430.o)
                0x00005862                msp430_cpu_init
 .text.splhigh_
                0x0000588c        0x8 contiki-sky.a(msp430.o)
                0x0000588c                splhigh_
 .text.timera1  0x00005894       0xfe contiki-sky.a(clock.o)
                0x00005894                __isr_5
                0x00005894                timera1
 .text.clock_time
                0x00005992       0x1a contiki-sky.a(clock.o)
                0x00005992                clock_time
 .text.clock_init
                0x000059ac       0x28 contiki-sky.a(clock.o)
                0x000059ac                clock_init
 .text.clock_delay
                0x000059d4        0xc contiki-sky.a(clock.o)
                0x000059d4                clock_delay
 .text.clock_seconds
                0x000059e0       0x1a contiki-sky.a(clock.o)
                0x000059e0                clock_seconds
 .text.show_leds
                0x000059fa       0xf0 contiki-sky.a(leds.o)
 .text.leds_init
                0x00005aea        0xa contiki-sky.a(leds.o)
                0x00005aea                leds_init
 .text.leds_on  0x00005af4        0xa contiki-sky.a(leds.o)
                0x00005af4                leds_on
 .text.leds_off
                0x00005afe        0xe contiki-sky.a(leds.o)
                0x00005afe                leds_off
 .text.leds_arch_init
                0x00005b0c        0xe contiki-sky.a(leds-arch.o)
                0x00005b0c                leds_arch_init
 .text.leds_arch_set
                0x00005b1a       0x38 contiki-sky.a(leds-arch.o)
                0x00005b1a                leds_arch_set
 .text.watchdog_interrupt
                0x00005b52        0x6 contiki-sky.a(watchdog.o)
                0x00005b52                __isr_10
                0x00005b52                watchdog_interrupt
 .text.watchdog_start
                0x00005b58       0x14 contiki-sky.a(watchdog.o)
                0x00005b58                watchdog_start
 .text.watchdog_periodic
                0x00005b6c       0x12 contiki-sky.a(watchdog.o)
                0x00005b6c                watchdog_periodic
 .text.watchdog_stop
                0x00005b7e       0x16 contiki-sky.a(watchdog.o)
                0x00005b7e                watchdog_stop
 .text.watchdog_init
                0x00005b94       0x12 contiki-sky.a(watchdog.o)
                0x00005b94                watchdog_init
 .text.rtimer_arch_init
                0x00005ba6        0xe contiki-sky.a(rtimer-arch.o)
                0x00005ba6                rtimer_arch_init
 .text.rtimer_arch_now
                0x00005bb4        0xe contiki-sky.a(rtimer-arch.o)
                0x00005bb4                rtimer_arch_now
 .text.timera0  0x00005bc2       0x70 contiki-sky.a(rtimer-arch.o)
                0x00005bc2                __isr_6
                0x00005bc2                timera0
 .text.rtimer_arch_schedule
                0x00005c32        0x6 contiki-sky.a(rtimer-arch.o)
                0x00005c32                rtimer_arch_schedule
 .text.autostart_start
                0x00005c38       0x16 contiki-sky.a(autostart.o)
                0x00005c38                autostart_start
 .text.process_thread_ctimer_process
                0x00005c4e       0xa8 contiki-sky.a(ctimer.o)
 .text.ctimer_init
                0x00005cf6       0x18 contiki-sky.a(ctimer.o)
                0x00005cf6                ctimer_init
 .text.ctimer_set_with_process
                0x00005d0e       0x4e contiki-sky.a(ctimer.o)
                0x00005d0e                ctimer_set_with_process
 .text.ctimer_set
                0x00005d5c       0x10 contiki-sky.a(ctimer.o)
                0x00005d5c                ctimer_set
 .text.ctimer_reset
                0x00005d6c       0x30 contiki-sky.a(ctimer.o)
                0x00005d6c                ctimer_reset
 .text.ctimer_restart
                0x00005d9c       0x30 contiki-sky.a(ctimer.o)
                0x00005d9c                ctimer_restart
 .text.ctimer_stop
                0x00005dcc       0x28 contiki-sky.a(ctimer.o)
                0x00005dcc                ctimer_stop
 .text.energest_init
                0x00005df4       0x26 contiki-sky.a(energest.o)
                0x00005df4                energest_init
 .text.energest_type_time
                0x00005e1a       0x48 contiki-sky.a(energest.o)
                0x00005e1a                energest_type_time
 .text.energest_type_set
                0x00005e62        0xe contiki-sky.a(energest.o)
                0x00005e62                energest_type_set
 .text.energest_flush
                0x00005e70       0x48 contiki-sky.a(energest.o)
                0x00005e70                energest_flush
 .text.update_time
                0x00005eb8       0x78 contiki-sky.a(etimer.o)
 .text.etimer_request_poll
                0x00005f30        0xa contiki-sky.a(etimer.o)
                0x00005f30                etimer_request_poll
 .text.process_thread_etimer_process
                0x00005f3a       0xcc contiki-sky.a(etimer.o)
 .text.add_timer
                0x00006006       0x40 contiki-sky.a(etimer.o)
 .text.etimer_set
                0x00006046       0x12 contiki-sky.a(etimer.o)
                0x00006046                etimer_set
 .text.etimer_reset
                0x00006058       0x12 contiki-sky.a(etimer.o)
                0x00006058                etimer_reset
 .text.etimer_restart
                0x0000606a       0x12 contiki-sky.a(etimer.o)
                0x0000606a                etimer_restart
 .text.etimer_expired
                0x0000607c        0xe contiki-sky.a(etimer.o)
                0x0000607c                etimer_expired
 .text.etimer_expiration_time
                0x0000608a       0x14 contiki-sky.a(etimer.o)
                0x0000608a                etimer_expiration_time
 .text.etimer_pending
                0x0000609e        0xc contiki-sky.a(etimer.o)
                0x0000609e                etimer_pending
 .text.etimer_next_expiration_time
                0x000060aa       0x16 contiki-sky.a(etimer.o)
                0x000060aa                etimer_next_expiration_time
 .text.etimer_stop
                0x000060c0       0x3e contiki-sky.a(etimer.o)
                0x000060c0                etimer_stop
 .text.call_process
                0x000060fe       0x46 contiki-sky.a(process.o)
 .text.exit_process
                0x00006144       0x96 contiki-sky.a(process.o)
 .text.do_poll  0x000061da       0x30 contiki-sky.a(process.o)
 .text.process_alloc_event
                0x0000620a        0xe contiki-sky.a(process.o)
                0x0000620a                process_alloc_event
 .text.process_init
                0x00006218       0x1c contiki-sky.a(process.o)
                0x00006218                process_init
 .text.process_run
                0x00006234       0x92 contiki-sky.a(process.o)
                0x00006234                process_run
 .text.process_nevents
                0x000062c6        0xe contiki-sky.a(process.o)
                0x000062c6                process_nevents
 .text.process_post
                0x000062d4       0x4e contiki-sky.a(process.o)
                0x000062d4                process_post
 .text.process_post_synch
                0x00006322       0x12 contiki-sky.a(process.o)
                0x00006322                process_post_synch
 .text.process_start
                0x00006334       0x36 contiki-sky.a(process.o)
                0x00006334                process_start
 .text.process_poll
                0x0000636a       0x18 contiki-sky.a(process.o)
                0x0000636a                process_poll
 .text.rtimer_init
                0x00006382        0x6 contiki-sky.a(rtimer.o)
                0x00006382                rtimer_init
 .text.rtimer_set
                0x00006388       0x24 contiki-sky.a(rtimer.o)
                0x00006388                rtimer_set
 .text.rtimer_run_next
                0x000063ac       0x26 contiki-sky.a(rtimer.o)
                0x000063ac                rtimer_run_next
 .text.timer_set
                0x000063d2       0x1c contiki-sky.a(timer.o)
                0x000063d2                timer_set
 .text.timer_reset
                0x000063ee        0xe contiki-sky.a(timer.o)
                0x000063ee                timer_reset
 .text.timer_restart
                0x000063fc       0x14 contiki-sky.a(timer.o)
                0x000063fc                timer_restart
 .text.timer_expired
                0x00006410       0x2a contiki-sky.a(timer.o)
                0x00006410                timer_expired
 .text.list_init
                0x0000643a        0x6 contiki-sky.a(list.o)
                0x0000643a                list_init
 .text.list_head
                0x00006440        0x4 contiki-sky.a(list.o)
                0x00006440                list_head
 .text.list_tail
                0x00006444       0x12 contiki-sky.a(list.o)
                0x00006444                list_tail
 .text.list_remove
                0x00006456       0x34 contiki-sky.a(list.o)
                0x00006456                list_remove
 .text.list_push
                0x0000648a       0x1a contiki-sky.a(list.o)
                0x0000648a                list_push
 .text.list_add
                0x000064a4       0x2a contiki-sky.a(list.o)
                0x000064a4                list_add
 .text.list_length
                0x000064ce       0x10 contiki-sky.a(list.o)
                0x000064ce                list_length
 .text.list_item_next
                0x000064de        0xc contiki-sky.a(list.o)
                0x000064de                list_item_next
 .text.random_init
                0x000064ea        0x6 contiki-sky.a(random.o)
                0x000064ea                random_init
 .text.random_rand
                0x000064f0        0x6 contiki-sky.a(random.o)
                0x000064f0                random_rand
 .text.uip_ds6_list_loop
                0x000064f6       0x86 contiki-sky.a(uip-ds6.o)
                0x000064f6                uip_ds6_list_loop
 .text.uip_ds6_prefix_add
                0x0000657c       0x80 contiki-sky.a(uip-ds6.o)
                0x0000657c                uip_ds6_prefix_add
 .text.uip_ds6_is_addr_onlink
                0x000065fc       0x54 contiki-sky.a(uip-ds6.o)
                0x000065fc                uip_ds6_is_addr_onlink
 .text.uip_ds6_addr_lookup
                0x00006650       0x28 contiki-sky.a(uip-ds6.o)
                0x00006650                uip_ds6_addr_lookup
 .text.uip_ds6_get_link_local
                0x00006678       0x3e contiki-sky.a(uip-ds6.o)
                0x00006678                uip_ds6_get_link_local
 .text.uip_ds6_maddr_add
                0x000066b6       0x4a contiki-sky.a(uip-ds6.o)
                0x000066b6                uip_ds6_maddr_add
 .text.uip_ds6_addr_add
                0x00006700       0xc2 contiki-sky.a(uip-ds6.o)
                0x00006700                uip_ds6_addr_add
 .text.uip_ds6_maddr_rm
                0x000067c2        0xa contiki-sky.a(uip-ds6.o)
                0x000067c2                uip_ds6_maddr_rm
 .text.uip_ds6_maddr_lookup
                0x000067cc       0x28 contiki-sky.a(uip-ds6.o)
                0x000067cc                uip_ds6_maddr_lookup
 .text.uip_ds6_addr_rm
                0x000067f4       0x54 contiki-sky.a(uip-ds6.o)
                0x000067f4                uip_ds6_addr_rm
 .text.uip_ds6_periodic
                0x00006848       0x46 contiki-sky.a(uip-ds6.o)
                0x00006848                uip_ds6_periodic
 .text.uip_ds6_set_addr_iid
                0x0000688e       0x14 contiki-sky.a(uip-ds6.o)
                0x0000688e                uip_ds6_set_addr_iid
 .text.get_match_length
                0x000068a2       0x44 contiki-sky.a(uip-ds6.o)
                0x000068a2                get_match_length
 .text.uip_ds6_select_src
                0x000068e6       0xaa contiki-sky.a(uip-ds6.o)
                0x000068e6                uip_ds6_select_src
 .text.uip_ds6_compute_reachable_time
                0x00006990       0x3e contiki-sky.a(uip-ds6.o)
                0x00006990                uip_ds6_compute_reachable_time
 .text.uip_ds6_init
                0x000069ce      0x154 contiki-sky.a(uip-ds6.o)
                0x000069ce                uip_ds6_init
 .text.call_route_callback
                0x00006b22       0x4c contiki-sky.a(uip-ds6-route.o)
 .text.uip_ds6_route_init
                0x00006b6e       0x36 contiki-sky.a(uip-ds6-route.o)
                0x00006b6e                uip_ds6_route_init
 .text.uip_ds6_route_nexthop
                0x00006ba4       0x1a contiki-sky.a(uip-ds6-route.o)
                0x00006ba4                uip_ds6_route_nexthop
 .text.uip_ds6_route_head
                0x00006bbe        0xa contiki-sky.a(uip-ds6-route.o)
                0x00006bbe                uip_ds6_route_head
 .text.uip_ds6_route_next
                0x00006bc8        0xe contiki-sky.a(uip-ds6-route.o)
                0x00006bc8                uip_ds6_route_next
 .text.uip_ds6_route_is_nexthop
                0x00006bd6       0x22 contiki-sky.a(uip-ds6-route.o)
                0x00006bd6                uip_ds6_route_is_nexthop
 .text.uip_ds6_route_lookup
                0x00006bf8       0x8c contiki-sky.a(uip-ds6-route.o)
                0x00006bf8                uip_ds6_route_lookup
 .text.uip_ds6_route_rm
                0x00006c84       0xa6 contiki-sky.a(uip-ds6-route.o)
                0x00006c84                uip_ds6_route_rm
 .text.rm_routelist
                0x00006d2a       0x34 contiki-sky.a(uip-ds6-route.o)
 .text.rm_routelist_callback
                0x00006d5e        0x6 contiki-sky.a(uip-ds6-route.o)
 .text.uip_ds6_route_add
                0x00006d64      0x110 contiki-sky.a(uip-ds6-route.o)
                0x00006d64                uip_ds6_route_add
 .text.uip_ds6_defrt_rm
                0x00006e74       0x48 contiki-sky.a(uip-ds6-route.o)
                0x00006e74                uip_ds6_defrt_rm
 .text.uip_ds6_defrt_lookup
                0x00006ebc       0x36 contiki-sky.a(uip-ds6-route.o)
                0x00006ebc                uip_ds6_defrt_lookup
 .text.uip_ds6_defrt_add
                0x00006ef2       0x74 contiki-sky.a(uip-ds6-route.o)
                0x00006ef2                uip_ds6_defrt_add
 .text.uip_ds6_defrt_choose
                0x00006f66       0x3a contiki-sky.a(uip-ds6-route.o)
                0x00006f66                uip_ds6_defrt_choose
 .text.uip_ds6_defrt_periodic
                0x00006fa0       0x38 contiki-sky.a(uip-ds6-route.o)
                0x00006fa0                uip_ds6_defrt_periodic
 .text.chksum   0x00006fd8       0x32 contiki-sky.a(uip6.o)
 .text.ext_hdr_options_process
                0x0000700a       0xd0 contiki-sky.a(uip6.o)
 .text.uip_icmp6chksum
                0x000070da       0x56 contiki-sky.a(uip6.o)
                0x000070da                uip_icmp6chksum
 .text.uip_init
                0x00007130       0x20 contiki-sky.a(uip6.o)
                0x00007130                uip_init
 .text.remove_ext_hdr
                0x00007150       0x54 contiki-sky.a(uip6.o)
                0x00007150                remove_ext_hdr
 .text.uip_udp_new
                0x000071a4       0x94 contiki-sky.a(uip6.o)
                0x000071a4                uip_udp_new
 .text.uip_process
                0x00007238      0x478 contiki-sky.a(uip6.o)
                0x00007238                uip_process
 .text.uip_htonl
                0x000076b0       0x2e contiki-sky.a(uip6.o)
                0x000076b0                uip_htonl
 .text.uip_ds6_nbr_rm
                0x000076de       0x1e contiki-sky.a(uip-ds6-nbr.o)
                0x000076de                uip_ds6_nbr_rm
 .text.uip_ds6_neighbors_init
                0x000076fc       0x12 contiki-sky.a(uip-ds6-nbr.o)
                0x000076fc                uip_ds6_neighbors_init
 .text.uip_ds6_nbr_add
                0x0000770e       0x3e contiki-sky.a(uip-ds6-nbr.o)
                0x0000770e                uip_ds6_nbr_add
 .text.uip_ds6_nbr_get_ll
                0x0000774c        0xc contiki-sky.a(uip-ds6-nbr.o)
                0x0000774c                uip_ds6_nbr_get_ll
 .text.uip_ds6_nbr_lookup
                0x00007758       0x42 contiki-sky.a(uip-ds6-nbr.o)
                0x00007758                uip_ds6_nbr_lookup
 .text.uip_ds6_nbr_ll_lookup
                0x0000779a        0xc contiki-sky.a(uip-ds6-nbr.o)
                0x0000779a                uip_ds6_nbr_ll_lookup
 .text.uip_ds6_nbr_ipaddr_from_lladdr
                0x000077a6        0x6 contiki-sky.a(uip-ds6-nbr.o)
                0x000077a6                uip_ds6_nbr_ipaddr_from_lladdr
 .text.uip_ds6_nbr_lladdr_from_ipaddr
                0x000077ac       0x12 contiki-sky.a(uip-ds6-nbr.o)
                0x000077ac                uip_ds6_nbr_lladdr_from_ipaddr
 .text.uip_ds6_link_neighbor_callback
                0x000077be       0x36 contiki-sky.a(uip-ds6-nbr.o)
                0x000077be                uip_ds6_link_neighbor_callback
 .text.ns_input
                0x000077f4      0x268 contiki-sky.a(uip-nd6.o)
 .text.uip_nd6_init
                0x00007a5c        0xa contiki-sky.a(uip-nd6.o)
                0x00007a5c                uip_nd6_init
 .text.set_packet_attrs
                0x00007a66       0x46 contiki-sky.a(sicslowpan.o)
 .text.addr_context_lookup_by_number
                0x00007aac       0x32 contiki-sky.a(sicslowpan.o)
 .text.compress_addr_64
                0x00007ade       0xae contiki-sky.a(sicslowpan.o)
 .text.uncompress_addr
                0x00007b8c       0xb4 contiki-sky.a(sicslowpan.o)
 .text.sicslowpan_init
                0x00007c40       0x24 contiki-sky.a(sicslowpan.o)
                0x00007c40                sicslowpan_init
 .text.addr_context_lookup_by_prefix
                0x00007c64       0x4c contiki-sky.a(sicslowpan.o)
 .text.packet_sent
                0x00007cb0       0x22 contiki-sky.a(sicslowpan.o)
 .text.input    0x00007cd2      0x470 contiki-sky.a(sicslowpan.o)
 .text.output   0x00008142      0x560 contiki-sky.a(sicslowpan.o)
 .text.tcpip_output
                0x000086a2       0x10 contiki-sky.a(tcpip.o)
                0x000086a2                tcpip_output
 .text.tcpip_set_outputfunc
                0x000086b2        0x6 contiki-sky.a(tcpip.o)
                0x000086b2                tcpip_set_outputfunc
 .text.udp_new  0x000086b8       0x1a contiki-sky.a(tcpip.o)
                0x000086b8                udp_new
 .text.tcpip_input
                0x000086d2       0x16 contiki-sky.a(tcpip.o)
                0x000086d2                tcpip_input
 .text.tcpip_ipv6_output
                0x000086e8       0xe8 contiki-sky.a(tcpip.o)
                0x000086e8                tcpip_ipv6_output
 .text.process_thread_tcpip_process
                0x000087d0       0xce contiki-sky.a(tcpip.o)
 .text.tcpip_uipcall
                0x0000889e       0x2a contiki-sky.a(tcpip.o)
                0x0000889e                tcpip_uipcall
 .text.process_thread_simple_udp_process
                0x000088c8       0xae contiki-sky.a(simple-udp.o)
 .text.simple_udp_sendto
                0x00008976       0x2c contiki-sky.a(simple-udp.o)
                0x00008976                simple_udp_sendto
 .text.simple_udp_register
                0x000089a2       0x96 contiki-sky.a(simple-udp.o)
                0x000089a2                simple_udp_register
 .text.uip_debug_ipaddr_print
                0x00008a38       0xc8 contiki-sky.a(uip-debug.o)
                0x00008a38                uip_debug_ipaddr_print
 .text.lollipop_greater_than
                0x00008b00       0x3c contiki-sky.a(rpl-dag.o)
 .text.find_parent_any_dag_any_instance
                0x00008b3c       0x14 contiki-sky.a(rpl-dag.o)
 .text.set_ip_from_prefix
                0x00008b50       0x38 contiki-sky.a(rpl-dag.o)
 .text.check_prefix
                0x00008b88       0x80 contiki-sky.a(rpl-dag.o)
 .text.rpl_set_preferred_parent
                0x00008c08       0x30 contiki-sky.a(rpl-dag.o)
 .text.rpl_dag_init
                0x00008c38        0xe contiki-sky.a(rpl-dag.o)
                0x00008c38                rpl_dag_init
 .text.rpl_get_parent
                0x00008c46        0xc contiki-sky.a(rpl-dag.o)
                0x00008c46                rpl_get_parent
 .text.rpl_rank_via_parent
                0x00008c52       0x2a contiki-sky.a(rpl-dag.o)
                0x00008c52                rpl_rank_via_parent
 .text.rpl_get_parent_lladdr
                0x00008c7c        0xc contiki-sky.a(rpl-dag.o)
                0x00008c7c                rpl_get_parent_lladdr
 .text.rpl_get_parent_ipaddr
                0x00008c88        0xa contiki-sky.a(rpl-dag.o)
                0x00008c88                rpl_get_parent_ipaddr
 .text.rpl_get_parent_link_stats
                0x00008c92        0xa contiki-sky.a(rpl-dag.o)
                0x00008c92                rpl_get_parent_link_stats
 .text.rpl_parent_is_fresh
                0x00008c9c        0xa contiki-sky.a(rpl-dag.o)
                0x00008c9c                rpl_parent_is_fresh
 .text.best_parent
                0x00008ca6       0x82 contiki-sky.a(rpl-dag.o)
 .text.rpl_parent_is_reachable
                0x00008d28       0x4a contiki-sky.a(rpl-dag.o)
                0x00008d28                rpl_parent_is_reachable
 .text.rpl_set_prefix
                0x00008d72       0x8e contiki-sky.a(rpl-dag.o)
                0x00008d72                rpl_set_prefix
 .text.rpl_set_default_route
                0x00008e00       0x3e contiki-sky.a(rpl-dag.o)
                0x00008e00                rpl_set_default_route
 .text.rpl_alloc_instance
                0x00008e3e       0x34 contiki-sky.a(rpl-dag.o)
                0x00008e3e                rpl_alloc_instance
 .text.rpl_add_parent
                0x00008e72       0x3e contiki-sky.a(rpl-dag.o)
                0x00008e72                rpl_add_parent
 .text.rpl_find_parent
                0x00008eb0       0x1a contiki-sky.a(rpl-dag.o)
                0x00008eb0                rpl_find_parent
 .text.rpl_find_parent_any_dag
                0x00008eca       0x22 contiki-sky.a(rpl-dag.o)
                0x00008eca                rpl_find_parent_any_dag
 .text.rpl_select_parent
                0x00008eec       0x66 contiki-sky.a(rpl-dag.o)
                0x00008eec                rpl_select_parent
 .text.rpl_select_dag
                0x00008f52      0x1a6 contiki-sky.a(rpl-dag.o)
                0x00008f52                rpl_select_dag
 .text.rpl_nullify_parent
                0x000090f8       0x60 contiki-sky.a(rpl-dag.o)
                0x000090f8                rpl_nullify_parent
 .text.rpl_remove_parent
                0x00009158       0x16 contiki-sky.a(rpl-dag.o)
                0x00009158                rpl_remove_parent
 .text.nbr_callback
                0x0000916e        0x6 contiki-sky.a(rpl-dag.o)
 .text.remove_parents.constprop.4
                0x00009174       0x30 contiki-sky.a(rpl-dag.o)
 .text.rpl_free_dag
                0x000091a4       0x42 contiki-sky.a(rpl-dag.o)
                0x000091a4                rpl_free_dag
 .text.rpl_move_parent
                0x000091e6       0x68 contiki-sky.a(rpl-dag.o)
                0x000091e6                rpl_move_parent
 .text.rpl_get_dag
                0x0000924e       0x38 contiki-sky.a(rpl-dag.o)
                0x0000924e                rpl_get_dag
 .text.rpl_get_any_dag
                0x00009286       0x16 contiki-sky.a(rpl-dag.o)
                0x00009286                rpl_get_any_dag
 .text.rpl_get_instance
                0x0000929c       0x16 contiki-sky.a(rpl-dag.o)
                0x0000929c                rpl_get_instance
 .text.rpl_alloc_dag
                0x000092b2       0x64 contiki-sky.a(rpl-dag.o)
                0x000092b2                rpl_alloc_dag
 .text.rpl_repair_root
                0x00009316       0x4c contiki-sky.a(rpl-dag.o)
                0x00009316                rpl_repair_root
 .text.rpl_find_of
                0x00009362       0x10 contiki-sky.a(rpl-dag.o)
                0x00009362                rpl_find_of
 .text.rpl_set_root
                0x00009372      0x12c contiki-sky.a(rpl-dag.o)
                0x00009372                rpl_set_root
 .text.rpl_join_instance
                0x0000949e      0x156 contiki-sky.a(rpl-dag.o)
                0x0000949e                rpl_join_instance
 .text.rpl_local_repair
                0x000095f4       0x72 contiki-sky.a(rpl-dag.o)
                0x000095f4                rpl_local_repair
 .text.rpl_process_parent_event
                0x00009666       0xc0 contiki-sky.a(rpl-dag.o)
                0x00009666                rpl_process_parent_event
 .text.rpl_recalculate_ranks
                0x00009726       0x44 contiki-sky.a(rpl-dag.o)
                0x00009726                rpl_recalculate_ranks
 .text.rpl_process_dio
                0x0000976a      0x310 contiki-sky.a(rpl-dag.o)
                0x0000976a                rpl_process_dio
 .text.handle_unicast_dio_timer
                0x00009a7a       0x1c contiki-sky.a(rpl-timers.o)
 .text.new_dio_interval
                0x00009a96       0x92 contiki-sky.a(rpl-timers.o)
 .text.set_dao_lifetime_timer
                0x00009b28       0x86 contiki-sky.a(rpl-timers.o)
 .text.handle_periodic_timer
                0x00009bae       0x50 contiki-sky.a(rpl-timers.o)
 .text.schedule_dao
                0x00009bfe       0x82 contiki-sky.a(rpl-timers.o)
 .text.handle_dio_timer
                0x00009c80       0x88 contiki-sky.a(rpl-timers.o)
 .text.handle_dao_timer
                0x00009d08       0x64 contiki-sky.a(rpl-timers.o)
 .text.rpl_reset_periodic_timer
                0x00009d6c       0x54 contiki-sky.a(rpl-timers.o)
                0x00009d6c                rpl_reset_periodic_timer
 .text.rpl_reset_dio_timer
                0x00009dc0       0x18 contiki-sky.a(rpl-timers.o)
                0x00009dc0                rpl_reset_dio_timer
 .text.rpl_schedule_dao
                0x00009dd8        0xc contiki-sky.a(rpl-timers.o)
                0x00009dd8                rpl_schedule_dao
 .text.rpl_schedule_unicast_dio_immediately
                0x00009de4       0x16 contiki-sky.a(rpl-timers.o)
                0x00009de4                rpl_schedule_unicast_dio_immediately
 .text.get_probing_delay
                0x00009dfa       0x40 contiki-sky.a(rpl-timers.o)
                0x00009dfa                get_probing_delay
 .text.get_probing_target
                0x00009e3a       0xfa contiki-sky.a(rpl-timers.o)
                0x00009e3a                get_probing_target
 .text.rpl_schedule_probing
                0x00009f34       0x26 contiki-sky.a(rpl-timers.o)
                0x00009f34                rpl_schedule_probing
 .text.handle_probing_timer
                0x00009f5a       0x3c contiki-sky.a(rpl-timers.o)
 .text.update_hbh_header
                0x00009f96       0xcc contiki-sky.a(rpl-ext-header.)
 .text.insert_hbh_header
                0x0000a062       0x9c contiki-sky.a(rpl-ext-header.)
 .text.rpl_verify_hbh_header
                0x0000a0fe      0x100 contiki-sky.a(rpl-ext-header.)
                0x0000a0fe                rpl_verify_hbh_header
 .text.rpl_remove_header
                0x0000a1fe       0x7a contiki-sky.a(rpl-ext-header.)
                0x0000a1fe                rpl_remove_header
 .text.rpl_update_header
                0x0000a278       0x60 contiki-sky.a(rpl-ext-header.)
                0x0000a278                rpl_update_header
 .text.rpl_get_mode
                0x0000a2d8        0x6 contiki-sky.a(rpl.o)
                0x0000a2d8                rpl_get_mode
 .text.rpl_purge_routes
                0x0000a2de       0x94 contiki-sky.a(rpl.o)
                0x0000a2de                rpl_purge_routes
 .text.rpl_remove_routes
                0x0000a372       0x22 contiki-sky.a(rpl.o)
                0x0000a372                rpl_remove_routes
 .text.rpl_remove_routes_by_nexthop
                0x0000a394       0x46 contiki-sky.a(rpl.o)
                0x0000a394                rpl_remove_routes_by_nexthop
 .text.rpl_add_route
                0x0000a3da       0x5c contiki-sky.a(rpl.o)
                0x0000a3da                rpl_add_route
 .text.rpl_link_neighbor_callback
                0x0000a436       0x4c contiki-sky.a(rpl.o)
                0x0000a436                rpl_link_neighbor_callback
 .text.rpl_ipv6_neighbor_callback
                0x0000a482       0x1e contiki-sky.a(rpl.o)
                0x0000a482                rpl_ipv6_neighbor_callback
 .text.rpl_purge_dags
                0x0000a4a0       0x3e contiki-sky.a(rpl.o)
                0x0000a4a0                rpl_purge_dags
 .text.rpl_init
                0x0000a4de       0x62 contiki-sky.a(rpl.o)
                0x0000a4de                rpl_init
 .text.reset    0x0000a540        0x2 contiki-sky.a(rpl-mrhof.o)
 .text.update_metric_container
                0x0000a542        0x6 contiki-sky.a(rpl-mrhof.o)
 .text.parent_link_metric
                0x0000a548       0x10 contiki-sky.a(rpl-mrhof.o)
 .text.parent_has_usable_link
                0x0000a558       0x14 contiki-sky.a(rpl-mrhof.o)
 .text.best_dag
                0x0000a56c       0x2e contiki-sky.a(rpl-mrhof.o)
 .text.parent_path_cost
                0x0000a59a       0x44 contiki-sky.a(rpl-mrhof.o)
 .text.parent_is_acceptable
                0x0000a5de       0x2e contiki-sky.a(rpl-mrhof.o)
 .text.rank_via_parent
                0x0000a60c       0x56 contiki-sky.a(rpl-mrhof.o)
 .text.best_parent
                0x0000a662       0x82 contiki-sky.a(rpl-mrhof.o)
 .text.get32    0x0000a6e4       0x46 contiki-sky.a(rpl-icmp6.o)
 .text.set32    0x0000a72a       0x2a contiki-sky.a(rpl-icmp6.o)
 .text.get16    0x0000a754        0xe contiki-sky.a(rpl-icmp6.o)
 .text.set16    0x0000a762       0x10 contiki-sky.a(rpl-icmp6.o)
 .text.dao_ack_input
                0x0000a772        0xa contiki-sky.a(rpl-icmp6.o)
 .text.dio_input
                0x0000a77c      0x2ea contiki-sky.a(rpl-icmp6.o)
 .text.rpl_icmp6_update_nbr_table
                0x0000aa66       0x30 contiki-sky.a(rpl-icmp6.o)
                0x0000aa66                rpl_icmp6_update_nbr_table
 .text.dao_input
                0x0000aa96      0x2e2 contiki-sky.a(rpl-icmp6.o)
 .text.dis_output
                0x0000ad78       0x50 contiki-sky.a(rpl-icmp6.o)
                0x0000ad78                dis_output
 .text.dio_output
                0x0000adc8      0x272 contiki-sky.a(rpl-icmp6.o)
                0x0000adc8                dio_output
 .text.dis_input
                0x0000b03a       0x3e contiki-sky.a(rpl-icmp6.o)
 .text.dao_output_target
                0x0000b078       0xfe contiki-sky.a(rpl-icmp6.o)
                0x0000b078                dao_output_target
 .text.dao_output
                0x0000b176       0xc4 contiki-sky.a(rpl-icmp6.o)
                0x0000b176                dao_output
 .text.rpl_icmp6_register_handlers
                0x0000b23a       0x22 contiki-sky.a(rpl-icmp6.o)
                0x0000b23a                rpl_icmp6_register_handlers
 .text.create_frame.isra.0
                0x0000b25c      0x118 contiki-sky.a(framer-802154.o)
 .text.create   0x0000b374        0x8 contiki-sky.a(framer-802154.o)
 .text.hdr_length
                0x0000b37c        0x8 contiki-sky.a(framer-802154.o)
 .text.parse    0x0000b384       0x9e contiki-sky.a(framer-802154.o)
 .text.frame802154_get_pan_id
                0x0000b422        0x6 contiki-sky.a(frame802154.o)
                0x0000b422                frame802154_get_pan_id
 .text.frame802154_has_panid
                0x0000b428       0xe0 contiki-sky.a(frame802154.o)
                0x0000b428                frame802154_has_panid
 .text.field_len
                0x0000b508       0xac contiki-sky.a(frame802154.o)
 .text.frame802154_is_broadcast_addr
                0x0000b5b4       0x28 contiki-sky.a(frame802154.o)
                0x0000b5b4                frame802154_is_broadcast_addr
 .text.frame802154_hdrlen
                0x0000b5dc       0x32 contiki-sky.a(frame802154.o)
                0x0000b5dc                frame802154_hdrlen
 .text.frame802154_create_fcf
                0x0000b60e       0x96 contiki-sky.a(frame802154.o)
                0x0000b60e                frame802154_create_fcf
 .text.frame802154_create
                0x0000b6a4       0xe4 contiki-sky.a(frame802154.o)
                0x0000b6a4                frame802154_create
 .text.frame802154_parse_fcf
                0x0000b788       0xbc contiki-sky.a(frame802154.o)
                0x0000b788                frame802154_parse_fcf
 .text.frame802154_parse
                0x0000b844      0x168 contiki-sky.a(frame802154.o)
                0x0000b844                frame802154_parse
 .text.input_packet
                0x0000b9ac        0x6 contiki-sky.a(csma.o)
 .text.on       0x0000b9b2        0x6 contiki-sky.a(csma.o)
 .text.off      0x0000b9b8        0x6 contiki-sky.a(csma.o)
 .text.channel_check_interval
                0x0000b9be       0x10 contiki-sky.a(csma.o)
 .text.transmit_packet_list
                0x0000b9ce       0x24 contiki-sky.a(csma.o)
 .text.schedule_transmission
                0x0000b9f2       0x96 contiki-sky.a(csma.o)
 .text.init     0x0000ba88       0x1a contiki-sky.a(csma.o)
 .text.tx_done  0x0000baa2       0x9a contiki-sky.a(csma.o)
 .text.send_packet
                0x0000bb3c      0x164 contiki-sky.a(csma.o)
 .text.packet_sent
                0x0000bca0       0xd6 contiki-sky.a(csma.o)
 .text.queuebuf_init
                0x0000bd76       0x12 contiki-sky.a(queuebuf.o)
                0x0000bd76                queuebuf_init
 .text.queuebuf_new_from_packetbuf
                0x0000bd88       0x64 contiki-sky.a(queuebuf.o)
                0x0000bd88                queuebuf_new_from_packetbuf
 .text.queuebuf_update_attr_from_packetbuf
                0x0000bdec       0x12 contiki-sky.a(queuebuf.o)
                0x0000bdec                queuebuf_update_attr_from_packetbuf
 .text.queuebuf_update_from_packetbuf
                0x0000bdfe       0x22 contiki-sky.a(queuebuf.o)
                0x0000bdfe                queuebuf_update_from_packetbuf
 .text.queuebuf_free
                0x0000be20       0x2a contiki-sky.a(queuebuf.o)
                0x0000be20                queuebuf_free
 .text.queuebuf_to_packetbuf
                0x0000be4a       0x32 contiki-sky.a(queuebuf.o)
                0x0000be4a                queuebuf_to_packetbuf
 .text.queuebuf_attr
                0x0000be7c        0xe contiki-sky.a(queuebuf.o)
                0x0000be7c                queuebuf_attr
 .text.key_from_index
                0x0000be8a       0x18 contiki-sky.a(nbr-table.o)
 .text.item_from_index
                0x0000bea2       0x2a contiki-sky.a(nbr-table.o)
 .text.index_from_key
                0x0000becc       0x26 contiki-sky.a(nbr-table.o)
 .text.index_from_item
                0x0000bef2       0x1e contiki-sky.a(nbr-table.o)
 .text.nbr_set_bit
                0x0000bf10       0x58 contiki-sky.a(nbr-table.o)
 .text.index_from_lladdr
                0x0000bf68       0x42 contiki-sky.a(nbr-table.o)
 .text.nbr_get_bit.constprop.0
                0x0000bfaa       0x2e contiki-sky.a(nbr-table.o)
 .text.remove_key
                0x0000bfd8       0x66 contiki-sky.a(nbr-table.o)
 .text.nbr_table_register
                0x0000c03e       0x26 contiki-sky.a(nbr-table.o)
                0x0000c03e                nbr_table_register
 .text.nbr_table_next
                0x0000c064       0x3e contiki-sky.a(nbr-table.o)
                0x0000c064                nbr_table_next
 .text.nbr_table_head
                0x0000c0a2       0x3a contiki-sky.a(nbr-table.o)
                0x0000c0a2                nbr_table_head
 .text.nbr_table_add_lladdr
                0x0000c0dc      0x110 contiki-sky.a(nbr-table.o)
                0x0000c0dc                nbr_table_add_lladdr
 .text.nbr_table_get_from_lladdr
                0x0000c1ec       0x2c contiki-sky.a(nbr-table.o)
                0x0000c1ec                nbr_table_get_from_lladdr
 .text.nbr_table_remove
                0x0000c218       0x32 contiki-sky.a(nbr-table.o)
                0x0000c218                nbr_table_remove
 .text.nbr_table_lock
                0x0000c24a       0x10 contiki-sky.a(nbr-table.o)
                0x0000c24a                nbr_table_lock
 .text.nbr_table_unlock
                0x0000c25a       0x10 contiki-sky.a(nbr-table.o)
                0x0000c25a                nbr_table_unlock
 .text.nbr_table_get_lladdr
                0x0000c26a       0x14 contiki-sky.a(nbr-table.o)
                0x0000c26a                nbr_table_get_lladdr
 .text.nbr_table_update_lladdr
                0x0000c27e       0x50 contiki-sky.a(nbr-table.o)
                0x0000c27e                nbr_table_update_lladdr
 .text.packetbuf_hdrreduce
                0x0000c2ce       0x1a contiki-sky.a(packetbuf.o)
                0x0000c2ce                packetbuf_hdrreduce
 .text.packetbuf_set_datalen
                0x0000c2e8        0x6 contiki-sky.a(packetbuf.o)
                0x0000c2e8                packetbuf_set_datalen
 .text.packetbuf_hdrptr
                0x0000c2ee        0x6 contiki-sky.a(packetbuf.o)
                0x0000c2ee                packetbuf_hdrptr
 .text.packetbuf_datalen
                0x0000c2f4        0x6 contiki-sky.a(packetbuf.o)
                0x0000c2f4                packetbuf_datalen
 .text.packetbuf_hdrlen
                0x0000c2fa        0xa contiki-sky.a(packetbuf.o)
                0x0000c2fa                packetbuf_hdrlen
 .text.packetbuf_dataptr
                0x0000c304        0xc contiki-sky.a(packetbuf.o)
                0x0000c304                packetbuf_dataptr
 .text.packetbuf_copyto
                0x0000c310       0x46 contiki-sky.a(packetbuf.o)
                0x0000c310                packetbuf_copyto
 .text.packetbuf_totlen
                0x0000c356        0xc contiki-sky.a(packetbuf.o)
                0x0000c356                packetbuf_totlen
 .text.packetbuf_hdralloc
                0x0000c362       0x3c contiki-sky.a(packetbuf.o)
                0x0000c362                packetbuf_hdralloc
 .text.packetbuf_attr_clear
                0x0000c39e       0x28 contiki-sky.a(packetbuf.o)
                0x0000c39e                packetbuf_attr_clear
 .text.packetbuf_clear
                0x0000c3c6       0x12 contiki-sky.a(packetbuf.o)
                0x0000c3c6                packetbuf_clear
 .text.packetbuf_copyfrom
                0x0000c3d8       0x2e contiki-sky.a(packetbuf.o)
                0x0000c3d8                packetbuf_copyfrom
 .text.packetbuf_attr_copyto
                0x0000c406       0x22 contiki-sky.a(packetbuf.o)
                0x0000c406                packetbuf_attr_copyto
 .text.packetbuf_attr_copyfrom
                0x0000c428       0x24 contiki-sky.a(packetbuf.o)
                0x0000c428                packetbuf_attr_copyfrom
 .text.packetbuf_holds_broadcast
                0x0000c44c        0xe contiki-sky.a(packetbuf.o)
                0x0000c44c                packetbuf_holds_broadcast
 .text.linkaddr_copy
                0x0000c45a        0x8 contiki-sky.a(linkaddr.o)
                0x0000c45a                linkaddr_copy
 .text.linkaddr_cmp
                0x0000c462       0x12 contiki-sky.a(linkaddr.o)
                0x0000c462                linkaddr_cmp
 .text.linkaddr_set_node_addr
                0x0000c474        0xc contiki-sky.a(linkaddr.o)
                0x0000c474                linkaddr_set_node_addr
 .text.periodic
                0x0000c480       0x28 contiki-sky.a(link-stats.o)
 .text.link_stats_from_lladdr
                0x0000c4a8        0xc contiki-sky.a(link-stats.o)
                0x0000c4a8                link_stats_from_lladdr
 .text.link_stats_is_fresh
                0x0000c4b4       0x32 contiki-sky.a(link-stats.o)
                0x0000c4b4                link_stats_is_fresh
 .text.link_stats_packet_sent
                0x0000c4e6       0xd6 contiki-sky.a(link-stats.o)
                0x0000c4e6                link_stats_packet_sent
 .text.link_stats_input_callback
                0x0000c5bc       0xb2 contiki-sky.a(link-stats.o)
                0x0000c5bc                link_stats_input_callback
 .text.link_stats_init
                0x0000c66e       0x22 contiki-sky.a(link-stats.o)
                0x0000c66e                link_stats_init
 .text.duty_cycle
                0x0000c690        0x4 contiki-sky.a(contikimac.o)
 .text.init     0x0000c694       0x26 contiki-sky.a(contikimac.o)
 .text.on       0x0000c6ba       0x1a contiki-sky.a(contikimac.o)
 .text.off      0x0000c6d4       0x22 contiki-sky.a(contikimac.o)
 .text.recv_burst_off
                0x0000c6f6        0xa contiki-sky.a(contikimac.o)
 .text.turn_off
                0x0000c700       0x20 contiki-sky.a(contikimac.o)
 .text.turn_on  0x0000c720       0x2c contiki-sky.a(contikimac.o)
 .text.schedule_powercycle_fixed.part.4
                0x0000c74c       0x32 contiki-sky.a(contikimac.o)
 .text.powercycle_turn_radio_off
                0x0000c77e       0x30 contiki-sky.a(contikimac.o)
 .text.input_packet
                0x0000c7ae       0xb6 contiki-sky.a(contikimac.o)
 .text.send_packet.isra.8
                0x0000c864      0x20c contiki-sky.a(contikimac.o)
 .text.qsend_list
                0x0000ca70       0xd2 contiki-sky.a(contikimac.o)
 .text.qsend_packet
                0x0000cb42       0x28 contiki-sky.a(contikimac.o)
 .text.powercycle_wrapper
                0x0000cb6a      0x1ca contiki-sky.a(contikimac.o)
 .text.init     0x0000cd34        0x2 contiki-sky.a(nullsec.o)
 .text.send     0x0000cd36        0xa contiki-sky.a(nullsec.o)
 .text.input    0x0000cd40        0x6 contiki-sky.a(nullsec.o)
 .text.spi_init
                0x0000cd46       0x30 contiki-sky.a(spi.o)
                0x0000cd46                spi_init
 .text.stimer_set
                0x0000cd76       0x1c contiki-sky.a(stimer.o)
                0x0000cd76                stimer_set
 .text.stimer_expired
                0x0000cd92       0x30 contiki-sky.a(stimer.o)
                0x0000cd92                stimer_expired
 .text.compower_accumulate
                0x0000cdc2       0x72 contiki-sky.a(compower.o)
                0x0000cdc2                compower_accumulate
 .text.compower_clear
                0x0000ce34       0x12 contiki-sky.a(compower.o)
                0x0000ce34                compower_clear
 .text.compower_attrconv
                0x0000ce46       0x10 contiki-sky.a(compower.o)
                0x0000ce46                compower_attrconv
 .text.memb_init
                0x0000ce56       0x36 contiki-sky.a(memb.o)
                0x0000ce56                memb_init
 .text.memb_alloc
                0x0000ce8c       0x3e contiki-sky.a(memb.o)
                0x0000ce8c                memb_alloc
 .text.memb_free
                0x0000ceca       0x3a contiki-sky.a(memb.o)
                0x0000ceca                memb_free
 .text.memb_inmemb
                0x0000cf04       0x2a contiki-sky.a(memb.o)
                0x0000cf04                memb_inmemb
 .text.echo_reply_input
                0x0000cf2e       0xb2 contiki-sky.a(uip-icmp6.o)
 .text.echo_request_input
                0x0000cfe0       0xca contiki-sky.a(uip-icmp6.o)
 .text.uip_icmp6_input
                0x0000d0aa       0x48 contiki-sky.a(uip-icmp6.o)
                0x0000d0aa                uip_icmp6_input
 .text.uip_icmp6_register_input_handler
                0x0000d0f2        0xc contiki-sky.a(uip-icmp6.o)
                0x0000d0f2                uip_icmp6_register_input_handler
 .text.uip_icmp6_error_output
                0x0000d0fe      0x180 contiki-sky.a(uip-icmp6.o)
                0x0000d0fe                uip_icmp6_error_output
 .text.uip_icmp6_send
                0x0000d27e       0x94 contiki-sky.a(uip-icmp6.o)
                0x0000d27e                uip_icmp6_send
 .text.uip_icmp6_init
                0x0000d312       0x12 contiki-sky.a(uip-icmp6.o)
                0x0000d312                uip_icmp6_init
 .text.uip_udp_packet_send
                0x0000d324       0x2a contiki-sky.a(uip-udp-packet.)
                0x0000d324                uip_udp_packet_send
 .text.uip_udp_packet_sendto
                0x0000d34e       0x66 contiki-sky.a(uip-udp-packet.)
                0x0000d34e                uip_udp_packet_sendto
 .text.update_nbr
                0x0000d3b4       0xe6 contiki-sky.a(rpl-nbr-policy.)
 .text.handle_periodic_timer
                0x0000d49a        0xe contiki-sky.a(rpl-nbr-policy.)
 .text.find_removable_dis
                0x0000d4a8       0x16 contiki-sky.a(rpl-nbr-policy.)
                0x0000d4a8                find_removable_dis
 .text.find_removable_dio
                0x0000d4be       0x3e contiki-sky.a(rpl-nbr-policy.)
                0x0000d4be                find_removable_dio
 .text.find_removable_dao
                0x0000d4fc       0x34 contiki-sky.a(rpl-nbr-policy.)
                0x0000d4fc                find_removable_dao
 .text.rpl_nbr_policy_find_removable
                0x0000d530       0x30 contiki-sky.a(rpl-nbr-policy.)
                0x0000d530                rpl_nbr_policy_find_removable
 .text.mac_sequence_is_duplicate
                0x0000d560       0x76 contiki-sky.a(mac-sequence.o)
                0x0000d560                mac_sequence_is_duplicate
 .text.mac_sequence_register_seqno
                0x0000d5d6       0x80 contiki-sky.a(mac-sequence.o)
                0x0000d5d6                mac_sequence_register_seqno
 .text.mac_call_sent_callback
                0x0000d656       0x14 contiki-sky.a(mac.o)
                0x0000d656                mac_call_sent_callback
 .text.libgcc   0x0000d66a       0x2c /usr/local/bin/../lib/gcc/msp430/4.7.2/mmpy-16/libgcc.a(_mulsi3.o)
                0x0000d66a                __mulsi3
 .text.libgcc   0x0000d696       0x22 /usr/local/bin/../lib/gcc/msp430/4.7.2/mmpy-16/libgcc.a(_udivmod16.o)
                0x0000d696                __udivhi3
                0x0000d696                __ext_udivmod16
                0x0000d6b0                __umodhi3
 .text.libgcc   0x0000d6b8       0x3a /usr/local/bin/../lib/gcc/msp430/4.7.2/mmpy-16/libgcc.a(_divmod16.o)
                0x0000d6b8                __ext_divmod16
                0x0000d6b8                __divhi3
                0x0000d6ea                __modhi3
 .text.libgcc   0x0000d6f2       0x40 /usr/local/bin/../lib/gcc/msp430/4.7.2/mmpy-16/libgcc.a(_udivmod32.o)
                0x0000d6f2                __udivsi3
                0x0000d6f2                __ext_udivmod32
                0x0000d728                __umodsi3
 .text.libgcc   0x0000d732       0x4c /usr/local/bin/../lib/gcc/msp430/4.7.2/mmpy-16/libgcc.a(_divmod32.o)
                0x0000d732                __ext_divmod32
                0x0000d732                __divsi3
                0x0000d774                __modsi3
 .text.printf   0x0000d77e       0x10 /usr/local/bin/../lib/gcc/msp430/4.7.2/../../../../msp430/lib/mmpy-16/libc.a(printf.o)
                0x0000d77e                printf
 .text.print_field
                0x0000d78e      0x194 /usr/local/bin/../lib/gcc/msp430/4.7.2/../../../../msp430/lib/mmpy-16/libc.a(vuprintf.o)
 .text.vuprintf
                0x0000d922      0x63e /usr/local/bin/../lib/gcc/msp430/4.7.2/../../../../msp430/lib/mmpy-16/libc.a(vuprintf.o)
                0x0000d922                vuprintf
 .text.puts     0x0000df60       0x2c /usr/local/bin/../lib/gcc/msp430/4.7.2/../../../../msp430/lib/mmpy-16/libc.a(puts.o)
                0x0000df60                puts
 .text.rand     0x0000df8c       0x26 /usr/local/bin/../lib/gcc/msp430/4.7.2/../../../../msp430/lib/mmpy-16/libc.a(rand.o)
                0x0000df8c                rand
 .text.srand    0x0000dfb2        0xa /usr/local/bin/../lib/gcc/msp430/4.7.2/../../../../msp430/lib/mmpy-16/libc.a(rand.o)
                0x0000dfb2                srand
 .text.memcmp   0x0000dfbc       0x30 /usr/local/bin/../lib/gcc/msp430/4.7.2/../../../../msp430/lib/mmpy-16/libc.a(memcmp.o)
                0x0000dfbc                memcmp
 .text.memcpy   0x0000dfec       0xfa /usr/local/bin/../lib/gcc/msp430/4.7.2/../../../../msp430/lib/mmpy-16/libc.a(memcpy.o)
                0x0000dfec                memcpy
 .text.memmove  0x0000e0e6       0xfa /usr/local/bin/../lib/gcc/msp430/4.7.2/../../../../msp430/lib/mmpy-16/libc.a(memmove.o)
                0x0000e0e6                memmove
 .text.memset   0x0000e1e0       0x6a /usr/local/bin/../lib/gcc/msp430/4.7.2/../../../../msp430/lib/mmpy-16/libc.a(memset.o)
                0x0000e1e0                memset
 .text.libgcc   0x0000e24a       0xf0 /usr/local/bin/../lib/gcc/msp430/4.7.2/mmpy-16/libgcc.a(_udivmod64.o)
                0x0000e24a                __xabi_udivmod64
                0x0000e2a8                __udivdi3
                0x0000e2ce                __umoddi3
                0x0000e2fc                __udivmoddi4
 .text.crt0     0x0000e33a        0x2 /usr/local/bin/../lib/gcc/msp430/4.7.2/mmpy-16/libcrt0.a(_unexpected_.o)
                0x0000e33a                _unexpected_
 *(.near.text .near.text.*)

.rodata         0x0000e33c      0x5e5
                0x0000e33c                . = ALIGN (0x2)
 *(.rodata .rodata.* .gnu.linkonce.r.*)
 .rodata        0x0000e33c       0xa2 app-any-to-any.co
                0x0000e3ba                autostart_processes
 .rodata        0x0000e3de       0x24 obj_sky/node-id.o
 .rodata        0x0000e402      0x130 obj_sky/contiki-sky-main.o
 .rodata        0x0000e532       0x10 contiki-sky.a(button-sensor.o)
                0x0000e53a                button_sensor
 .rodata        0x0000e542        0x8 contiki-sky.a(sensors.o)
 *fill*         0x0000e54a        0x2 00
 .rodata.get_value
                0x0000e54c       0x24 contiki-sky.a(cc2420.o)
 .rodata.set_value
                0x0000e570       0x10 contiki-sky.a(cc2420.o)
 .rodata        0x0000e580       0x3e contiki-sky.a(cc2420.o)
                0x0000e580                cc2420_aes_128_driver
                0x0000e584                cc2420_driver
 .rodata        0x0000e5be        0xf contiki-sky.a(ctimer.o)
 .rodata        0x0000e5cd        0xc contiki-sky.a(etimer.o)
 *fill*         0x0000e5d9        0x1 00
 .rodata        0x0000e5da       0x24 contiki-sky.a(sicslowpan.o)
                0x0000e5e6                sicslowpan_driver
                0x0000e5ec                llprefix
                0x0000e5ee                unc_mxconf
                0x0000e5f2                unc_ctxconf
                0x0000e5f6                unc_llconf
 .rodata        0x0000e5fe       0xcd contiki-sky.a(tcpip.o)
 .rodata        0x0000e6cb       0x13 contiki-sky.a(simple-udp.o)
 .rodata        0x0000e6de       0x28 contiki-sky.a(uip-debug.o)
 .rodata        0x0000e706       0xd1 contiki-sky.a(rpl-dag.o)
 .rodata        0x0000e7d7       0x3a contiki-sky.a(rpl.o)
 .rodata        0x0000e811       0x48 contiki-sky.a(rpl-icmp6.o)
 *fill*         0x0000e859        0x1 00
 .rodata        0x0000e85a        0x6 contiki-sky.a(framer-802154.o)
                0x0000e85a                framer_802154
 .rodata        0x0000e860        0x2 contiki-sky.a(frame802154.o)
 .rodata        0x0000e862       0x14 contiki-sky.a(csma.o)
                0x0000e868                csma_driver
 .rodata        0x0000e876       0x70 contiki-sky.a(queuebuf.o)
 .rodata        0x0000e8e6        0x8 contiki-sky.a(linkaddr.o)
                0x0000e8e6                linkaddr_null
 .rodata        0x0000e8ee       0x1c contiki-sky.a(contikimac.o)
                0x0000e8fa                contikimac_driver
 .rodata        0x0000e90a       0x10 contiki-sky.a(nullsec.o)
                0x0000e912                nullsec_driver
 .rodata.vuprintf
                0x0000e91a        0x7 /usr/local/bin/../lib/gcc/msp430/4.7.2/../../../../msp430/lib/mmpy-16/libc.a(vuprintf.o)
 *(.near.rodata .near.rodata.*)
                0x0000e922                . = ALIGN (0x2)
                0x0000e922                _etext = .

.data           0x00001100      0x100 load address 0x0000e922
                0x00001100                . = ALIGN (0x2)
                0x00001100                __data_start = .
 *(.data .data.* .gnu.linkonce.d.*)
 .data          0x00001100        0xa app-any-to-any.co
                0x00001100                unicast_sender_process
 .data          0x0000110a        0x4 contiki-sky.a(contiki-sky-pla)
                0x0000110a                sensors
 .data          0x0000110e        0xa contiki-sky.a(sensors.o)
                0x0000110e                sensors_process
 .data          0x00001118        0xc contiki-sky.a(cc2420.o)
                0x00001118                cc2420_process
 .data          0x00001124        0x2 contiki-sky.a(msp430.o)
 .data          0x00001126        0xa contiki-sky.a(ctimer.o)
                0x00001126                ctimer_process
 .data          0x00001130        0xa contiki-sky.a(etimer.o)
                0x00001130                etimer_process
 .data          0x0000113a       0x22 contiki-sky.a(uip-ds6-route.o)
                0x0000113a                nbr_routes
 .data          0x0000115c        0xa contiki-sky.a(uip-ds6-nbr.o)
                0x0000115c                ds6_neighbors
 .data          0x00001166        0x6 contiki-sky.a(uip-nd6.o)
 .data          0x0000116c        0xa contiki-sky.a(tcpip.o)
                0x0000116c                tcpip_process
 .data          0x00001176        0xa contiki-sky.a(simple-udp.o)
                0x00001176                simple_udp_process
 .data          0x00001180        0xa contiki-sky.a(rpl-dag.o)
                0x00001180                rpl_parents
 .data          0x0000118a       0x12 contiki-sky.a(rpl-mrhof.o)
                0x0000118a                rpl_mrhof
 .data          0x0000119c       0x1a contiki-sky.a(rpl-icmp6.o)
 .data          0x000011b6        0x2 contiki-sky.a(frame802154.o)
 .data          0x000011b8       0x18 contiki-sky.a(csma.o)
 .data          0x000011d0       0x10 contiki-sky.a(queuebuf.o)
 .data          0x000011e0        0x8 contiki-sky.a(nbr-table.o)
 .data          0x000011e8        0x8 contiki-sky.a(link-stats.o)
 .data          0x000011f0        0xc contiki-sky.a(uip-icmp6.o)
 .data.next     0x000011fc        0x4 /usr/local/bin/../lib/gcc/msp430/4.7.2/../../../../msp430/lib/mmpy-16/libc.a(rand.o)
 *(.near.data .near.data.*)
                0x00001200                . = ALIGN (0x2)
                0x00001200                _edata = .
                0x0000e922                __data_load_start = LOADADDR (.data)
                0x00000100                __data_size = SIZEOF (.data)

.bss            0x00001200     0x11c2 load address 0x0000ea22
                0x00001200                __bss_start = .
 *(.bss .bss.*)
 .bss           0x00001200       0x78 app-any-to-any.co
 .bss           0x00001278        0x2 obj_sky/node-id.o
                0x00001278                node_id
 .bss           0x0000127a        0x4 obj_sky/contiki-sky-main.o
 .bss           0x0000127e        0x8 contiki-sky.a(button-sensor.o)
 .bss           0x00001286        0x6 contiki-sky.a(sensors.o)
 .bss           0x0000128c        0xa contiki-sky.a(cc2420.o)
 .bss           0x00001296       0x9a contiki-sky.a(uart1.o)
 .bss           0x00001330        0x6 contiki-sky.a(clock.o)
 .bss           0x00001336        0x1 contiki-sky.a(leds.o)
 *fill*         0x00001337        0x1 00
 .bss           0x00001338        0x2 contiki-sky.a(watchdog.o)
 .bss           0x0000133a        0x4 contiki-sky.a(ctimer.o)
 .bss           0x0000133e        0x6 contiki-sky.a(etimer.o)
 .bss           0x00001344       0x38 contiki-sky.a(process.o)
                0x00001344                process_current
                0x00001346                process_list
 .bss           0x0000137c        0x2 contiki-sky.a(rtimer.o)
 .bss           0x0000137e       0x18 contiki-sky.a(uip-ds6.o)
 .bss           0x00001396      0x2e2 contiki-sky.a(uip-ds6-route.o)
 .bss           0x00001678        0x6 contiki-sky.a(uip6.o)
                0x00001678                uip_ext_opt_offset
                0x00001679                uip_ext_len
                0x0000167a                uip_ext_bitmap
 .bss           0x0000167e      0x120 contiki-sky.a(uip-ds6-nbr.o)
 .bss           0x0000179e        0x8 contiki-sky.a(uip-nd6.o)
 .bss           0x000017a6       0x24 contiki-sky.a(sicslowpan.o)
 .bss           0x000017ca        0xe contiki-sky.a(tcpip.o)
 .bss           0x000017d8       0xa1 contiki-sky.a(simple-udp.o)
 *fill*         0x00001879        0x1 00
 .bss           0x0000187a       0x60 contiki-sky.a(rpl-dag.o)
 .bss           0x000018da       0x18 contiki-sky.a(rpl-timers.o)
 .bss           0x000018f2        0x2 contiki-sky.a(rpl.o)
 .bss           0x000018f4        0x2 contiki-sky.a(framer-802154.o)
 .bss           0x000018f6       0xd2 contiki-sky.a(csma.o)
 .bss           0x000019c8      0x2d0 contiki-sky.a(queuebuf.o)
 .bss           0x00001c98       0xe4 contiki-sky.a(nbr-table.o)
 .bss           0x00001d7c       0x86 contiki-sky.a(packetbuf.o)
 .bss           0x00001e02       0xa0 contiki-sky.a(link-stats.o)
 .bss           0x00001ea2       0x32 contiki-sky.a(contikimac.o)
 .bss           0x00001ed4        0x8 contiki-sky.a(compower.o)
 .bss           0x00001edc       0x14 contiki-sky.a(uip-icmp6.o)
 .bss           0x00001ef0       0x20 contiki-sky.a(rpl-nbr-policy.)
 .bss           0x00001f10       0xe0 contiki-sky.a(mac-sequence.o)
 *(.near.bss .near.bss.*)
 *(COMMON)
 COMMON         0x00001ff0       0x24 obj_sky/rpl-tools.o
                0x00001ff0                my_ipaddr
                0x00002000                start_time
                0x00002002                prefix
                0x00002012                curr_dio_interval
 COMMON         0x00002014        0x2 contiki-sky.a(contiki-sky-pla)
                0x00002014                sensors_flags
 COMMON         0x00002016        0x8 contiki-sky.a(ds2411.o)
                0x00002016                ds2411_id
 COMMON         0x0000201e        0x1 contiki-sky.a(sensors.o)
                0x0000201e                sensors_event
 *fill*         0x0000201f        0x1 00
 COMMON         0x00002020       0x10 contiki-sky.a(cc2420.o)
                0x00002020                cc2420_last_rssi
                0x00002022                cc2420_sfd_start_time
                0x00002024                cc2420_time_of_departure
                0x00002026                cc2420_time_of_arrival
                0x00002028                cc2420_last_correlation
                0x0000202a                cc2420_authority_level_of_sender
                0x0000202c                cc2420_sfd_counter
                0x0000202e                cc2420_sfd_end_time
 COMMON         0x00002030        0x2 contiki-sky.a(msp430.o)
                0x00002030                msp430_dco_required
 COMMON         0x00002032        0x4 contiki-sky.a(clock.o)
                0x00002032                seconds
 COMMON         0x00002036       0x56 contiki-sky.a(energest.o)
                0x00002036                energest_total_time
                0x00002066                energest_total_count
                0x00002068                energest_current_mode
                0x00002074                energest_current_time
 COMMON         0x0000208c        0x1 contiki-sky.a(process.o)
                0x0000208c                process_maxevents
 *fill*         0x0000208d        0x1 00
 COMMON         0x0000208e      0x12c contiki-sky.a(uip-ds6.o)
                0x0000208e                uip_ds6_timer_ra
                0x00002096                uip_ds6_if
                0x00002152                uip_ds6_netif_addr_list_offset
                0x00002153                uip_ds6_addr_size
                0x00002154                uip_ds6_prefix_list
                0x000021ae                uip_ds6_timer_periodic
 COMMON         0x000021ba       0xec contiki-sky.a(uip6.o)
                0x000021ba                uip_len
                0x000021bc                uip_sappdata
                0x000021be                uip_lladdr
                0x000021c6                uip_aligned_buf
                0x00002266                uip_flags
                0x00002268                uip_next_hdr
                0x0000226a                uip_udp_conn
                0x0000226c                uip_appdata
                0x0000226e                uip_conn
                0x00002270                uip_slen
                0x00002272                uip_udp_conns
 COMMON         0x000022a6        0x1 contiki-sky.a(tcpip.o)
                0x000022a6                tcpip_event
 *fill*         0x000022a7        0x1 00
 COMMON         0x000022a8       0xc8 contiki-sky.a(rpl-dag.o)
                0x000022a8                default_instance
                0x000022aa                instance_table
 COMMON         0x00002370       0x2e contiki-sky.a(packetbuf.o)
                0x00002370                packetbuf_addrs
                0x00002380                packetbuf_attrs
 COMMON         0x0000239e        0x8 contiki-sky.a(linkaddr.o)
                0x0000239e                linkaddr_node_addr
 COMMON         0x000023a6       0x14 contiki-sky.a(link-stats.o)
                0x000023a6                periodic_timer
 COMMON         0x000023ba        0x8 contiki-sky.a(compower.o)
                0x000023ba                compower_idle_activity
                0x000023c2                . = ALIGN (0x2)
                0x000023c2                __bss_end = .
                0x000011c2                __bss_size = SIZEOF (.bss)

.noinit         0x000023c2        0x2 load address 0x0000ea22
                0x000023c2                . = ALIGN (0x2)
                0x000023c2                __noinit_start = .
 *(.noinit .noinit.*)
 .noinit.crt0   0x000023c2        0x2 /usr/local/bin/../lib/gcc/msp430/4.7.2/mmpy-16/libcrt0.a(__watchdog_support.o)
                0x000023c2                __wdt_clear_value
                0x000023c4                . = ALIGN (0x2)
                0x000023c4                __noinit_end = .
                0x000023c4                . = ALIGN (0x2)
                0x000023c4                _end = .

.infomem        0x00001000        0x0
                0x00001000                . = ALIGN (0x2)
 *(.infomem .infomem.*)

.infomemnobits  0x00001000        0x0
                0x00001000                . = ALIGN (0x2)
 *(.infomemnobits .infomemnobits.*)

.infoa          0x00001080        0x0
                0x00001080                . = ALIGN (0x2)
 *(.infoa .infoa.*)

.infob          0x00001000        0x0
                0x00001000                . = ALIGN (0x2)
 *(.infob .infob.*)

.infoc          0x00000000        0x0
                0x00000000                . = ALIGN (0x2)
 *(.infoc .infoc.*)

.infod          0x00000000        0x0
                0x00000000                . = ALIGN (0x2)
 *(.infod .infod.*)
                0x0000ffff                PROVIDE (__vte_0, 0xffff)
                0x0000ffff                PROVIDE (__vte_1, 0xffff)
                0x0000ffff                PROVIDE (__vte_2, 0xffff)
                0x0000ffff                PROVIDE (__vte_3, 0xffff)
                0x0000ffff                PROVIDE (__vte_4, 0xffff)
                0x0000ffff                PROVIDE (__vte_5, 0xffff)
                0x0000ffff                PROVIDE (__vte_6, 0xffff)
                0x0000ffff                PROVIDE (__vte_7, 0xffff)
                0x0000ffff                PROVIDE (__vte_8, 0xffff)
                0x0000ffff                PROVIDE (__vte_9, 0xffff)
                0x0000ffff                PROVIDE (__vte_10, 0xffff)
                0x0000ffff                PROVIDE (__vte_11, 0xffff)
                0x0000ffff                PROVIDE (__vte_12, 0xffff)
                0x0000ffff                PROVIDE (__vte_13, 0xffff)
                0x0000ffff                PROVIDE (__vte_14, 0xffff)
                0x0000ffff                PROVIDE (__vte_15, 0xffff)
                0x0000ffff                PROVIDE (__vte_16, 0xffff)
                0x0000ffff                PROVIDE (__vte_17, 0xffff)
                0x0000ffff                PROVIDE (__vte_18, 0xffff)
                0x0000ffff                PROVIDE (__vte_19, 0xffff)
                0x0000ffff                PROVIDE (__vte_20, 0xffff)
                0x0000ffff                PROVIDE (__vte_21, 0xffff)
                0x0000ffff                PROVIDE (__vte_22, 0xffff)
                0x0000ffff                PROVIDE (__vte_23, 0xffff)
                0x0000ffff                PROVIDE (__vte_24, 0xffff)
                0x0000ffff                PROVIDE (__vte_25, 0xffff)
                0x0000ffff                PROVIDE (__vte_26, 0xffff)
                0x0000ffff                PROVIDE (__vte_27, 0xffff)
                0x0000ffff                PROVIDE (__vte_28, 0xffff)
                0x0000ffff                PROVIDE (__vte_29, 0xffff)
                0x0000ffff                PROVIDE (__vte_30, 0xffff)
                0x0000ffff                PROVIDE (__vte_31, 0xffff)

.vectors        0x0000ffe0       0x20
                0x0000ffe0                __vectors_start = .
 *(.vectors*)
 .vectors       0x0000ffe0       0x20 /usr/local/bin/../lib/gcc/msp430/4.7.2/mmpy-16/crt0ivtbl16.o
                0x0000ffe0                __ivtbl_16
                0x00010000                _vectors_end = .

.fartext        0x00000000        0x0
                0x00000000                . = ALIGN (0x2)
 *(.fartext .fartext.*)

.far.text       0x00000000        0x0
                0x00000000                . = ALIGN (0x2)
 *(.far.text .far.text.*)

.far.rodata     0x00000000        0x0
                0x00000000                . = ALIGN (0x2)
 *(.far.rodata .far.rodata.*)
                0x00000000                . = ALIGN (0x2)
                0x00000000                _efartext = .

.far.data       0x00000000        0x0
                0x00000000                . = ALIGN (0x2)
                0x00000000                __far_data_start = .
 *(.far.data .far.data.*)
                0x00000000                . = ALIGN (0x2)
                0x00000000                _efardata = .
                0x00000000                __far_data_load_start = LOADADDR (.far.data)
                0x00000000                __far_data_size = SIZEOF (.far.data)

.far.bss        0x00000000        0x0
                0x00000000                . = ALIGN (0x2)
                0x00000000                __far_bss_start = .
 *(.far.bss .far.bss.*)
                0x00000000                . = ALIGN (0x2)
                0x00000000                __far_bss_end = .
                0x00000000                __far_bss_size = SIZEOF (.far.bss)
                0x00000000                . = ALIGN (0x2)
                0x00000000                _far_end = .

.profiler
 *(.profiler)

.stab           0x00000000    0x2a594
 *(.stab)
 .stab          0x00000000     0x15c0 app-any-to-any.co
 .stab          0x000015c0      0x7e0 obj_sky/rpl-tools.o
                               0x150c (size before relaxing)
 .stab          0x00001da0      0xe28 obj_sky/node-id.o
                               0x1488 (size before relaxing)
 .stab          0x00002bc8     0x14a0 obj_sky/contiki-sky-main.o
                               0x1adc (size before relaxing)
 .stab          0x00004068      0x2b8 contiki-sky.a(contiki-sky-pla)
                                0x804 (size before relaxing)
 .stab          0x00004320      0x4c8 contiki-sky.a(button-sensor.o)
                                0xa2c (size before relaxing)
 .stab          0x000047e8      0x66c contiki-sky.a(ds2411.o)
                                0xbb8 (size before relaxing)
 .stab          0x00004e54      0xa08 contiki-sky.a(xmem.o)
                                0xf54 (size before relaxing)
 .stab          0x0000585c      0x6c0 contiki-sky.a(sensors.o)
                                0xc3c (size before relaxing)
 .stab          0x00005f1c     0x288c contiki-sky.a(cc2420.o)
                               0x3000 (size before relaxing)
 .stab          0x000087a8      0x798 contiki-sky.a(cc2420-arch.o)
                               0x17ac (size before relaxing)
 .stab          0x00008f40      0x660 contiki-sky.a(uart1.o)
                                0xbac (size before relaxing)
 .stab          0x000095a0      0x294 contiki-sky.a(uart1-putchar.o)
                                0x7e0 (size before relaxing)
 .stab          0x00009834      0x648 contiki-sky.a(msp430.o)
                                0xb94 (size before relaxing)
 .stab          0x00009e7c      0x888 contiki-sky.a(clock.o)
                                0xdd4 (size before relaxing)
 .stab          0x0000a704      0x600 contiki-sky.a(leds.o)
                                0xa44 (size before relaxing)
 .stab          0x0000ad04      0x3d8 contiki-sky.a(leds-arch.o)
                                0x924 (size before relaxing)
 .stab          0x0000b0dc      0x42c contiki-sky.a(watchdog.o)
                                0x978 (size before relaxing)
 .stab          0x0000b508      0x414 contiki-sky.a(rtimer-arch.o)
                                0x960 (size before relaxing)
 .stab          0x0000b91c      0x2f4 contiki-sky.a(autostart.o)
                                0x78c (size before relaxing)
 .stab          0x0000bc10      0x894 contiki-sky.a(ctimer.o)
                                0xdf8 (size before relaxing)
 .stab          0x0000c4a4      0x4d4 contiki-sky.a(energest.o)
                                0x954 (size before relaxing)
 .stab          0x0000c978      0xae0 contiki-sky.a(etimer.o)
                                0xfa8 (size before relaxing)
 .stab          0x0000d458      0xba0 contiki-sky.a(process.o)
                               0x1038 (size before relaxing)
 .stab          0x0000dff8      0x42c contiki-sky.a(rtimer.o)
                                0x90c (size before relaxing)
 .stab          0x0000e424      0x3a8 contiki-sky.a(timer.o)
                                0x7e0 (size before relaxing)
 .stab          0x0000e7cc      0x7bc contiki-sky.a(list.o)
                                0x7c8 (size before relaxing)
 .stab          0x0000ef88      0x288 contiki-sky.a(random.o)
                                0x6b4 (size before relaxing)
 .stab          0x0000f210     0x14c4 contiki-sky.a(uip-ds6.o)
                               0x2100 (size before relaxing)
 .stab          0x000106d4     0x132c contiki-sky.a(uip-ds6-route.o)
                               0x1f44 (size before relaxing)
 .stab          0x00011a00     0x13b0 contiki-sky.a(uip6.o)
                               0x20ac (size before relaxing)
 .stab          0x00012db0      0xcd8 contiki-sky.a(uip-ds6-nbr.o)
                               0x15a8 (size before relaxing)
 .stab          0x00013a88      0x780 contiki-sky.a(uip-nd6.o)
                               0x13ec (size before relaxing)
 .stab          0x00014208     0x2124 contiki-sky.a(sicslowpan.o)
                               0x2b44 (size before relaxing)
 .stab          0x0001632c      0xda4 contiki-sky.a(tcpip.o)
                               0x20b8 (size before relaxing)
 .stab          0x000170d0      0x90c contiki-sky.a(simple-udp.o)
                               0x1a70 (size before relaxing)
 .stab          0x000179dc      0x414 contiki-sky.a(uip-debug.o)
                                0xbe8 (size before relaxing)
 .stab          0x00017df0     0x339c contiki-sky.a(rpl-dag.o)
                               0x4050 (size before relaxing)
 .stab          0x0001b18c      0xf90 contiki-sky.a(rpl-timers.o)