Archive member included to satisfy reference by file (symbol)

obj_cooja/mtype29.a(simEnvChange.o)
                              obj_cooja/mtype29.o (simDontFallAsleep)
obj_cooja/mtype29.a(cooja_mt.o)
                              obj_cooja/mtype29.o (cooja_mt_start)
obj_cooja/mtype29.a(cooja_mtarch.o)
                              obj_cooja/mtype29.a(cooja_mt.o) (cooja_mtarch_init)
obj_cooja/mtype29.a(rtimer-arch.o)
                              obj_cooja/mtype29.o (rtimer_arch_check)
obj_cooja/mtype29.a(beep.o)   obj_cooja/mtype29.o (beep_interface)
obj_cooja/mtype29.a(button-sensor.o)
                              obj_cooja/mtype29.o (button_interface)
obj_cooja/mtype29.a(leds-arch.o)
                              obj_cooja/mtype29.o (leds_interface)
obj_cooja/mtype29.a(moteid.o)
                              obj_cooja/mtype29.o (moteid_interface)
obj_cooja/mtype29.a(pir-sensor.o)
                              obj_cooja/mtype29.o (pir_interface)
obj_cooja/mtype29.a(rs232.o)  obj_cooja/mtype29.o (rs232_interface)
obj_cooja/mtype29.a(vib-sensor.o)
                              obj_cooja/mtype29.o (vib_interface)
obj_cooja/mtype29.a(clock.o)  obj_cooja/mtype29.o (clock_interface)
obj_cooja/mtype29.a(log.o)    obj_cooja/mtype29.o (simlog_interface)
obj_cooja/mtype29.a(cfs-cooja.o)
                              obj_cooja/mtype29.o (cfs_interface)
obj_cooja/mtype29.a(cooja-radio.o)
                              obj_cooja/mtype29.o (radio_interface)
obj_cooja/mtype29.a(eeprom.o)
                              obj_cooja/mtype29.o (eeprom_interface)
obj_cooja/mtype29.a(random.o)
                              obj_cooja/mtype29.a(moteid.o) (random_init)
obj_cooja/mtype29.a(sensors.o)
                              obj_cooja/mtype29.o (sensors_process)
obj_cooja/mtype29.a(autostart.o)
                              obj_cooja/mtype29.o (autostart_start)
obj_cooja/mtype29.a(ctimer.o)
                              obj_cooja/mtype29.o (ctimer_init)
obj_cooja/mtype29.a(energest.o)
                              obj_cooja/simple-energest.o (energest_type_time)
obj_cooja/mtype29.a(etimer.o)
                              obj_cooja/mtype29.o (etimer_process)
obj_cooja/mtype29.a(process.o)
                              obj_cooja/mtype29.a(ctimer.o) (process_current)
obj_cooja/mtype29.a(rtimer.o)
                              obj_cooja/mtype29.a(rtimer-arch.o) (rtimer_run_next)
obj_cooja/mtype29.a(timer.o)  obj_cooja/mtype29.a(button-sensor.o) (timer_set)
obj_cooja/mtype29.a(serial-line.o)
                              obj_cooja/mtype29.a(rs232.o) (serial_line_input_byte)
obj_cooja/mtype29.a(list.o)   obj_cooja/mtype29.a(ctimer.o) (list_init)
obj_cooja/mtype29.a(ringbuf.o)
                              obj_cooja/mtype29.a(serial-line.o) (ringbuf_init)
obj_cooja/mtype29.a(uip-ds6.o)
                              obj_cooja/mtype29.o (uip_ds6_set_addr_iid)
obj_cooja/mtype29.a(uip-ds6-route.o)
                              obj_cooja/mtype29.a(uip-ds6.o) (uip_ds6_route_init)
obj_cooja/mtype29.a(uip6.o)   obj_cooja/mtype29.o (uip_lladdr)
obj_cooja/mtype29.a(uip-ds6-nbr.o)
                              obj_cooja/mtype29.a(uip-ds6.o) (uip_ds6_neighbors_init)
obj_cooja/mtype29.a(uip-nd6.o)
                              obj_cooja/mtype29.a(uip-ds6-nbr.o) (uip_nd6_ns_output)
obj_cooja/mtype29.a(sicslowpan.o)
                              obj_cooja/mtype29.o (sicslowpan_driver)
obj_cooja/mtype29.a(uip-packetqueue)
                              obj_cooja/mtype29.a(uip-ds6-nbr.o) (uip_packetqueue_new)
obj_cooja/mtype29.a(tcpip.o)  obj_cooja/mtype29.a(sicslowpan.o) (tcpip_set_outputfunc)
obj_cooja/mtype29.a(simple-udp.o)
                              app-any-to-any.co (simple_udp_sendto)
obj_cooja/mtype29.a(uip-debug.o)
                              obj_cooja/mtype29.a(uip-ds6-route.o) (uip_debug_ipaddr_print)
obj_cooja/mtype29.a(rpl-dag.o)
                              obj_cooja/rpl-tools.o (rpl_set_root)
obj_cooja/mtype29.a(rpl-timers.o)
                              obj_cooja/mtype29.a(rpl-dag.o) (rpl_reset_dio_timer)
obj_cooja/mtype29.a(rpl-ext-header.)
                              obj_cooja/mtype29.a(uip6.o) (rpl_verify_hbh_header)
obj_cooja/mtype29.a(rpl.o)    obj_cooja/mtype29.a(rpl-timers.o) (rpl_get_mode)
obj_cooja/mtype29.a(rpl-mrhof.o)
                              obj_cooja/mtype29.a(rpl-dag.o) (rpl_mrhof)
obj_cooja/mtype29.a(rpl-ns.o)
                              obj_cooja/mtype29.a(rpl-ext-header.) (rpl_ns_get_node)
obj_cooja/mtype29.a(rpl-icmp6.o)
                              obj_cooja/mtype29.a(rpl-dag.o) (rpl_icmp6_update_nbr_table)
obj_cooja/mtype29.a(queuebuf.o)
                              obj_cooja/mtype29.o (queuebuf_init)
obj_cooja/mtype29.a(nbr-table.o)
                              obj_cooja/mtype29.a(uip-ds6-route.o) (nbr_table_register)
obj_cooja/mtype29.a(packetbuf.o)
                              obj_cooja/mtype29.a(cooja-radio.o) (packetbuf_attrs)
obj_cooja/mtype29.a(netstack.o)
[...]
Memory Configuration

Name             Origin             Length             Attributes
*default*        0x0000000000000000 0xffffffffffffffff

Linker script and memory map

LOAD /usr/lib/gcc/x86_64-linux-gnu/7/../../../x86_64-linux-gnu/crti.o
LOAD /usr/lib/gcc/x86_64-linux-gnu/7/crtbeginS.o
LOAD app-any-to-any.co
LOAD obj_cooja/mtype29.o
LOAD obj_cooja/simple-energest.o
LOAD obj_cooja/rpl-tools.o
LOAD obj_cooja/utilities.o
LOAD obj_cooja/mtype29.a
LOAD /usr/lib/gcc/x86_64-linux-gnu/7/libgcc.a
LOAD /usr/lib/gcc/x86_64-linux-gnu/7/libgcc_s.so
START GROUP
LOAD /usr/lib/gcc/x86_64-linux-gnu/7/libgcc_s.so.1
LOAD /usr/lib/gcc/x86_64-linux-gnu/7/libgcc.a
END GROUP
LOAD /usr/lib/gcc/x86_64-linux-gnu/7/../../../x86_64-linux-gnu/libc.so
START GROUP
LOAD /lib/x86_64-linux-gnu/libc.so.6
LOAD /usr/lib/x86_64-linux-gnu/libc_nonshared.a
LOAD /lib/x86_64-linux-gnu/ld-linux-x86-64.so.2
END GROUP
LOAD /usr/lib/gcc/x86_64-linux-gnu/7/libgcc.a
LOAD /usr/lib/gcc/x86_64-linux-gnu/7/libgcc_s.so
START GROUP
LOAD /usr/lib/gcc/x86_64-linux-gnu/7/libgcc_s.so.1
LOAD /usr/lib/gcc/x86_64-linux-gnu/7/libgcc.a
END GROUP
LOAD /usr/lib/gcc/x86_64-linux-gnu/7/crtendS.o
LOAD /usr/lib/gcc/x86_64-linux-gnu/7/../../../x86_64-linux-gnu/crtn.o
                0x00000000000001c8                . = (SEGMENT_START ("text-segment", 0x0) + SIZEOF_HEADERS)

.note.gnu.build-id
                0x00000000000001c8       0x24
 *(.note.gnu.build-id)
 .note.gnu.build-id
                0x00000000000001c8       0x24 /usr/lib/gcc/x86_64-linux-gnu/7/../../../x86_64-linux-gnu/crti.o

.hash
 *(.hash)

.gnu.hash       0x00000000000001f0     0x13a8
 *(.gnu.hash)
 .gnu.hash      0x00000000000001f0     0x13a8 /usr/lib/gcc/x86_64-linux-gnu/7/../../../x86_64-linux-gnu/crti.o

.dynsym         0x0000000000001598     0x3a38
 *(.dynsym)
 .dynsym        0x0000000000001598     0x3a38 /usr/lib/gcc/x86_64-linux-gnu/7/../../../x86_64-linux-gnu/crti.o

.dynstr         0x0000000000004fd0     0x2893
 *(.dynstr)
 .dynstr        0x0000000000004fd0     0x2893 /usr/lib/gcc/x86_64-linux-gnu/7/../../../x86_64-linux-gnu/crti.o

.gnu.version    0x0000000000007864      0x4da
 *(.gnu.version)
 .gnu.version   0x0000000000007864      0x4da /usr/lib/gcc/x86_64-linux-gnu/7/../../../x86_64-linux-gnu/crti.o

.gnu.version_d  0x0000000000007d40        0x0
 *(.gnu.version_d)
 .gnu.version_d
                0x0000000000007d40        0x0 /usr/lib/gcc/x86_64-linux-gnu/7/../../../x86_64-linux-gnu/crti.o

.gnu.version_r  0x0000000000007d40       0x40
 *(.gnu.version_r)
 .gnu.version_r
                0x0000000000007d40       0x40 /usr/lib/gcc/x86_64-linux-gnu/7/../../../x86_64-linux-gnu/crti.o

.rela.dyn       0x0000000000007d80     0x1ce0
 *(.rela.init)
 *(.rela.text .rela.text.* .rela.gnu.linkonce.t.*)
 .rela.text     0x0000000000007d80        0x0 /usr/lib/gcc/x86_64-linux-gnu/7/../../../x86_64-linux-gnu/crti.o
 *(.rela.fini)
 *(.rela.rodata .rela.rodata.* .rela.gnu.linkonce.r.*)
 *(.rela.data .rela.data.* .rela.gnu.linkonce.d.*)
 .rela.data.rel.local
                0x0000000000007d80      0x798 /usr/lib/gcc/x86_64-linux-gnu/7/../../../x86_64-linux-gnu/crti.o
 .rela.data.rel.ro
                0x0000000000008518       0x78 /usr/lib/gcc/x86_64-linux-gnu/7/../../../x86_64-linux-gnu/crti.o
 .rela.data.rel
                0x0000000000008590      0x168 /usr/lib/gcc/x86_64-linux-gnu/7/../../../x86_64-linux-gnu/crti.o
 .rela.data.rel.ro.local
                0x00000000000086f8      0x6c0 /usr/lib/gcc/x86_64-linux-gnu/7/../../../x86_64-linux-gnu/crti.o
 *(.rela.tdata .rela.tdata.* .rela.gnu.linkonce.td.*)
 *(.rela.tbss .rela.tbss.* .rela.gnu.linkonce.tb.*)
 *(.rela.ctors)
 *(.rela.dtors)
 *(.rela.got)
 .rela.got      0x0000000000008db8      0xc78 /usr/lib/gcc/x86_64-linux-gnu/7/../../../x86_64-linux-gnu/crti.o
 *(.rela.bss .rela.bss.* .rela.gnu.linkonce.b.*)
 *(.rela.ldata .rela.ldata.* .rela.gnu.linkonce.l.*)
 *(.rela.lbss .rela.lbss.* .rela.gnu.linkonce.lb.*)
 *(.rela.lrodata .rela.lrodata.* .rela.gnu.linkonce.lr.*)
 *(.rela.ifunc)
 .rela.ifunc    0x0000000000009a30        0x0 /usr/lib/gcc/x86_64-linux-gnu/7/../../../x86_64-linux-gnu/crti.o
 .rela.fini_array
                0x0000000000009a30       0x18 /usr/lib/gcc/x86_64-linux-gnu/7/../../../x86_64-linux-gnu/crti.o
 .rela.init_array
                0x0000000000009a48       0x18 /usr/lib/gcc/x86_64-linux-gnu/7/../../../x86_64-linux-gnu/crti.o

.rela.plt       0x0000000000009a60     0x1dd0
 *(.rela.plt)
 .rela.plt      0x0000000000009a60     0x1dd0 /usr/lib/gcc/x86_64-linux-gnu/7/../../../x86_64-linux-gnu/crti.o
 *(.rela.iplt)

.init           0x000000000000b830       0x17
 *(SORT_NONE(.init))
 .init          0x000000000000b830       0x12 /usr/lib/gcc/x86_64-linux-gnu/7/../../../x86_64-linux-gnu/crti.o
                0x000000000000b830                _init
 .init          0x000000000000b842        0x5 /usr/lib/gcc/x86_64-linux-gnu/7/../../../x86_64-linux-gnu/crtn.o

.plt            0x000000000000b850     0x13f0
 *(.plt)
 .plt           0x000000000000b850     0x13f0 /usr/lib/gcc/x86_64-linux-gnu/7/../../../x86_64-linux-gnu/crti.o
 *(.iplt)

.plt.got        0x000000000000cc40       0x10
 *(.plt.got)
 .plt.got       0x000000000000cc40       0x10 /usr/lib/gcc/x86_64-linux-gnu/7/../../../x86_64-linux-gnu/crti.o

.plt.sec
 *(.plt.sec)

.text           0x000000000000cc50    0x1bd2d
 *(.text.unlikely .text.*_unlikely .text.unlikely.*)
 *(.text.exit .text.exit.*)
 *(.text.startup .text.startup.*)
 *(.text.hot .text.hot.*)
 *(.text .stub .text.* .gnu.linkonce.t.*)
 .text          0x000000000000cc50        0x0 /usr/lib/gcc/x86_64-linux-gnu/7/../../../x86_64-linux-gnu/crti.o
 .text          0x000000000000cc50       0xda /usr/lib/gcc/x86_64-linux-gnu/7/crtbeginS.o
 .text          0x000000000000cd2a      0x4cc app-any-to-any.co
                0x000000000000cdde                app_send_to
 .text          0x000000000000d1f6      0x7a1 obj_cooja/mtype29.o
                0x000000000000d364                contiki_init
                0x000000000000d7b8                Java_org_contikios_cooja_corecomm_Lib1_init
                0x000000000000d7fb                Java_org_contikios_cooja_corecomm_Lib1_getMemory
                0x000000000000d853                Java_org_contikios_cooja_corecomm_Lib1_setMemory
                0x000000000000d8e0                Java_org_contikios_cooja_corecomm_Lib1_tick
                0x000000000000d969                Java_org_contikios_cooja_corecomm_Lib1_setReferenceAddress
 .text          0x000000000000d997      0x298 obj_cooja/simple-energest.o
                0x000000000000da22                simple_energest_start
                0x000000000000da8a                simple_energest_step
 .text          0x000000000000dc2f      0x3a1 obj_cooja/rpl-tools.o
                0x000000000000dc2f                time_elapsed
                0x000000000000dc65                app_data_init
                0x000000000000dca8                rpl_trace
                0x000000000000dd6a                rpl_dataptr_from_uip
                0x000000000000dd90                rpl_dataptr_from_packetbuf
                0x000000000000ddce                create_rpl_dag
                0x000000000000de29                set_addr_iid
                0x000000000000deb2                node_ip6addr
                0x000000000000deea                rpl_setup
 .text          0x000000000000dfd0      0x17d obj_cooja/utilities.o
                0x000000000000dfd0                node_id_from_rimeaddr
                0x000000000000dff3                node_id_from_lipaddr
                0x000000000000e01a                node_id_from_ipaddr
                0x000000000000e041                get_id
                0x000000000000e051                get_n_nodes
                0x000000000000e05c                get_node_id
                0x000000000000e072                get_random_id
                0x000000000000e083                id_has_outage
                0x000000000000e0a0                has_outage
                0x000000000000e0ba                is_id_addressable
                0x000000000000e0d6                is_addressable
                0x000000000000e0f0                is_id_in_any_to_any
                0x000000000000e133                is_in_any_to_any
 .text          0x000000000000e14d       0x89 obj_cooja/mtype29.a(simEnvChange.o)
                0x000000000000e14d                doActionsBeforeTick
                0x000000000000e191                doActionsAfterTick
 .text          0x000000000000e1d6       0xdb obj_cooja/mtype29.a(cooja_mt.o)
                0x000000000000e1d6                cooja_mt_init
                0x000000000000e1e2                cooja_mt_remove
                0x000000000000e1ee                cooja_mt_start
                0x000000000000e22a                cooja_mt_exec
                0x000000000000e269                cooja_mt_exit
                0x000000000000e28d                cooja_mt_yield
 .text          0x000000000000e2b1      0x166 obj_cooja/mtype29.a(cooja_mtarch.o)
                0x000000000000e2b1                cooja_mtarch_init
                0x000000000000e2b8                cooja_mtarch_start
                0x000000000000e357                cooja_sw
                0x000000000000e380                cooja_mtarch_exec
                0x000000000000e3aa                cooja_mtarch_remove
                0x000000000000e3b1                cooja_mtarch_yield
                0x000000000000e3bd                cooja_mtarch_pstop
                0x000000000000e3c4                cooja_mtarch_pstart
                0x000000000000e3cb                cooja_mtarch_stack_usage
 .text          0x000000000000e417       0xb4 obj_cooja/mtype29.a(rtimer-arch.o)
                0x000000000000e417                rtimer_arch_init
                0x000000000000e439                rtimer_arch_schedule
                0x000000000000e45f                rtimer_arch_next
                0x000000000000e46f                rtimer_arch_pending
                0x000000000000e47e                rtimer_arch_check
                0x000000000000e4bb                rtimer_arch_now
 .text          0x000000000000e4cb       0xba obj_cooja/mtype29.a(beep.o)
                0x000000000000e4cb                beep_alarm
                0x000000000000e4e2                beep_beep
                0x000000000000e4f6                beep
                0x000000000000e507                beep_down
                0x000000000000e51b                beep_on
                0x000000000000e52c                beep_off
                0x000000000000e53d                beep_spinup
                0x000000000000e54e                beep_quick
                0x000000000000e562                beep_long
 .text          0x000000000000e585      0x12d obj_cooja/mtype29.a(button-sensor.o)
 .text          0x000000000000e6b2       0x57 obj_cooja/mtype29.a(leds-arch.o)
                0x000000000000e6b2                leds_arch_init
                0x000000000000e6c3                leds_arch_get
                0x000000000000e6d3                leds_arch_set
 .text          0x000000000000e709       0x39 obj_cooja/mtype29.a(moteid.o)
 .text          0x000000000000e742       0xe5 obj_cooja/mtype29.a(pir-sensor.o)
 .text          0x000000000000e827      0x175 obj_cooja/mtype29.a(rs232.o)
                0x000000000000e827                rs232_init
                0x000000000000e82e                rs232_set_speed
                0x000000000000e83a                rs232_set_input
                0x000000000000e850                rs232_send
                0x000000000000e877                rs232_print
                0x000000000000e89e                slip_arch_writeb
 .text          0x000000000000e99c       0xe5 obj_cooja/mtype29.a(vib-sensor.o)
 .text          0x000000000000ea81       0x57 obj_cooja/mtype29.a(clock.o)
                0x000000000000ea81                clock_init
                0x000000000000ea88                clock_time
                0x000000000000ea98                clock_seconds
                0x000000000000eac0                clock_delay
 .text          0x000000000000ead8      0x30e obj_cooja/mtype29.a(log.o)
                0x000000000000ead8                simlog_char
                0x000000000000eb31                simlog
                0x000000000000ebd0                log_message
                0x000000000000ec09                log_set_putchar_with_slip
                0x000000000000ec1c                log_putchar
                0x000000000000ec9c                log_puts
                0x000000000000ecc5                log_printf
 .text          0x000000000000ede6      0x373 obj_cooja/mtype29.a(cfs-cooja.o)
                0x000000000000ede6                cfs_open
                0x000000000000ee5f                cfs_close
                0x000000000000ee70                cfs_read
                0x000000000000ef34                cfs_write
                0x000000000000f043                cfs_seek
                0x000000000000f0ee                cfs_remove
                0x000000000000f11a                cfs_opendir
                0x000000000000f12d                cfs_readdir
                0x000000000000f140                cfs_closedir
 .text          0x000000000000f159      0x73c obj_cooja/mtype29.a(cooja-radio.o)
                0x000000000000f1d4                radio_set_channel
                0x000000000000f1ea                radio_set_txpower
                0x000000000000f203                radio_signal_strength_last
                0x000000000000f212                radio_signal_strength_current
                0x000000000000f221                radio_LQI
 .text          0x000000000000f895      0x125 obj_cooja/mtype29.a(eeprom.o)
                0x000000000000f895                eeprom_init
                0x000000000000f89c                eeprom_read
                0x000000000000f924                eeprom_write
 .text          0x000000000000f9ba       0x27 obj_cooja/mtype29.a(random.o)
                0x000000000000f9ba                random_init
                0x000000000000f9d6                random_rand
 .text          0x000000000000f9e1      0x33f obj_cooja/mtype29.a(sensors.o)
                0x000000000000fa26                sensors_first
                0x000000000000fa36                sensors_next
                0x000000000000fa61                sensors_changed
                0x000000000000faaa                sensors_find
 .text          0x000000000000fd20       0xb3 obj_cooja/mtype29.a(autostart.o)
                0x000000000000fd20                autostart_start
                0x000000000000fd7c                autostart_exit
 .text          0x000000000000fdd3      0x421 obj_cooja/mtype29.a(ctimer.o)
                0x000000000000ff31                ctimer_init
                0x000000000000ff62                ctimer_set
                0x000000000000ffa2                ctimer_set_with_process
                0x0000000000010058                ctimer_reset
                0x00000000000100c5                ctimer_restart
                0x0000000000010132                ctimer_stop
                0x000000000001018c                ctimer_expired
 .text          0x00000000000101f4       0x2a obj_cooja/mtype29.a(energest.o)
                0x00000000000101f4                energest_type_set
                0x0000000000010202                energest_init
                0x0000000000010209                energest_type_time
                0x0000000000010217                energest_flush
 .text          0x000000000001021e      0x540 obj_cooja/mtype29.a(etimer.o)
                0x00000000000104be                etimer_request_poll
                0x0000000000010568                etimer_set
                0x000000000001059a                etimer_reset_with_new_interval
                0x00000000000105d1                etimer_reset
                0x00000000000105f8                etimer_restart
                0x000000000001061f                etimer_adjust
                0x000000000001064c                etimer_expired
                0x0000000000010667                etimer_expiration_time
                0x0000000000010683                etimer_start_time
                0x0000000000010694                etimer_pending
                0x00000000000106aa                etimer_next_expiration_time
                0x00000000000106c7                etimer_stop
 .text          0x000000000001075e      0x641 obj_cooja/mtype29.a(process.o)
                0x000000000001075e                process_alloc_event
                0x0000000000010774                process_start
                0x00000000000109d9                process_exit
                0x0000000000010a01                process_init
                0x0000000000010bf1                process_run
                0x0000000000010c22                process_nevents
                0x0000000000010c3e                process_post
                0x0000000000010d02                process_post_synch
                0x0000000000010d4c                process_poll
                0x0000000000010d85                process_is_running
 .text          0x0000000000010d9f       0xf6 obj_cooja/mtype29.a(rtimer.o)
                0x0000000000010d9f                rtimer_init
                0x0000000000010dab                rtimer_set
                0x0000000000010e28                rtimer_run_next
 .text          0x0000000000010e95       0xdf obj_cooja/mtype29.a(timer.o)
                0x0000000000010e95                timer_set
                0x0000000000010ec3                timer_reset
                0x0000000000010ee7                timer_restart
                0x0000000000010f05                timer_expired
                0x0000000000010f42                timer_remaining
 .text          0x0000000000010f74      0x20c obj_cooja/mtype29.a(serial-line.o)
                0x0000000000010f74                serial_line_input_byte
                0x000000000001114d                serial_line_init
 .text          0x0000000000011180      0x311 obj_cooja/mtype29.a(list.o)
                0x0000000000011180                list_init
                0x0000000000011196                list_head
                0x00000000000111a7                list_copy
                0x00000000000111c4                list_tail
                0x0000000000011209                list_add
                0x0000000000011269                list_push
                0x00000000000112a8                list_chop
                0x0000000000011331                list_pop
                0x0000000000011367                list_remove
                0x00000000000113ef                list_length
                0x0000000000011426                list_insert
                0x0000000000011472                list_item_next
 .text          0x0000000000011491      0x189 obj_cooja/mtype29.a(ringbuf.o)
                0x0000000000011491                ringbuf_init
                0x00000000000114ce                ringbuf_put
                0x0000000000011559                ringbuf_get
                0x00000000000115d3                ringbuf_size
                0x00000000000115eb                ringbuf_elements
 .text          0x000000000001161a      0xd01 obj_cooja/mtype29.a(uip-ds6.o)
                0x000000000001161a                uip_ds6_init
                0x00000000000117f4                uip_ds6_periodic
                0x0000000000011897                uip_ds6_list_loop
                0x000000000001195d                uip_ds6_prefix_add
                0x0000000000011a2a                uip_ds6_prefix_rm
                0x0000000000011a44                uip_ds6_prefix_lookup
                0x0000000000011a97                uip_ds6_is_addr_onlink
                0x0000000000011b27                uip_ds6_addr_add
                0x0000000000011c68                uip_ds6_addr_rm
                0x0000000000011d1c                uip_ds6_addr_lookup
                0x0000000000011d6a                uip_ds6_get_link_local
                0x0000000000011e0b                uip_ds6_get_global
                0x0000000000011eac                uip_ds6_maddr_add
                0x0000000000011f21                uip_ds6_maddr_rm
                0x0000000000011f3b                uip_ds6_maddr_lookup
                0x0000000000011f8c                uip_ds6_aaddr_add
                0x0000000000012001                uip_ds6_aaddr_rm
                0x000000000001201b                uip_ds6_aaddr_lookup
                0x000000000001206c                uip_ds6_select_src
                0x00000000000121f2                uip_ds6_set_addr_iid
                0x0000000000012227                get_match_length
                0x00000000000122d1                uip_ds6_compute_reachable_time
 .text          0x000000000001231b      0xa71 obj_cooja/mtype29.a(uip-ds6-route.o)
                0x000000000001239e                uip_ds6_notification_add
                0x00000000000123e1                uip_ds6_notification_rm
                0x0000000000012406                uip_ds6_route_init
                0x00000000000124a4                uip_ds6_route_nexthop
                0x00000000000124d4                uip_ds6_route_head
                0x00000000000124e9                uip_ds6_route_next
                0x0000000000012519                uip_ds6_route_is_nexthop
                0x0000000000012567                uip_ds6_route_num_routes
                0x0000000000012573                uip_ds6_route_lookup
                0x000000000001264d                uip_ds6_route_add
                0x00000000000128ac                uip_ds6_route_rm
                0x0000000000012a8a                uip_ds6_route_rm_by_nexthop
                0x0000000000012ad2                uip_ds6_defrt_head
                0x0000000000012ae7                uip_ds6_defrt_add
                0x0000000000012ba4                uip_ds6_defrt_rm
                0x0000000000012c30                uip_ds6_defrt_lookup
                0x0000000000012c95                uip_ds6_defrt_choose
                0x0000000000012d14                uip_ds6_defrt_periodic
 .text          0x0000000000012d8c     0x32a5 obj_cooja/mtype29.a(uip6.o)
                0x0000000000012d8c                uip_add32
                0x0000000000012f8e                uip_chksum
                0x0000000000013086                uip_icmp6chksum
                0x0000000000013096                uip_tcpchksum
                0x00000000000130a6                uip_udpchksum
                0x00000000000130b6                uip_init
                0x0000000000013171                uip_connect
                0x0000000000013317                remove_ext_hdr
                0x0000000000013427                uip_udp_new
                0x0000000000013590                uip_unlisten
                0x00000000000135db                uip_listen
                0x0000000000013924                uip_process
                0x0000000000015ee7                uip_htons
                0x0000000000015f06                uip_htonl
                0x0000000000015f4a                uip_send
 .text          0x0000000000016031      0x85c obj_cooja/mtype29.a(uip-ds6-nbr.o)
                0x0000000000016057                uip_ds6_neighbors_init
                0x000000000001607f                uip_ds6_nbr_add
                0x000000000001616a                uip_ds6_nbr_rm
                0x00000000000161bb                uip_ds6_nbr_get_ipaddr
                0x00000000000161d7                uip_ds6_nbr_get_ll
                0x00000000000161fe                uip_ds6_nbr_num
                0x0000000000016252                uip_ds6_nbr_lookup
                0x00000000000162ca                uip_ds6_nbr_ll_lookup
                0x00000000000162f1                uip_ds6_nbr_ipaddr_from_lladdr
                0x0000000000016321                uip_ds6_nbr_lladdr_from_ipaddr
                0x0000000000016359                uip_ds6_link_neighbor_callback
                0x0000000000016402                uip_ds6_neighbor_periodic
                0x0000000000016694                uip_ds6_nbr_refresh_reachable_state
                0x00000000000166df                uip_ds6_get_least_lifetime_neighbor
                0x0000000000016774                uip_ds6_print_neighbor_list
 .text          0x000000000001688d     0x119a obj_cooja/mtype29.a(uip-nd6.o)
                0x00000000000170c7                uip_nd6_ns_output
                0x0000000000017a08                uip_nd6_init
 .text          0x0000000000017a27     0x2c05 obj_cooja/mtype29.a(sicslowpan.o)
                0x0000000000018133                rime_sniffer_add
                0x0000000000018149                rime_sniffer_remove
                0x000000000001a5b9                sicslowpan_init
                0x000000000001a620                sicslowpan_get_last_rssi
 .text          0x000000000001a62c      0x197 obj_cooja/mtype29.a(uip-packetqueue)
                0x000000000001a664                uip_packetqueue_new
                0x000000000001a67a                uip_packetqueue_alloc
                0x000000000001a6f0                uip_packetqueue_free
                0x000000000001a741                uip_packetqueue_buf
                0x000000000001a769                uip_packetqueue_buflen
                0x000000000001a794                uip_packetqueue_set_buflen
 .text          0x000000000001a7c3      0xe06 obj_cooja/mtype29.a(tcpip.o)
                0x000000000001a7c3                tcpip_output
                0x000000000001a7fd                tcpip_set_outputfunc
                0x000000000001a89f                tcp_connect
                0x000000000001a909                tcp_unlisten
                0x000000000001a974                tcp_listen
                0x000000000001a9db                tcp_attach
                0x000000000001aa13                udp_attach
                0x000000000001aa4b                udp_new
                0x000000000001aab4                udp_broadcast_new
                0x000000000001ada1                tcpip_input
                0x000000000001add7                tcpip_ipv6_output
                0x000000000001b3ab                tcpip_poll_udp
                0x000000000001b3d5                tcpip_poll_tcp
                0x000000000001b3ff                tcpip_uipcall
 .text          0x000000000001b5c9      0x41f obj_cooja/mtype29.a(simple-udp.o)
                0x000000000001b5f6                simple_udp_send
                0x000000000001b664                simple_udp_sendto
                0x000000000001b6d2                simple_udp_sendto_port
                0x000000000001b73e                simple_udp_register
 .text          0x000000000001b9e8      0x17b obj_cooja/mtype29.a(uip-debug.o)
                0x000000000001b9e8                uip_debug_ipaddr_print
 .text          0x000000000001bb63     0x295c obj_cooja/mtype29.a(rpl-dag.o)
                0x000000000001bb63                rpl_print_neighbor_list
                0x000000000001bde9                rpl_get_nbr
                0x000000000001be49                rpl_dag_init
                0x000000000001be69                rpl_get_parent
                0x000000000001be98                rpl_get_parent_rank
                0x000000000001bed9                rpl_get_parent_link_metric
                0x000000000001bf4a                rpl_rank_via_parent
                0x000000000001bfbb                rpl_get_parent_lladdr
                0x000000000001bfe2                rpl_get_parent_ipaddr
                0x000000000001c00c                rpl_get_parent_link_stats
                0x000000000001c036                rpl_parent_is_fresh
                0x000000000001c060                rpl_parent_is_reachable
                0x000000000001c45d                rpl_set_root
                0x000000000001c6c9                rpl_repair_root
                0x000000000001c928                rpl_set_prefix
                0x000000000001ca2f                rpl_set_default_route
                0x000000000001caa6                rpl_alloc_instance
                0x000000000001cb3a                rpl_alloc_dag
                0x000000000001cbfe                rpl_set_default_instance
                0x000000000001cc17                rpl_get_default_instance
                0x000000000001cc27                rpl_free_instance
                0x000000000001ccf6                rpl_free_dag
                0x000000000001cd59                rpl_add_parent
                0x000000000001ce30                rpl_find_parent
                0x000000000001cea8                rpl_find_parent_any_dag
                0x000000000001cef9                rpl_select_dag
                0x000000000001d2fb                rpl_select_parent
                0x000000000001d3ea                rpl_remove_parent
                0x000000000001d41e                rpl_nullify_parent
                0x000000000001d4bd                rpl_move_parent
                0x000000000001d549                rpl_has_downward_route
                0x000000000001d5c0                rpl_get_dag
                0x000000000001d74f                rpl_get_any_dag
                0x000000000001d7f1                rpl_get_instance
                0x000000000001d887                rpl_find_of
                0x000000000001d8c5                rpl_join_instance
                0x000000000001dd40                rpl_local_repair
                0x000000000001de01                rpl_recalculate_ranks
                0x000000000001dea4                rpl_process_parent_event
                0x000000000001df86                rpl_process_dio
 .text          0x000000000001e4bf      0x978 obj_cooja/mtype29.a(rpl-timers.o)
                0x000000000001e766                rpl_reset_periodic_timer
                0x000000000001e7b9                rpl_reset_dio_timer
                0x000000000001ea0e                rpl_schedule_dao
                0x000000000001ea2e                rpl_schedule_dao_immediately
                0x000000000001ea4e                rpl_cancel_dao
                0x000000000001eac9                rpl_schedule_unicast_dio_immediately
                0x000000000001eafb                get_probing_delay
                0x000000000001eb8b                get_probing_target
                0x000000000001edf7                rpl_schedule_probing
 .text          0x000000000001ee37     0x1558 obj_cooja/mtype29.a(rpl-ext-header.)
                0x000000000001ee5d                rpl_verify_hbh_header
                0x000000000001f1a9                rpl_srh_get_next_hop
                0x000000000001f37f                rpl_process_srh_header
                0x000000000002008e                rpl_remove_header
                0x0000000000020253                rpl_update_header
 .text          0x000000000002038f      0x722 obj_cooja/mtype29.a(rpl.o)
                0x000000000002038f                rpl_get_mode
                0x000000000002039b                rpl_set_mode
                0x0000000000020457                rpl_purge_routes
                0x0000000000020579                rpl_remove_routes
                0x00000000000205cf                rpl_remove_routes_by_nexthop
                0x0000000000020644                rpl_add_route
                0x00000000000206ed                rpl_link_neighbor_callback
                0x00000000000207e7                rpl_ipv6_neighbor_callback
                0x000000000002086b                rpl_purge_dags
                0x00000000000209c4                rpl_init
 .text          0x0000000000020ab1      0x40f obj_cooja/mtype29.a(rpl-mrhof.o)
 .text          0x0000000000020ec0      0x55e obj_cooja/mtype29.a(rpl-ns.o)
                0x0000000000020ec0                rpl_ns_num_nodes
                0x0000000000020f58                rpl_ns_get_node
                0x0000000000020fbc                rpl_ns_is_node_reachable
                0x0000000000021057                rpl_ns_expire_parent
                0x00000000000210b6                rpl_ns_update_node
                0x0000000000021223                rpl_ns_init
                0x000000000002124f                rpl_ns_node_head
                0x0000000000021264                rpl_ns_node_next
                0x000000000002127e                rpl_ns_get_node_global_addr
                0x00000000000212d0                rpl_ns_periodic
                0x00000000000213e7                rpl_ns_print_node_list
 .text          0x000000000002141e     0x1ead obj_cooja/mtype29.a(rpl-icmp6.o)
                0x0000000000021745                rpl_icmp6_update_nbr_table
                0x000000000002185f                dis_output
                0x000000000002202e                dio_output
                0x0000000000022c20                dao_output
                0x0000000000022d3b                dao_output_target
                0x0000000000023209                dao_ack_output
                0x0000000000023294                rpl_icmp6_register_handlers
 .text          0x00000000000232cb      0x32c obj_cooja/mtype29.a(queuebuf.o)
                0x00000000000232dc                queuebuf_init
                0x00000000000232fb                queuebuf_numfree
                0x000000000002330d                queuebuf_new_from_packetbuf
                0x00000000000233b6                queuebuf_update_attr_from_packetbuf
                0x00000000000233f5                queuebuf_update_from_packetbuf
                0x000000000002344d                queuebuf_free
                0x000000000002349c                queuebuf_to_packetbuf
                0x000000000002350e                queuebuf_dataptr
                0x000000000002354e                queuebuf_datalen
                0x000000000002357a                queuebuf_addr
                0x00000000000235b9                queuebuf_attr
                0x00000000000235f0                queuebuf_debug_print
 .text          0x00000000000235f7      0x9c6 obj_cooja/mtype29.a(nbr-table.o)
                0x0000000000023b9f                nbr_table_register
                0x0000000000023c06                nbr_table_head
                0x0000000000023c6d                nbr_table_next
                0x0000000000023ce3                nbr_table_add_lladdr
                0x0000000000023dd5                nbr_table_get_from_lladdr
                0x0000000000023e2d                nbr_table_remove
                0x0000000000023e7d                nbr_table_lock
                0x0000000000023eab                nbr_table_unlock
                0x0000000000023ed9                nbr_table_get_lladdr
                0x0000000000023f18                nbr_table_update_lladdr
                0x0000000000023fb1                nbr_table_num_tables
 .text          0x0000000000023fbd      0x42e obj_cooja/mtype29.a(packetbuf.o)
                0x0000000000023fbd                packetbuf_clear
                0x0000000000023fe7                packetbuf_copyfrom
                0x000000000002403d                packetbuf_compact
                0x00000000000240c4                packetbuf_copyto
                0x0000000000024167                packetbuf_hdralloc
                0x00000000000241f2                packetbuf_hdrreduce
                0x000000000002423e                packetbuf_set_datalen
                0x0000000000024256                packetbuf_dataptr
                0x0000000000024278                packetbuf_hdrptr
                0x0000000000024285                packetbuf_datalen
                0x0000000000024292                packetbuf_hdrlen
                0x00000000000242aa                packetbuf_totlen
                0x00000000000242c9                packetbuf_remaininglen
                0x00000000000242dd                packetbuf_attr_clear
                0x000000000002433d                packetbuf_attr_copyto
                0x0000000000024384                packetbuf_attr_copyfrom
                0x00000000000243cb                packetbuf_holds_broadcast
 .text          0x00000000000243eb       0x47 obj_cooja/mtype29.a(netstack.o)
                0x00000000000243eb                netstack_init
 .text          0x0000000000024432       0x74 obj_cooja/mtype29.a(linkaddr.o)
                0x0000000000024432                linkaddr_copy
                0x000000000002444f                linkaddr_cmp
                0x0000000000024481                linkaddr_set_node_addr
 .text          0x00000000000244a6      0x4d2 obj_cooja/mtype29.a(link-stats.o)
                0x00000000000244c3                link_stats_from_lladdr
                0x00000000000244e7                link_stats_is_fresh
                0x0000000000024532                guess_etx_from_rssi
                0x00000000000245b3                link_stats_packet_sent
                0x00000000000246f4                link_stats_input_callback
                0x000000000002481e                link_stats_num_links
                0x000000000002486c                link_stats_print_links_list
                0x000000000002493d                link_stats_init
 .text          0x0000000000024978      0x403 obj_cooja/mtype29.a(framer-802154.o)
 .text          0x0000000000024d7b      0xc84 obj_cooja/mtype29.a(frame802154.o)
                0x0000000000024da9                frame802154_get_pan_id
                0x0000000000024db6                frame802154_set_pan_id
                0x0000000000024dce                frame802154_has_panid
                0x0000000000024fa9                frame802154_check_dest_panid
                0x0000000000025044                frame802154_is_broadcast_addr
                0x0000000000025097                frame802154_extract_linkaddr
                0x000000000002532d                frame802154_hdrlen
                0x00000000000253a8                frame802154_create_fcf
                0x0000000000025476                frame802154_create
                0x000000000002561c                frame802154_parse_fcf
                0x000000000002570f                frame802154_parse
 .text          0x00000000000259ff      0x94b obj_cooja/mtype29.a(csma.o)
 .text          0x000000000002634a      0x509 obj_cooja/mtype29.a(nullrdc.o)
 .text          0x0000000000026853       0x84 obj_cooja/mtype29.a(nullsec.o)
 .text          0x00000000000268d7       0x23 obj_cooja/mtype29.a(watchdog.o)
                0x00000000000268d7                watchdog_init
                0x00000000000268de                watchdog_start
                0x00000000000268e5                watchdog_periodic
                0x00000000000268ec                watchdog_stop
                0x00000000000268f3                watchdog_reboot
 .text          0x00000000000268fa        0x0 obj_cooja/mtype29.a(rimestats.o)
 .text          0x00000000000268fa      0x106 obj_cooja/mtype29.a(stimer.o)
                0x00000000000268fa                stimer_set
                0x0000000000026928                stimer_reset
                0x000000000002694c                stimer_restart
                0x000000000002696a                stimer_expired
                0x00000000000269ab                stimer_remaining
                0x00000000000269dd                stimer_elapsed
 .text          0x0000000000026a00      0x20e obj_cooja/mtype29.a(memb.o)
                0x0000000000026a00                memb_init
                0x0000000000026a5f                memb_alloc
                0x0000000000026ad7                memb_free
                0x0000000000026b6f                memb_inmemb
                0x0000000000026bc2                memb_numfree
 .text          0x0000000000026c0e      0xb84 obj_cooja/mtype29.a(uip-icmp6.o)
                0x0000000000026c87                uip_icmp6_input
                0x0000000000026ce1                uip_icmp6_register_input_handler
                0x0000000000026f69                uip_icmp6_error_output
                0x00000000000273b4                uip_icmp6_send
                0x000000000002770b                uip_icmp6_echo_reply_callback_add
                0x000000000002774e                uip_icmp6_echo_reply_callback_rm
                0x0000000000027773                uip_icmp6_init
 .text          0x0000000000027792      0x13c obj_cooja/mtype29.a(uip-udp-packet.)
                0x0000000000027792                uip_udp_packet_send
                0x000000000002780d                uip_udp_packet_sendto
 .text          0x00000000000278ce      0xaa6 obj_cooja/mtype29.a(hrpl.o)
                0x00000000000278ce                hrpl_get_num_nodes
                0x00000000000278da                hrpl_get_num_all_parents
                0x00000000000278e6                get_updating_delay
                0x0000000000027918                hrpl_schedule_metric_update
                0x0000000000027944                hrpl_update_parent_periodic
                0x0000000000027bc4                hrpl_get_node
                0x0000000000027c28                hrpl_get_node_from_id
                0x0000000000027c7b                hrpl_get_parent
                0x0000000000027d00                hrpl_add_node
                0x0000000000027dda                hrpl_add_parent
                0x0000000000027e82                hrpl_update_node
                0x000000000002814e                hrpl_get_num_parents
                0x0000000000028192                hrpl_print_parent_list
                0x0000000000028234                hrpl_print_all_node_list
                0x0000000000028321                hrpl_init
 .text          0x0000000000028374      0x3a4 obj_cooja/mtype29.a(rpl-nbr-policy.)
                0x000000000002857f                find_removable_dis
                0x00000000000285ad                find_removable_dio
                0x0000000000028642                find_removable_dao
                0x00000000000286a3                rpl_nbr_policy_find_removable
 .text          0x0000000000028718      0x21d obj_cooja/mtype29.a(mac-sequence.o)
                0x000000000002875b                mac_sequence_is_duplicate
                0x000000000002883c                mac_sequence_register_seqno
 .text          0x0000000000028935       0x48 obj_cooja/mtype29.a(mac.o)
                0x0000000000028935                mac_call_sent_callback
 .text          0x000000000002897d        0x0 /usr/lib/gcc/x86_64-linux-gnu/7/crtendS.o
 .text          0x000000000002897d        0x0 /usr/lib/gcc/x86_64-linux-gnu/7/../../../x86_64-linux-gnu/crtn.o
 *(.gnu.warning)

.fini           0x0000000000028980        0x9
 *(SORT_NONE(.fini))
 .fini          0x0000000000028980        0x4 /usr/lib/gcc/x86_64-linux-gnu/7/../../../x86_64-linux-gnu/crti.o
                0x0000000000028980                _fini
 .fini          0x0000000000028984        0x5 /usr/lib/gcc/x86_64-linux-gnu/7/../../../x86_64-linux-gnu/crtn.o
                [!provide]                        PROVIDE (__etext = .)
                [!provide]                        PROVIDE (_etext = .)
                [!provide]                        PROVIDE (etext = .)

.rodata         0x0000000000028990      0xb0d
 *(.rodata .rodata.* .gnu.linkonce.r.*)
 .rodata        0x0000000000028990       0xad app-any-to-any.co
 *fill*         0x0000000000028a3d        0x3 
 .rodata        0x0000000000028a40      0x13f obj_cooja/mtype29.o
 *fill*         0x0000000000028b7f        0x1 
 .rodata        0x0000000000028b80       0x77 obj_cooja/simple-energest.o
 .rodata        0x0000000000028bf7       0x34 obj_cooja/rpl-tools.o
 *fill*         0x0000000000028c2b        0x5 
 .rodata        0x0000000000028c30       0x10 obj_cooja/utilities.o
 .rodata        0x0000000000028c40        0x7 obj_cooja/mtype29.a(button-sensor.o)
 .rodata        0x0000000000028c47        0x4 obj_cooja/mtype29.a(pir-sensor.o)
 .rodata        0x0000000000028c4b        0x6 obj_cooja/mtype29.a(rs232.o)
 .rodata        0x0000000000028c51        0xa obj_cooja/mtype29.a(vib-sensor.o)
 *fill*         0x0000000000028c5b        0x5 
 .rodata        0x0000000000028c60       0x27 obj_cooja/mtype29.a(cfs-cooja.o)
 .rodata        0x0000000000028c87       0x14 obj_cooja/mtype29.a(cooja-radio.o)
 .rodata        0x0000000000028c9b        0x8 obj_cooja/mtype29.a(sensors.o)
 .rodata        0x0000000000028ca3        0xf obj_cooja/mtype29.a(ctimer.o)
 .rodata        0x0000000000028cb2        0xc obj_cooja/mtype29.a(etimer.o)
 .rodata        0x0000000000028cbe        0xe obj_cooja/mtype29.a(serial-line.o)
 .rodata        0x0000000000028ccc      0x13c obj_cooja/mtype29.a(uip6.o)
 .rodata        0x0000000000028e08       0x5b obj_cooja/mtype29.a(uip-ds6-nbr.o)
 .rodata        0x0000000000028e63       0x1d obj_cooja/mtype29.a(sicslowpan.o)
                0x0000000000028e63                unc_llconf
                0x0000000000028e67                unc_ctxconf
                0x0000000000028e6b                unc_mxconf
                0x0000000000028e6f                llprefix
 .rodata        0x0000000000028e80       0x29 obj_cooja/mtype29.a(tcpip.o)
 .rodata        0x0000000000028ea9       0x13 obj_cooja/mtype29.a(simple-udp.o)
 .rodata        0x0000000000028ebc       0x2a obj_cooja/mtype29.a(uip-debug.o)
 *fill*         0x0000000000028ee6        0x2 
 .rodata        0x0000000000028ee8       0xda obj_cooja/mtype29.a(rpl-dag.o)
 .rodata        0x0000000000028fc2        0x9 obj_cooja/mtype29.a(rpl-ext-header.)
 .rodata        0x0000000000028fcb       0x53 obj_cooja/mtype29.a(rpl.o)
 *fill*         0x000000000002901e        0x2 
 .rodata        0x0000000000029020       0xa1 obj_cooja/mtype29.a(rpl-mrhof.o)
 *fill*         0x00000000000290c1        0x7 
 .rodata        0x00000000000290c8       0x8a obj_cooja/mtype29.a(rpl-icmp6.o)
 *fill*         0x0000000000029152        0x6 
 .rodata        0x0000000000029158        0x8 obj_cooja/mtype29.a(linkaddr.o)
                0x0000000000029158                linkaddr_null
 .rodata        0x0000000000029160       0x6f obj_cooja/mtype29.a(link-stats.o)
 .rodata        0x00000000000291cf        0x5 obj_cooja/mtype29.a(csma.o)
 .rodata        0x00000000000291d4        0x8 obj_cooja/mtype29.a(nullrdc.o)
 .rodata        0x00000000000291dc        0x8 obj_cooja/mtype29.a(nullsec.o)
 *fill*         0x00000000000291e4        0x4 
 .rodata        0x00000000000291e8      0x2b5 obj_cooja/mtype29.a(hrpl.o)

.rodata1
 *(.rodata1)

.eh_frame_hdr   0x00000000000294a0     0x15dc
 *(.eh_frame_hdr)
 .eh_frame_hdr  0x00000000000294a0     0x15dc app-any-to-any.co
                0x00000000000294a0                __GNU_EH_FRAME_HDR
 *(.eh_frame_entry .eh_frame_entry.*)

.eh_frame       0x000000000002aa80     0x5804
 *(.eh_frame)
 .eh_frame      0x000000000002aa80       0x40 /usr/lib/gcc/x86_64-linux-gnu/7/../../../x86_64-linux-gnu/crti.o
 .eh_frame      0x000000000002aac0       0x18 /usr/lib/gcc/x86_64-linux-gnu/7/../../../x86_64-linux-gnu/crti.o
                                         0x30 (size before relaxing)
 .eh_frame      0x000000000002aad8       0x60 app-any-to-any.co
                                         0x78 (size before relaxing)
 .eh_frame      0x000000000002ab38      0x138 obj_cooja/mtype29.o
                                        0x150 (size before relaxing)
 .eh_frame      0x000000000002ac70       0x68 obj_cooja/simple-energest.o
                                         0x80 (size before relaxing)
 .eh_frame      0x000000000002acd8      0x120 obj_cooja/rpl-tools.o
                                        0x138 (size before relaxing)
 .eh_frame      0x000000000002adf8      0x1a0 obj_cooja/utilities.o
                                        0x1b8 (size before relaxing)
 .eh_frame      0x000000000002af98       0x40 obj_cooja/mtype29.a(simEnvChange.o)
                                         0x58 (size before relaxing)
 .eh_frame      0x000000000002afd8       0xc0 obj_cooja/mtype29.a(cooja_mt.o)
                                         0xd8 (size before relaxing)
 .eh_frame      0x000000000002b098      0x120 obj_cooja/mtype29.a(cooja_mtarch.o)
                                        0x138 (size before relaxing)
 .eh_frame      0x000000000002b1b8       0xc0 obj_cooja/mtype29.a(rtimer-arch.o)
                                         0xd8 (size before relaxing)
 .eh_frame      0x000000000002b278      0x160 obj_cooja/mtype29.a(beep.o)
                                        0x178 (size before relaxing)
 .eh_frame      0x000000000002b3d8       0xa0 obj_cooja/mtype29.a(button-sensor.o)
                                         0xb8 (size before relaxing)
 .eh_frame      0x000000000002b478       0xa0 obj_cooja/mtype29.a(leds-arch.o)
                                         0xb8 (size before relaxing)
 .eh_frame      0x000000000002b518       0x40 obj_cooja/mtype29.a(moteid.o)
                                         0x58 (size before relaxing)
 .eh_frame      0x000000000002b558       0xa0 obj_cooja/mtype29.a(pir-sensor.o)
                                         0xb8 (size before relaxing)
 .eh_frame      0x000000000002b5f8      0x100 obj_cooja/mtype29.a(rs232.o)
                                        0x118 (size before relaxing)
 .eh_frame      0x000000000002b6f8       0xa0 obj_cooja/mtype29.a(vib-sensor.o)
                                         0xb8 (size before relaxing)
 .eh_frame      0x000000000002b798       0xc0 obj_cooja/mtype29.a(clock.o)
                                         0xd8 (size before relaxing)
 .eh_frame      0x000000000002b858      0x128 obj_cooja/mtype29.a(log.o)
                                        0x140 (size before relaxing)
 .eh_frame      0x000000000002b980      0x160 obj_cooja/mtype29.a(cfs-cooja.o)
                                        0x178 (size before relaxing)
 .eh_frame      0x000000000002bae0      0x360 obj_cooja/mtype29.a(cooja-radio.o)
                                        0x378 (size before relaxing)
 .eh_frame      0x000000000002be40       0xa0 obj_cooja/mtype29.a(eeprom.o)
                                         0xb8 (size before relaxing)
 .eh_frame      0x000000000002bee0       0x40 obj_cooja/mtype29.a(random.o)
                                         0x58 (size before relaxing)
 .eh_frame      0x000000000002bf20       0xc0 obj_cooja/mtype29.a(sensors.o)
                                         0xd8 (size before relaxing)
 .eh_frame      0x000000000002bfe0       0x40 obj_cooja/mtype29.a(autostart.o)
                                         0x58 (size before relaxing)
 .eh_frame      0x000000000002c020      0x100 obj_cooja/mtype29.a(ctimer.o)
                                        0x118 (size before relaxing)
 .eh_frame      0x000000000002c120       0x80 obj_cooja/mtype29.a(energest.o)
                                         0x98 (size before relaxing)
 .eh_frame      0x000000000002c1a0      0x1e0 obj_cooja/mtype29.a(etimer.o)
                                        0x1f8 (size before relaxing)
 .eh_frame      0x000000000002c380      0x1c8 obj_cooja/mtype29.a(process.o)
                                        0x1e0 (size before relaxing)
 .eh_frame      0x000000000002c548       0x60 obj_cooja/mtype29.a(rtimer.o)
                                         0x78 (size before relaxing)
 .eh_frame      0x000000000002c5a8       0xa0 obj_cooja/mtype29.a(timer.o)
                                         0xb8 (size before relaxing)
 .eh_frame      0x000000000002c648       0x60 obj_cooja/mtype29.a(serial-line.o)
                                         0x78 (size before relaxing)
 .eh_frame      0x000000000002c6a8      0x180 obj_cooja/mtype29.a(list.o)
                                        0x198 (size before relaxing)
 .eh_frame      0x000000000002c828       0xa0 obj_cooja/mtype29.a(ringbuf.o)
                                         0xb8 (size before relaxing)
 .eh_frame      0x000000000002c8c8      0x2c8 obj_cooja/mtype29.a(uip-ds6.o)
                                        0x2e0 (size before relaxing)
 .eh_frame      0x000000000002cb90      0x2c0 obj_cooja/mtype29.a(uip-ds6-route.o)
                                        0x2d8 (size before relaxing)
 .eh_frame      0x000000000002ce50      0x270 obj_cooja/mtype29.a(uip6.o)
                                        0x288 (size before relaxing)
 .eh_frame      0x000000000002d0c0      0x208 obj_cooja/mtype29.a(uip-ds6-nbr.o)
                                        0x220 (size before relaxing)
 .eh_frame      0x000000000002d2c8       0xc8 obj_cooja/mtype29.a(uip-nd6.o)
                                         0xe0 (size before relaxing)
 .eh_frame      0x000000000002d390      0x320 obj_cooja/mtype29.a(sicslowpan.o)
                                        0x338 (size before relaxing)
 .eh_frame      0x000000000002d6b0       0xe0 obj_cooja/mtype29.a(uip-packetqueue)
                                         0xf8 (size before relaxing)
 .eh_frame      0x000000000002d790      0x268 obj_cooja/mtype29.a(tcpip.o)
                                        0x280 (size before relaxing)
 .eh_frame      0x000000000002d9f8       0xc0 obj_cooja/mtype29.a(simple-udp.o)
                                         0xd8 (size before relaxing)
 .eh_frame      0x000000000002dab8       0x20 obj_cooja/mtype29.a(uip-debug.o)
                                         0x38 (size before relaxing)
 .eh_frame      0x000000000002dad8      0x6f0 obj_cooja/mtype29.a(rpl-dag.o)
                                        0x708 (size before relaxing)
 .eh_frame      0x000000000002e1c8      0x228 obj_cooja/mtype29.a(rpl-timers.o)
                                        0x240 (size before relaxing)
 .eh_frame      0x000000000002e3f0      0x148 obj_cooja/mtype29.a(rpl-ext-header.)
                                        0x160 (size before relaxing)
 .eh_frame      0x000000000002e538      0x140 obj_cooja/mtype29.a(rpl.o)
                                        0x158 (size before relaxing)
 .eh_frame      0x000000000002e678      0x148 obj_cooja/mtype29.a(rpl-mrhof.o)
                                        0x160 (size before relaxing)
 .eh_frame      0x000000000002e7c0      0x180 obj_cooja/mtype29.a(rpl-ns.o)
                                        0x198 (size before relaxing)
 .eh_frame      0x000000000002e940      0x2c0 obj_cooja/mtype29.a(rpl-icmp6.o)
                                        0x2d8 (size before relaxing)
 .eh_frame      0x000000000002ec00      0x1a0 obj_cooja/mtype29.a(queuebuf.o)
                                        0x1b8 (size before relaxing)
 .eh_frame      0x000000000002eda0      0x2c0 obj_cooja/mtype29.a(nbr-table.o)
                                        0x2d8 (size before relaxing)
 .eh_frame      0x000000000002f060      0x228 obj_cooja/mtype29.a(packetbuf.o)
                                        0x240 (size before relaxing)
 .eh_frame      0x000000000002f288       0x20 obj_cooja/mtype29.a(netstack.o)
                                         0x38 (size before relaxing)
 .eh_frame      0x000000000002f2a8       0x60 obj_cooja/mtype29.a(linkaddr.o)
                                         0x78 (size before relaxing)
 .eh_frame      0x000000000002f308      0x140 obj_cooja/mtype29.a(link-stats.o)
                                        0x158 (size before relaxing)
 .eh_frame      0x000000000002f448      0x108 obj_cooja/mtype29.a(framer-802154.o)
                                        0x120 (size before relaxing)
 .eh_frame      0x000000000002f550      0x1a8 obj_cooja/mtype29.a(frame802154.o)
                                        0x1c0 (size before relaxing)
 .eh_frame      0x000000000002f6f8      0x288 obj_cooja/mtype29.a(csma.o)
                                        0x2a0 (size before relaxing)
 .eh_frame      0x000000000002f980      0x168 obj_cooja/mtype29.a(nullrdc.o)
                                        0x180 (size before relaxing)
 .eh_frame      0x000000000002fae8       0x80 obj_cooja/mtype29.a(nullsec.o)
                                         0x98 (size before relaxing)
 .eh_frame      0x000000000002fb68       0xa0 obj_cooja/mtype29.a(watchdog.o)
                                         0xb8 (size before relaxing)
 .eh_frame      0x000000000002fc08       0xc0 obj_cooja/mtype29.a(stimer.o)
                                         0xd8 (size before relaxing)
 .eh_frame      0x000000000002fcc8       0xa0 obj_cooja/mtype29.a(memb.o)
                                         0xb8 (size before relaxing)
 .eh_frame      0x000000000002fd68      0x148 obj_cooja/mtype29.a(uip-icmp6.o)
                                        0x160 (size before relaxing)
 .eh_frame      0x000000000002feb0       0x40 obj_cooja/mtype29.a(uip-udp-packet.)
                                         0x58 (size before relaxing)
 .eh_frame      0x000000000002fef0      0x228 obj_cooja/mtype29.a(hrpl.o)
                                        0x240 (size before relaxing)
 .eh_frame      0x0000000000030118       0xc0 obj_cooja/mtype29.a(rpl-nbr-policy.)
                                         0xd8 (size before relaxing)
 .eh_frame      0x00000000000301d8       0x88 obj_cooja/mtype29.a(mac-sequence.o)
                                         0xa0 (size before relaxing)
 .eh_frame      0x0000000000030260       0x20 obj_cooja/mtype29.a(mac.o)
                                         0x38 (size before relaxing)
 .eh_frame      0x0000000000030280        0x4 /usr/lib/gcc/x86_64-linux-gnu/7/crtendS.o
 *(.eh_frame.*)

.gcc_except_table
 *(.gcc_except_table .gcc_except_table.*)

.gnu_extab
 *(.gnu_extab*)

.exception_ranges
 *(.exception_ranges .exception_ranges*)
                0x0000000000230710                . = DATA_SEGMENT_ALIGN (CONSTANT (MAXPAGESIZE), CONSTANT (COMMONPAGESIZE))

.eh_frame
 *(.eh_frame)
 *(.eh_frame.*)

.gnu_extab
 *(.gnu_extab)

.gcc_except_table
 *(.gcc_except_table .gcc_except_table.*)

.exception_ranges
 *(.exception_ranges .exception_ranges*)

.tdata
 *(.tdata .tdata.* .gnu.linkonce.td.*)

.tbss
 *(.tbss .tbss.* .gnu.linkonce.tb.*)
 *(.tcommon)

.preinit_array
 *(.preinit_array)

.init_array     0x0000000000230710        0x8
 *(SORT_BY_INIT_PRIORITY(.init_array.*) SORT_BY_INIT_PRIORITY(.ctors.*))
 *(.init_array EXCLUDE_FILE(*crtend?.o *crtend.o *crtbegin?.o *crtbegin.o) .ctors)
 .init_array    0x0000000000230710        0x8 /usr/lib/gcc/x86_64-linux-gnu/7/crtbeginS.o

.fini_array     0x0000000000230718        0x8
 *(SORT_BY_INIT_PRIORITY(.fini_array.*) SORT_BY_INIT_PRIORITY(.dtors.*))
 *(.fini_array EXCLUDE_FILE(*crtend?.o *crtend.o *crtbegin?.o *crtbegin.o) .dtors)
 .fini_array    0x0000000000230718        0x8 /usr/lib/gcc/x86_64-linux-gnu/7/crtbeginS.o

.ctors
 *crtbegin.o(.ctors)
 *crtbegin?.o(.ctors)
 *(EXCLUDE_FILE(*crtend?.o *crtend.o) .ctors)
 *(SORT_BY_NAME(.ctors.*))
 *(.ctors)

.dtors
 *crtbegin.o(.dtors)
 *crtbegin?.o(.dtors)
 *(EXCLUDE_FILE(*crtend?.o *crtend.o) .dtors)
 *(SORT_BY_NAME(.dtors.*))
 *(.dtors)

.jcr
 *(.jcr)

.data.rel.ro    0x0000000000230720      0x2f0
 *(.data.rel.ro.local* .gnu.linkonce.d.rel.ro.local.*)
 .data.rel.ro.local
                0x0000000000230720       0x10 obj_cooja/mtype29.a(beep.o)
                0x0000000000230720                beep_interface
 *fill*         0x0000000000230730       0x10 
 .data.rel.ro.local
                0x0000000000230740       0x40 obj_cooja/mtype29.a(button-sensor.o)
                0x0000000000230740                button_interface
                0x0000000000230760                button_sensor
 .data.rel.ro.local
                0x0000000000230780       0x10 obj_cooja/mtype29.a(leds-arch.o)
                0x0000000000230780                leds_interface
 .data.rel.ro.local
                0x0000000000230790       0x10 obj_cooja/mtype29.a(moteid.o)
                0x0000000000230790                moteid_interface
 .data.rel.ro.local
                0x00000000002307a0       0x40 obj_cooja/mtype29.a(pir-sensor.o)
                0x00000000002307a0                pir_interface
                0x00000000002307c0                pir_sensor
 .data.rel.ro.local
                0x00000000002307e0       0x10 obj_cooja/mtype29.a(rs232.o)
                0x00000000002307e0                rs232_interface
 *fill*         0x00000000002307f0       0x10 
 .data.rel.ro.local
                0x0000000000230800       0x40 obj_cooja/mtype29.a(vib-sensor.o)
                0x0000000000230800                vib_interface
                0x0000000000230820                vib_sensor
 .data.rel.ro.local
                0x0000000000230840       0x10 obj_cooja/mtype29.a(clock.o)
                0x0000000000230840                clock_interface
 .data.rel.ro.local
                0x0000000000230850       0x10 obj_cooja/mtype29.a(log.o)
                0x0000000000230850                simlog_interface
 .data.rel.ro.local
                0x0000000000230860       0x10 obj_cooja/mtype29.a(cfs-cooja.o)
                0x0000000000230860                cfs_interface
 *fill*         0x0000000000230870       0x10 
 .data.rel.ro.local
                0x0000000000230880       0x90 obj_cooja/mtype29.a(cooja-radio.o)
                0x0000000000230880                radio_interface
                0x00000000002308a0                cooja_radio_driver
 .data.rel.ro.local
                0x0000000000230910       0x10 obj_cooja/mtype29.a(eeprom.o)
                0x0000000000230910                eeprom_interface
 .data.rel.ro.local
                0x0000000000230920       0x18 obj_cooja/mtype29.a(framer-802154.o)
                0x0000000000230920                framer_802154
 *fill*         0x0000000000230938        0x8 
 .data.rel.ro.local
                0x0000000000230940       0x38 obj_cooja/mtype29.a(csma.o)
                0x0000000000230940                csma_driver
 *fill*         0x0000000000230978        0x8 
 .data.rel.ro.local
                0x0000000000230980       0x40 obj_cooja/mtype29.a(nullrdc.o)
                0x0000000000230980                nullrdc_driver
 .data.rel.ro.local
                0x00000000002309c0       0x20 obj_cooja/mtype29.a(nullsec.o)
                0x00000000002309c0                nullsec_driver
 *(.data.rel.ro .data.rel.ro.* .gnu.linkonce.d.rel.ro.*)
 .data.rel.ro   0x00000000002309e0        0x0 /usr/lib/gcc/x86_64-linux-gnu/7/../../../x86_64-linux-gnu/crti.o
 .data.rel.ro   0x00000000002309e0       0x10 app-any-to-any.co
                0x00000000002309e0                autostart_processes
 .data.rel.ro   0x00000000002309f0       0x18 obj_cooja/mtype29.a(sicslowpan.o)
                0x00000000002309f0                sicslowpan_driver
 .data.rel.ro   0x0000000000230a08        0x8 obj_cooja/mtype29.a(rpl-dag.o)

.dynamic        0x0000000000230a10      0x1c0
 *(.dynamic)
 .dynamic       0x0000000000230a10      0x1c0 /usr/lib/gcc/x86_64-linux-gnu/7/../../../x86_64-linux-gnu/crti.o
                0x0000000000230a10                _DYNAMIC

.got            0x0000000000230bd0      0x428
 *(.got)
 .got           0x0000000000230bd0      0x428 /usr/lib/gcc/x86_64-linux-gnu/7/../../../x86_64-linux-gnu/crti.o
 *(.igot)
                0x0000000000231fe8                . = DATA_SEGMENT_RELRO_END (., (SIZEOF (.got.plt) >= 0x18)?0x18:0x0)

.got.plt        0x0000000000231000      0xa08
 *(.got.plt)
 .got.plt       0x0000000000231000      0xa08 /usr/lib/gcc/x86_64-linux-gnu/7/../../../x86_64-linux-gnu/crti.o
                0x0000000000231000                _GLOBAL_OFFSET_TABLE_
 *(.igot.plt)

.data           0x0000000000231a20      0x5d8
 *(.data .data.* .gnu.linkonce.d.*)
 .data          0x0000000000231a20        0x0 /usr/lib/gcc/x86_64-linux-gnu/7/../../../x86_64-linux-gnu/crti.o
 .data          0x0000000000231a20        0x0 /usr/lib/gcc/x86_64-linux-gnu/7/crtbeginS.o
 .data.rel.local
                0x0000000000231a20        0x8 /usr/lib/gcc/x86_64-linux-gnu/7/crtbeginS.o
                0x0000000000231a20                __dso_handle
 .data          0x0000000000231a28        0x0 app-any-to-any.co
 *fill*         0x0000000000231a28       0x18 
 .data.rel.local
                0x0000000000231a40       0x20 app-any-to-any.co
                0x0000000000231a40                unicast_sender_process
 .data          0x0000000000231a60        0x0 obj_cooja/mtype29.o
 .data.rel      0x0000000000231a60       0xa0 obj_cooja/mtype29.o
                0x0000000000231a60                simInterfaces
                0x0000000000231ae0                sensors
 .data          0x0000000000231b00        0x0 obj_cooja/simple-energest.o
 .data.rel.local
                0x0000000000231b00       0x20 obj_cooja/simple-energest.o
                0x0000000000231b00                simple_energest_process
 .data          0x0000000000231b20        0x2 obj_cooja/rpl-tools.o
                0x0000000000231b20                rank
 .data          0x0000000000231b22        0x0 obj_cooja/utilities.o
 .data          0x0000000000231b22        0x0 obj_cooja/mtype29.a(simEnvChange.o)
 .data          0x0000000000231b22        0x0 obj_cooja/mtype29.a(cooja_mt.o)
 .data          0x0000000000231b22        0x0 obj_cooja/mtype29.a(cooja_mtarch.o)
 .data          0x0000000000231b22        0x0 obj_cooja/mtype29.a(rtimer-arch.o)
 .data          0x0000000000231b22        0x0 obj_cooja/mtype29.a(beep.o)
 .data          0x0000000000231b22        0x0 obj_cooja/mtype29.a(button-sensor.o)
 .data          0x0000000000231b22        0x0 obj_cooja/mtype29.a(leds-arch.o)
 .data          0x0000000000231b22        0x0 obj_cooja/mtype29.a(moteid.o)
 .data          0x0000000000231b22        0x0 obj_cooja/mtype29.a(pir-sensor.o)
 .data          0x0000000000231b22        0x0 obj_cooja/mtype29.a(rs232.o)
 .data          0x0000000000231b22        0x0 obj_cooja/mtype29.a(vib-sensor.o)
 .data          0x0000000000231b22        0x0 obj_cooja/mtype29.a(clock.o)
 .data          0x0000000000231b22        0x0 obj_cooja/mtype29.a(log.o)
 .data          0x0000000000231b22        0x0 obj_cooja/mtype29.a(cfs-cooja.o)
 *fill*         0x0000000000231b22        0x2 
 .data          0x0000000000231b24       0x1c obj_cooja/mtype29.a(cooja-radio.o)
                0x0000000000231b24                simRadioHWOn
                0x0000000000231b28                simSignalStrength
                0x0000000000231b2c                simLastSignalStrength
                0x0000000000231b30                simPower
                0x0000000000231b34                simRadioChannel
                0x0000000000231b38                simLQI
 .data.rel.local
                0x0000000000231b40       0x20 obj_cooja/mtype29.a(cooja-radio.o)
                0x0000000000231b40                cooja_radio_process
 .data          0x0000000000231b60        0x0 obj_cooja/mtype29.a(eeprom.o)
 .data          0x0000000000231b60        0x0 obj_cooja/mtype29.a(random.o)
 .data          0x0000000000231b60        0x0 obj_cooja/mtype29.a(sensors.o)
 .data.rel.local
                0x0000000000231b60       0x20 obj_cooja/mtype29.a(sensors.o)
                0x0000000000231b60                sensors_process
 .data          0x0000000000231b80        0x0 obj_cooja/mtype29.a(autostart.o)
 .data          0x0000000000231b80        0x0 obj_cooja/mtype29.a(ctimer.o)
 .data.rel.local
                0x0000000000231b80       0x40 obj_cooja/mtype29.a(ctimer.o)
                0x0000000000231ba0                ctimer_process
 .data          0x0000000000231bc0        0x0 obj_cooja/mtype29.a(energest.o)
 .data          0x0000000000231bc0        0x0 obj_cooja/mtype29.a(etimer.o)
 .data.rel.local
                0x0000000000231bc0       0x20 obj_cooja/mtype29.a(etimer.o)
                0x0000000000231bc0                etimer_process
 .data          0x0000000000231be0        0x0 obj_cooja/mtype29.a(process.o)
 .data          0x0000000000231be0        0x0 obj_cooja/mtype29.a(rtimer.o)
 .data          0x0000000000231be0        0x0 obj_cooja/mtype29.a(timer.o)
 .data          0x0000000000231be0        0x0 obj_cooja/mtype29.a(serial-line.o)
 .data.rel.local
                0x0000000000231be0       0x20 obj_cooja/mtype29.a(serial-line.o)
                0x0000000000231be0                serial_line_process
 .data          0x0000000000231c00        0x0 obj_cooja/mtype29.a(list.o)
 .data          0x0000000000231c00        0x0 obj_cooja/mtype29.a(ringbuf.o)
 .data          0x0000000000231c00        0x0 obj_cooja/mtype29.a(uip-ds6.o)
 .data          0x0000000000231c00        0x0 obj_cooja/mtype29.a(uip-ds6-route.o)
 .data.rel.local
                0x0000000000231c00       0x80 obj_cooja/mtype29.a(uip-ds6-route.o)
                0x0000000000231c18                nbr_routes
 .data          0x0000000000231c80        0x0 obj_cooja/mtype29.a(uip6.o)
 .data          0x0000000000231c80        0x0 obj_cooja/mtype29.a(uip-ds6-nbr.o)
 .data.rel.local
                0x0000000000231c80       0x20 obj_cooja/mtype29.a(uip-ds6-nbr.o)
                0x0000000000231c98                ds6_neighbors
 .data          0x0000000000231ca0        0x0 obj_cooja/mtype29.a(uip-nd6.o)
 .data.rel.local
                0x0000000000231ca0       0x38 obj_cooja/mtype29.a(uip-nd6.o)
 .data          0x0000000000231cd8        0x0 obj_cooja/mtype29.a(sicslowpan.o)
 .data          0x0000000000231cd8        0x0 obj_cooja/mtype29.a(uip-packetqueue)
 *fill*         0x0000000000231cd8        0x8 
 .data.rel.local
                0x0000000000231ce0       0x18 obj_cooja/mtype29.a(uip-packetqueue)
 .data          0x0000000000231cf8        0x0 obj_cooja/mtype29.a(tcpip.o)
 *fill*         0x0000000000231cf8        0x8 
 .data.rel.local
                0x0000000000231d00       0x20 obj_cooja/mtype29.a(tcpip.o)
                0x0000000000231d00                tcpip_process
 .data          0x0000000000231d20        0x0 obj_cooja/mtype29.a(simple-udp.o)
 .data.rel.local
                0x0000000000231d20       0x20 obj_cooja/mtype29.a(simple-udp.o)
                0x0000000000231d20                simple_udp_process
 .data          0x0000000000231d40        0x0 obj_cooja/mtype29.a(uip-debug.o)
 .data          0x0000000000231d40        0x0 obj_cooja/mtype29.a(rpl-dag.o)
 .data.rel.local
                0x0000000000231d40       0x20 obj_cooja/mtype29.a(rpl-dag.o)
                0x0000000000231d58                rpl_parents
 .data          0x0000000000231d60        0x0 obj_cooja/mtype29.a(rpl-timers.o)
 .data          0x0000000000231d60        0x0 obj_cooja/mtype29.a(rpl-ext-header.)
 .data          0x0000000000231d60        0x0 obj_cooja/mtype29.a(rpl.o)
 .data          0x0000000000231d60        0x0 obj_cooja/mtype29.a(rpl-mrhof.o)
 .data.rel.local
                0x0000000000231d60       0x50 obj_cooja/mtype29.a(rpl-mrhof.o)
                0x0000000000231d60                rpl_mrhof
 .data          0x0000000000231db0        0x0 obj_cooja/mtype29.a(rpl-ns.o)
 .data.rel.local
                0x0000000000231db0       0x28 obj_cooja/mtype29.a(rpl-ns.o)
 .data          0x0000000000231dd8        0x1 obj_cooja/mtype29.a(rpl-icmp6.o)
 *fill*         0x0000000000231dd9        0x7 
 .data.rel.local
                0x0000000000231de0       0x78 obj_cooja/mtype29.a(rpl-icmp6.o)
 .data          0x0000000000231e58        0x0 obj_cooja/mtype29.a(queuebuf.o)
 *fill*         0x0000000000231e58        0x8 
 .data.rel.local
                0x0000000000231e60       0x38 obj_cooja/mtype29.a(queuebuf.o)
 .data          0x0000000000231e98        0x0 obj_cooja/mtype29.a(nbr-table.o)
 *fill*         0x0000000000231e98        0x8 
 .data.rel.local
                0x0000000000231ea0       0x20 obj_cooja/mtype29.a(nbr-table.o)
 .data          0x0000000000231ec0        0x0 obj_cooja/mtype29.a(packetbuf.o)
 .data.rel.local
                0x0000000000231ec0        0x8 obj_cooja/mtype29.a(packetbuf.o)
 .data          0x0000000000231ec8        0x0 obj_cooja/mtype29.a(netstack.o)
 .data          0x0000000000231ec8        0x0 obj_cooja/mtype29.a(linkaddr.o)
 .data          0x0000000000231ec8        0x0 obj_cooja/mtype29.a(link-stats.o)
 *fill*         0x0000000000231ec8        0x8 
 .data.rel.local
                0x0000000000231ed0       0x20 obj_cooja/mtype29.a(link-stats.o)
 .data          0x0000000000231ef0        0x0 obj_cooja/mtype29.a(framer-802154.o)
 .data          0x0000000000231ef0        0x2 obj_cooja/mtype29.a(frame802154.o)
 .data          0x0000000000231ef2        0x0 obj_cooja/mtype29.a(csma.o)
 *fill*         0x0000000000231ef2        0xe 
 .data.rel.local
                0x0000000000231f00       0x60 obj_cooja/mtype29.a(csma.o)
 .data          0x0000000000231f60        0x0 obj_cooja/mtype29.a(nullrdc.o)
 .data          0x0000000000231f60        0x0 obj_cooja/mtype29.a(nullsec.o)
 .data          0x0000000000231f60        0x0 obj_cooja/mtype29.a(watchdog.o)
 .data          0x0000000000231f60        0x0 obj_cooja/mtype29.a(rimestats.o)
 .data          0x0000000000231f60        0x0 obj_cooja/mtype29.a(stimer.o)
 .data          0x0000000000231f60        0x0 obj_cooja/mtype29.a(memb.o)
 .data          0x0000000000231f60        0x0 obj_cooja/mtype29.a(uip-icmp6.o)
 .data.rel.local
                0x0000000000231f60       0x48 obj_cooja/mtype29.a(uip-icmp6.o)
 .data          0x0000000000231fa8        0x0 obj_cooja/mtype29.a(uip-udp-packet.)
 .data          0x0000000000231fa8        0x0 obj_cooja/mtype29.a(hrpl.o)
 *fill*         0x0000000000231fa8        0x8 
 .data.rel.local
                0x0000000000231fb0       0x48 obj_cooja/mtype29.a(hrpl.o)
 .data          0x0000000000231ff8        0x0 obj_cooja/mtype29.a(rpl-nbr-policy.)
 .data          0x0000000000231ff8        0x0 obj_cooja/mtype29.a(mac-sequence.o)
 .data          0x0000000000231ff8        0x0 obj_cooja/mtype29.a(mac.o)
 .data          0x0000000000231ff8        0x0 /usr/lib/gcc/x86_64-linux-gnu/7/crtendS.o
 .data          0x0000000000231ff8        0x0 /usr/lib/gcc/x86_64-linux-gnu/7/../../../x86_64-linux-gnu/crtn.o

.tm_clone_table
                0x0000000000231ff8        0x0
 .tm_clone_table
                0x0000000000231ff8        0x0 /usr/lib/gcc/x86_64-linux-gnu/7/crtbeginS.o
 .tm_clone_table
                0x0000000000231ff8        0x0 /usr/lib/gcc/x86_64-linux-gnu/7/crtendS.o

.data1
 *(.data1)
                0x0000000000231ff8                _edata = .
                [!provide]                        PROVIDE (edata = .)
                0x0000000000231ff8                . = .
                0x0000000000231ff8                __bss_start = .

.bss            0x0000000000232000    0x1e330
 *(.dynbss)
 .dynbss        0x0000000000232000        0x0 /usr/lib/gcc/x86_64-linux-gnu/7/../../../x86_64-linux-gnu/crti.o
 *(.bss .bss.* .gnu.linkonce.b.*)
 .bss           0x0000000000232000        0x0 /usr/lib/gcc/x86_64-linux-gnu/7/../../../x86_64-linux-gnu/crti.o
 .bss           0x0000000000232000        0x1 /usr/lib/gcc/x86_64-linux-gnu/7/crtbeginS.o
 *fill*         0x0000000000232001       0x1f 
 .bss           0x0000000000232020       0xe0 app-any-to-any.co
 .bss           0x0000000000232100     0x4040 obj_cooja/mtype29.o
 .bss           0x0000000000236140       0x62 obj_cooja/simple-energest.o
                0x0000000000236140                packet_seen_count
                0x0000000000236144                sfd_decoded_count
 *fill*         0x00000000002361a2        0x2 
 .bss           0x00000000002361a4        0x8 obj_cooja/rpl-tools.o
                0x00000000002361a4                forwarder_set_size
                0x00000000002361a8                neighbor_set_size
 .bss           0x00000000002361ac        0x2 obj_cooja/utilities.o
                0x00000000002361ac                id
 .bss           0x00000000002361ae        0x1 obj_cooja/mtype29.a(simEnvChange.o)
                0x00000000002361ae                simDontFallAsleep
 *fill*         0x00000000002361af        0x1 
 .bss           0x00000000002361b0        0x8 obj_cooja/mtype29.a(cooja_mt.o)
 .bss           0x00000000002361b8        0x8 obj_cooja/mtype29.a(cooja_mtarch.o)
 .bss           0x00000000002361c0        0x0 obj_cooja/mtype29.a(rtimer-arch.o)
 .bss           0x00000000002361c0        0x0 obj_cooja/mtype29.a(beep.o)
 .bss           0x00000000002361c0       0x10 obj_cooja/mtype29.a(button-sensor.o)
 .bss           0x00000000002361d0        0x0 obj_cooja/mtype29.a(leds-arch.o)
 .bss           0x00000000002361d0        0x0 obj_cooja/mtype29.a(moteid.o)
 .bss           0x00000000002361d0        0x1 obj_cooja/mtype29.a(pir-sensor.o)
                0x00000000002361d0                simPirValue
 *fill*         0x00000000002361d1        0x7 
 .bss           0x00000000002361d8        0x8 obj_cooja/mtype29.a(rs232.o)
 .bss           0x00000000002361e0        0x1 obj_cooja/mtype29.a(vib-sensor.o)
                0x00000000002361e0                simVibValue
 .bss           0x00000000002361e1        0x0 obj_cooja/mtype29.a(clock.o)
 *fill*         0x00000000002361e1       0x1f 
 .bss           0x0000000000236200      0x420 obj_cooja/mtype29.a(log.o)
 .bss           0x0000000000236620      0xfc0 obj_cooja/mtype29.a(cfs-cooja.o)
                0x0000000000236620                simCFSData
                0x00000000002375c0                simCFSSize
                0x00000000002375c4                simCFSChanged
                0x00000000002375c8                simCFSRead
                0x00000000002375cc                simCFSWritten
 .bss           0x00000000002375e0       0x2c obj_cooja/mtype29.a(cooja-radio.o)
                0x00000000002375e0                simReceiving
                0x00000000002375e4                simInSize
                0x00000000002375e8                simLastPacketTimestamp
                0x00000000002375f0                simOutSize
 .bss           0x000000000023760c        0xc obj_cooja/mtype29.a(eeprom.o)
                0x000000000023760c                simEEPROMChanged
                0x0000000000237610                simEEPROMRead
                0x0000000000237614                simEEPROMWritten
 .bss           0x0000000000237618        0x0 obj_cooja/mtype29.a(random.o)
 .bss           0x0000000000237618        0xc obj_cooja/mtype29.a(sensors.o)
 .bss           0x0000000000237624        0x0 obj_cooja/mtype29.a(autostart.o)
 *fill*         0x0000000000237624        0x4 
 .bss           0x0000000000237628        0x9 obj_cooja/mtype29.a(ctimer.o)
 .bss           0x0000000000237631        0x0 obj_cooja/mtype29.a(energest.o)
 *fill*         0x0000000000237631        0x7 
 .bss           0x0000000000237638       0x10 obj_cooja/mtype29.a(etimer.o)
 *fill*         0x0000000000237648       0x18 
 .bss           0x0000000000237660      0x321 obj_cooja/mtype29.a(process.o)
                0x0000000000237660                process_list
                0x0000000000237668                process_current
 *fill*         0x0000000000237981        0x7 
 .bss           0x0000000000237988        0x8 obj_cooja/mtype29.a(rtimer.o)
 .bss           0x0000000000237990        0x0 obj_cooja/mtype29.a(timer.o)
 *fill*         0x0000000000237990       0x10 
 .bss           0x00000000002379a0      0x140 obj_cooja/mtype29.a(serial-line.o)
 .bss           0x0000000000237ae0        0x0 obj_cooja/mtype29.a(list.o)
 .bss           0x0000000000237ae0        0x0 obj_cooja/mtype29.a(ringbuf.o)
 .bss           0x0000000000237ae0       0x30 obj_cooja/mtype29.a(uip-ds6.o)
 *fill*         0x0000000000237b10       0x10 
 .bss           0x0000000000237b20     0x73a8 obj_cooja/mtype29.a(uip-ds6-route.o)
 .bss           0x000000000023eec8        0xa obj_cooja/mtype29.a(uip6.o)
                0x000000000023eec8                uip_ext_bitmap
                0x000000000023eec9                uip_ext_len
                0x000000000023eeca                uip_ext_opt_offset
 *fill*         0x000000000023eed2        0xe 
 .bss           0x000000000023eee0     0x5460 obj_cooja/mtype29.a(uip-ds6-nbr.o)
 .bss           0x0000000000244340       0x28 obj_cooja/mtype29.a(uip-nd6.o)
 *fill*         0x0000000000244368       0x18 
 .bss           0x0000000000244380      0x728 obj_cooja/mtype29.a(sicslowpan.o)
 *fill*         0x0000000000244aa8       0x18 
 .bss           0x0000000000244ac0      0xd50 obj_cooja/mtype29.a(uip-packetqueue)
 *fill*         0x0000000000245810       0x10 
 .bss           0x0000000000245820       0xb2 obj_cooja/mtype29.a(tcpip.o)
 *fill*         0x00000000002458d2        0xe 
 .bss           0x00000000002458e0      0x660 obj_cooja/mtype29.a(simple-udp.o)
 .bss           0x0000000000245f40        0x0 obj_cooja/mtype29.a(uip-debug.o)
 .bss           0x0000000000245f40     0x12c0 obj_cooja/mtype29.a(rpl-dag.o)
 .bss           0x0000000000247200       0x43 obj_cooja/mtype29.a(rpl-timers.o)
 .bss           0x0000000000247243        0x0 obj_cooja/mtype29.a(rpl-ext-header.)
 *fill*         0x0000000000247243        0x1 
 .bss           0x0000000000247244        0x4 obj_cooja/mtype29.a(rpl.o)
 .bss           0x0000000000247248        0x0 obj_cooja/mtype29.a(rpl-mrhof.o)
 *fill*         0x0000000000247248       0x18 
 .bss           0x0000000000247260      0x278 obj_cooja/mtype29.a(rpl-ns.o)
 .bss           0x00000000002474d8        0x0 obj_cooja/mtype29.a(rpl-icmp6.o)
 *fill*         0x00000000002474d8        0x8 
 .bss           0x00000000002474e0      0xbc0 obj_cooja/mtype29.a(queuebuf.o)
 .bss           0x00000000002480a0     0x16e8 obj_cooja/mtype29.a(nbr-table.o)
 *fill*         0x0000000000249788       0x18 
 .bss           0x00000000002497a0       0xa0 obj_cooja/mtype29.a(packetbuf.o)
 .bss           0x0000000000249840        0x0 obj_cooja/mtype29.a(netstack.o)
 .bss           0x0000000000249840        0x0 obj_cooja/mtype29.a(linkaddr.o)
 .bss           0x0000000000249840     0x1c20 obj_cooja/mtype29.a(link-stats.o)
 .bss           0x000000000024b460        0x2 obj_cooja/mtype29.a(framer-802154.o)
 .bss           0x000000000024b462        0x0 obj_cooja/mtype29.a(frame802154.o)
 *fill*         0x000000000024b462       0x1e 
 .bss           0x000000000024b480      0x42c obj_cooja/mtype29.a(csma.o)
 .bss           0x000000000024b8ac        0x0 obj_cooja/mtype29.a(nullrdc.o)
 .bss           0x000000000024b8ac        0x0 obj_cooja/mtype29.a(nullsec.o)
 .bss           0x000000000024b8ac        0x0 obj_cooja/mtype29.a(watchdog.o)
 .bss           0x000000000024b8ac        0x0 obj_cooja/mtype29.a(rimestats.o)
 .bss           0x000000000024b8ac        0x0 obj_cooja/mtype29.a(stimer.o)
 .bss           0x000000000024b8ac        0x0 obj_cooja/mtype29.a(memb.o)
 *fill*         0x000000000024b8ac        0x4 
 .bss           0x000000000024b8b0       0x20 obj_cooja/mtype29.a(uip-icmp6.o)
 .bss           0x000000000024b8d0        0x0 obj_cooja/mtype29.a(uip-udp-packet.)
 *fill*         0x000000000024b8d0       0x10 
 .bss           0x000000000024b8e0     0x2768 obj_cooja/mtype29.a(hrpl.o)
 *fill*         0x000000000024e048       0x18 
 .bss           0x000000000024e060       0x64 obj_cooja/mtype29.a(rpl-nbr-policy.)
 *fill*         0x000000000024e0c4       0x1c 
 .bss           0x000000000024e0e0      0x180 obj_cooja/mtype29.a(mac-sequence.o)
 .bss           0x000000000024e260        0x0 obj_cooja/mtype29.a(mac.o)
 .bss           0x000000000024e260        0x0 /usr/lib/gcc/x86_64-linux-gnu/7/crtendS.o
 .bss           0x000000000024e260        0x0 /usr/lib/gcc/x86_64-linux-gnu/7/../../../x86_64-linux-gnu/crtn.o
 *(COMMON)
 COMMON         0x000000000024e260        0x2 app-any-to-any.co
                0x000000000024e260                update_metric_count
 *fill*         0x000000000024e262        0x6 
 COMMON         0x000000000024e268        0xc obj_cooja/mtype29.o
                0x000000000024e268                referenceVar
                0x000000000024e270                sensors_flags
 *fill*         0x000000000024e274        0xc 
 COMMON         0x000000000024e280       0x30 obj_cooja/rpl-tools.o
                0x000000000024e280                my_ipaddr
                0x000000000024e290                curr_dio_interval
                0x000000000024e298                start_time
                0x000000000024e2a0                prefix
 COMMON         0x000000000024e2b0       0x10 obj_cooja/mtype29.a(simEnvChange.o)
                0x000000000024e2b0                simEtimerPending
                0x000000000024e2b4                simProcessRunValue
                0x000000000024e2b8                simEtimerNextExpirationTime
 COMMON         0x000000000024e2c0       0x18 obj_cooja/mtype29.a(rtimer-arch.o)
                0x000000000024e2c0                simRtimerPending
                0x000000000024e2c8                simRtimerCurrentTicks
                0x000000000024e2d0                simRtimerNextExpirationTime
 COMMON         0x000000000024e2d8        0x1 obj_cooja/mtype29.a(beep.o)
                0x000000000024e2d8                simBeeped
 COMMON         0x000000000024e2d9        0x3 obj_cooja/mtype29.a(button-sensor.o)
                0x000000000024e2d9                simButtonIsActive
                0x000000000024e2da                simButtonIsDown
                0x000000000024e2db                simButtonChanged
 COMMON         0x000000000024e2dc        0x1 obj_cooja/mtype29.a(leds-arch.o)
                0x000000000024e2dc                simLedsValue
 *fill*         0x000000000024e2dd        0x3 
 COMMON         0x000000000024e2e0        0xc obj_cooja/mtype29.a(moteid.o)
                0x000000000024e2e0                simRandomSeed
                0x000000000024e2e4                simMoteIDChanged
                0x000000000024e2e8                simMoteID
 COMMON         0x000000000024e2ec        0x2 obj_cooja/mtype29.a(pir-sensor.o)
                0x000000000024e2ec                simPirIsActive
                0x000000000024e2ed                simPirChanged
 *fill*         0x000000000024e2ee       0x12 
 COMMON         0x000000000024e300      0x820 obj_cooja/mtype29.a(rs232.o)
                0x000000000024e300                simSerialReceivingFlag
                0x000000000024e304                simSerialReceivingLength
                0x000000000024e320                simSerialReceivingData
 COMMON         0x000000000024eb20        0x2 obj_cooja/mtype29.a(vib-sensor.o)
                0x000000000024eb20                simVibChanged
                0x000000000024eb21                simVibIsActive
 *fill*         0x000000000024eb22        0x6 
 COMMON         0x000000000024eb28        0x8 obj_cooja/mtype29.a(clock.o)
                0x000000000024eb28                simCurrentTime
 *fill*         0x000000000024eb30       0x10 
 COMMON         0x000000000024eb40      0x420 obj_cooja/mtype29.a(log.o)
                0x000000000024eb40                simLoggedLength
                0x000000000024eb44                simLoggedFlag
                0x000000000024eb60                simLoggedData
 COMMON         0x000000000024ef60      0x100 obj_cooja/mtype29.a(cooja-radio.o)
                0x000000000024ef60                simOutDataBuffer
                0x000000000024efe0                simInDataBuffer
 COMMON         0x000000000024f060      0x400 obj_cooja/mtype29.a(eeprom.o)
                0x000000000024f060                simEEPROMData
 COMMON         0x000000000024f460        0x1 obj_cooja/mtype29.a(sensors.o)
                0x000000000024f460                sensors_event
 COMMON         0x000000000024f461        0x1 obj_cooja/mtype29.a(serial-line.o)
                0x000000000024f461                serial_line_event_message
 *fill*         0x000000000024f462       0x1e 
 COMMON         0x000000000024f480      0x1c1 obj_cooja/mtype29.a(uip-ds6.o)
                0x000000000024f480                uip_ds6_prefix_list
                0x000000000024f4e0                uip_ds6_timer_periodic
                0x000000000024f500                uip_ds6_netif_addr_list_offset
                0x000000000024f520                uip_ds6_if
                0x000000000024f630                uip_ds6_timer_ra
                0x000000000024f640                uip_ds6_addr_size
 *fill*         0x000000000024f641       0x1f 
 COMMON         0x000000000024f660      0x978 obj_cooja/mtype29.a(uip6.o)
                0x000000000024f660                uip_slen
                0x000000000024f662                uip_acc32
                0x000000000024f680                uip_conns
                0x000000000024f760                uip_lladdr
                0x000000000024f768                uip_appdata
                0x000000000024f770                uip_flags
                0x000000000024f780                uip_aligned_buf
                0x000000000024fdc0                uip_listenports
                0x000000000024fdd0                uip_len
                0x000000000024fdd8                uip_sappdata
                0x000000000024fde0                uip_udp_conns
                0x000000000024ffc0                uip_udp_conn
                0x000000000024ffc8                uip_next_hdr
                0x000000000024ffd0                uip_conn
 COMMON         0x000000000024ffd8        0x1 obj_cooja/mtype29.a(tcpip.o)
                0x000000000024ffd8                tcpip_event
 *fill*         0x000000000024ffd9        0x7 
 COMMON         0x000000000024ffe0      0x240 obj_cooja/mtype29.a(rpl-dag.o)
                0x000000000024ffe0                default_instance
                0x0000000000250000                instance_table
 COMMON         0x0000000000250220       0x30 obj_cooja/mtype29.a(packetbuf.o)
                0x0000000000250220                packetbuf_attrs
                0x0000000000250240                packetbuf_addrs
 COMMON         0x0000000000250250        0x8 obj_cooja/mtype29.a(linkaddr.o)
                0x0000000000250250                linkaddr_node_addr
 *fill*         0x0000000000250258        0x8 
 COMMON         0x0000000000250260       0x40 obj_cooja/mtype29.a(link-stats.o)
                0x0000000000250260                periodic_timer
 COMMON         0x00000000002502a0       0x90 obj_cooja/mtype29.a(rimestats.o)
                0x00000000002502a0                rimestats
                0x0000000000250330                . = ALIGN ((. != 0x0)?0x8:0x1)

.lbss
 *(.dynlbss)
 *(.lbss .lbss.* .gnu.linkonce.lb.*)
 *(LARGE_COMMON)
                0x0000000000250330                . = ALIGN (0x8)
                0x0000000000250330                . = SEGMENT_START ("ldata-segment", .)

.lrodata
 *(.lrodata .lrodata.* .gnu.linkonce.lr.*)

.ldata          0x0000000000650330        0x0
 *(.ldata .ldata.* .gnu.linkonce.l.*)
                0x0000000000650330                . = ALIGN ((. != 0x0)?0x8:0x1)
                0x0000000000650330                . = ALIGN (0x8)
                0x0000000000650330                _end = .
                [!provide]                        PROVIDE (end = .)
                0x0000000000650330                . = DATA_SEGMENT_END (.)

.stab
 *(.stab)

.stabstr
 *(.stabstr)

.stab.excl
 *(.stab.excl)

.stab.exclstr
 *(.stab.exclstr)

.stab.index
 *(.stab.index)

.stab.indexstr
 *(.stab.indexstr)

.comment        0x0000000000000000       0x2a
 *(.comment)
 .comment       0x0000000000000000       0x2a /usr/lib/gcc/x86_64-linux-gnu/7/crtbeginS.o
                                         0x2b (size before relaxing)
 .comment       0x000000000000002a       0x2b app-any-to-any.co
 .comment       0x000000000000002a       0x2b obj_cooja/mtype29.o
 .comment       0x000000000000002a       0x2b obj_cooja/simple-energest.o
 .comment       0x000000000000002a       0x2b obj_cooja/rpl-tools.o
 .comment       0x000000000000002a       0x2b obj_cooja/utilities.o
 .comment       0x000000000000002a       0x2b obj_cooja/mtype29.a(simEnvChange.o)
 .comment       0x000000000000002a       0x2b obj_cooja/mtype29.a(cooja_mt.o)
 .comment       0x000000000000002a       0x2b obj_cooja/mtype29.a(cooja_mtarch.o)
 .comment       0x000000000000002a       0x2b obj_cooja/mtype29.a(rtimer-arch.o)
 .comment       0x000000000000002a       0x2b obj_cooja/mtype29.a(beep.o)
 .comment       0x000000000000002a       0x2b obj_cooja/mtype29.a(button-sensor.o)
 .comment       0x000000000000002a       0x2b obj_cooja/mtype29.a(leds-arch.o)
 .comment       0x000000000000002a       0x2b obj_cooja/mtype29.a(moteid.o)
 .comment       0x000000000000002a       0x2b obj_cooja/mtype29.a(pir-sensor.o)
 .comment       0x000000000000002a       0x2b obj_cooja/mtype29.a(rs232.o)
 .comment       0x000000000000002a       0x2b obj_cooja/mtype29.a(vib-sensor.o)
 .comment       0x000000000000002a       0x2b obj_cooja/mtype29.a(clock.o)
 .comment       0x000000000000002a       0x2b obj_cooja/mtype29.a(log.o)
 .comment       0x000000000000002a       0x2b obj_cooja/mtype29.a(cfs-cooja.o)
 .comment       0x000000000000002a       0x2b obj_cooja/mtype29.a(cooja-radio.o)
 .comment       0x000000000000002a       0x2b obj_cooja/mtype29.a(eeprom.o)
 .comment       0x000000000000002a       0x2b obj_cooja/mtype29.a(random.o)
 .comment       0x000000000000002a       0x2b obj_cooja/mtype29.a(sensors.o)
 .comment       0x000000000000002a       0x2b obj_cooja/mtype29.a(autostart.o)
 .comment       0x000000000000002a       0x2b obj_cooja/mtype29.a(ctimer.o)
 .comment       0x000000000000002a       0x2b obj_cooja/mtype29.a(energest.o)
 .comment       0x000000000000002a       0x2b obj_cooja/mtype29.a(etimer.o)
 .comment       0x000000000000002a       0x2b obj_cooja/mtype29.a(process.o)
 .comment       0x000000000000002a       0x2b obj_cooja/mtype29.a(rtimer.o)
 .comment       0x000000000000002a       0x2b obj_cooja/mtype29.a(timer.o)
 .comment       0x000000000000002a       0x2b obj_cooja/mtype29.a(serial-line.o)
 .comment       0x000000000000002a       0x2b obj_cooja/mtype29.a(list.o)
 .comment       0x000000000000002a       0x2b obj_cooja/mtype29.a(ringbuf.o)
 .comment       0x000000000000002a       0x2b obj_cooja/mtype29.a(uip-ds6.o)
 .comment       0x000000000000002a       0x2b obj_cooja/mtype29.a(uip-ds6-route.o)
 .comment       0x000000000000002a       0x2b obj_cooja/mtype29.a(uip6.o)
 .comment       0x000000000000002a       0x2b obj_cooja/mtype29.a(uip-ds6-nbr.o)
 .comment       0x000000000000002a       0x2b obj_cooja/mtype29.a(uip-nd6.o)
 .comment       0x000000000000002a       0x2b obj_cooja/mtype29.a(sicslowpan.o)
 .comment       0x000000000000002a       0x2b obj_cooja/mtype29.a(uip-packetqueue)
 .comment       0x000000000000002a       0x2b obj_cooja/mtype29.a(tcpip.o)
 .comment       0x000000000000002a       0x2b obj_cooja/mtype29.a(simple-udp.o)
 .comment       0x000000000000002a       0x2b obj_cooja/mtype29.a(uip-debug.o)
 .comment       0x000000000000002a       0x2b obj_cooja/mtype29.a(rpl-dag.o)
 .comment       0x000000000000002a       0x2b obj_cooja/mtype29.a(rpl-timers.o)
 .comment       0x000000000000002a       0x2b obj_cooja/mtype29.a(rpl-ext-header.)
 .comment       0x000000000000002a       0x2b obj_cooja/mtype29.a(rpl.o)
 .comment       0x000000000000002a       0x2b obj_cooja/mtype29.a(rpl-mrhof.o)